Copyright 1986-2018 Xilinx, Inc. All Rights Reserved.
------------------------------------------------------------------------------------------------------------------------------------------------------------------------------------------------------------
| Tool Version : Vivado v.2018.3 (lin64) Build 2405991 Thu Dec  6 23:36:41 MST 2018
| Date         : Wed Jan 12 21:16:58 2022
| Host         : koopa.ece.utexas.edu running 64-bit CentOS Linux release 7.9.2009 (Core)
| Command      : report_timing -sort_by group -max_paths 100 -path_type summary -file /misc/scratch/zwei1/reports_Jan12/raw_designs/opencores/arithmetic/pairing_submodules/f33m_mult/post_route_timing.rpt
| Design       : f33m_mult
| Device       : 7z020-clg484
| Speed File   : -3  PRODUCTION 1.11 2014-09-11
------------------------------------------------------------------------------------------------------------------------------------------------------------------------------------------------------------

Timing Report

Startpoint                     Endpoint                       Slack(ns)     
----------------------------------------------------------------------------
mult_reset_reg/C               ins3/x_reg[139]/D              2.393         
mult_reset_reg/C               ins3/y_reg[20]/D               2.405         
mult_reset_reg/C               ins3/x_reg[130]/D              2.406         
mult_reset_reg/C               ins3/x_reg[136]/D              2.526         
mult_reset_reg/C               ins3/x_reg[129]/D              2.543         
mult_reset_reg/C               ins3/x_reg[137]/D              2.547         
mult_reset_reg/C               ins3/z_reg[132]/R              2.576         
mult_reset_reg/C               ins3/z_reg[133]/R              2.576         
mult_reset_reg/C               ins3/x_reg[132]/D              2.617         
mult_reset_reg/C               ins3/x_reg[128]/D              2.642         
mult_reset_reg/C               ins3/z_reg[0]/R                2.646         
mult_reset_reg/C               ins3/z_reg[1]/R                2.646         
mult_reset_reg/C               ins3/x_reg[22]/D               2.666         
mult_reset_reg/C               ins3/y_reg[21]/D               2.682         
mult_reset_reg/C               ins3/z_reg[130]/R              2.687         
mult_reset_reg/C               ins3/z_reg[131]/R              2.687         
mult_reset_reg/C               ins3/x_reg[21]/D               2.724         
mult_reset_reg/C               ins3/y_reg[3]/D                2.743         
mult_reset_reg/C               ins3/y_reg[26]/D               2.831         
mult_reset_reg/C               ins3/x_reg[193]/D              2.861         
mult_reset_reg/C               ins3/y_reg[15]/D               2.874         
mult_reset_reg/C               ins3/x_reg[133]/D              2.900         
mult_reset_reg/C               ins3/x_reg[186]/D              2.911         
mult_reset_reg/C               ins3/x_reg[187]/D              2.972         
mult_reset_reg/C               ins3/x_reg[175]/D              3.056         
mult_reset_reg/C               ins3/x_reg[167]/D              3.069         
mult_reset_reg/C               ins3/z_reg[138]/R              3.074         
mult_reset_reg/C               ins3/z_reg[139]/R              3.074         
mult_reset_reg/C               ins3/z_reg[38]/R               3.074         
mult_reset_reg/C               ins3/z_reg[39]/R               3.074         
mult_reset_reg/C               ins3/y_reg[44]/D               3.118         
mult_reset_reg/C               ins3/z_reg[182]/R              3.131         
mult_reset_reg/C               ins3/z_reg[183]/R              3.131         
mult_reset_reg/C               ins3/z_reg[184]/R              3.131         
mult_reset_reg/C               ins3/z_reg[185]/R              3.131         
mult_reset_reg/C               ins3/z_reg[164]/R              3.155         
mult_reset_reg/C               ins3/z_reg[165]/R              3.155         
mult_reset_reg/C               ins3/z_reg[166]/R              3.155         
mult_reset_reg/C               ins3/z_reg[167]/R              3.155         
mult_reset_reg/C               ins3/z_reg[160]/R              3.159         
mult_reset_reg/C               ins3/z_reg[161]/R              3.159         
mult_reset_reg/C               ins3/z_reg[162]/R              3.159         
mult_reset_reg/C               ins3/z_reg[163]/R              3.159         
mult_reset_reg/C               ins3/y_reg[27]/D               3.162         
mult_reset_reg/C               ins3/y_reg[9]/D                3.193         
mult_reset_reg/C               ins3/x_reg[166]/D              3.197         
mult_reset_reg/C               ins3/x_reg[138]/D              3.207         
mult_reset_reg/C               ins3/z_reg[88]/R               3.229         
mult_reset_reg/C               ins3/z_reg[89]/R               3.229         
K_reg[5]/C                     ins3/x_reg[18]/D               3.242         
K_reg[5]/C                     ins3/x_reg[19]/D               3.262         
mult_reset_reg/C               ins3/x_reg[94]/D               3.276         
mult_reset_reg/C               ins3/z_reg[172]/R              3.287         
mult_reset_reg/C               ins3/z_reg[173]/R              3.287         
mult_reset_reg/C               ins3/z_reg[174]/R              3.287         
mult_reset_reg/C               ins3/z_reg[175]/R              3.287         
mult_reset_reg/C               ins3/z_reg[168]/R              3.300         
mult_reset_reg/C               ins3/z_reg[169]/R              3.300         
mult_reset_reg/C               ins3/x_reg[162]/D              3.328         
mult_reset_reg/C               ins3/x_reg[169]/D              3.336         
K_reg[5]/C                     x1_reg[5]/CE                   3.363         
K_reg[5]/C                     x1_reg[7]/CE                   3.363         
K_reg[5]/C                     x1_reg[8]/CE                   3.363         
K_reg[5]/C                     x1_reg[9]/CE                   3.363         
K_reg[3]/C                     ins3/x_reg[37]/D               3.368         
mult_reset_reg/C               ins3/x_reg[163]/D              3.371         
mult_reset_reg/C               ins3/x_reg[88]/D               3.383         
mult_reset_reg/C               ins3/x_reg[176]/D              3.386         
K_reg[3]/C                     ins3/x_reg[9]/D                3.387         
mult_reset_reg/C               ins3/x_reg[183]/D              3.395         
mult_reset_reg/C               ins3/x_reg[171]/D              3.411         
mult_reset_reg/C               ins3/y_reg[8]/D                3.423         
K_reg[4]/C                     ins3/x_reg[7]/D                3.453         
K_reg[5]/C                     x1_reg[18]/CE                  3.467         
K_reg[5]/C                     x1_reg[19]/CE                  3.467         
K_reg[5]/C                     x1_reg[20]/CE                  3.467         
K_reg[5]/C                     x1_reg[21]/CE                  3.467         
K_reg[5]/C                     x1_reg[4]/CE                   3.467         
K_reg[5]/C                     x1_reg[6]/CE                   3.467         
mult_reset_reg/C               ins3/x_reg[177]/D              3.478         
mult_reset_reg/C               ins3/x_reg[173]/D              3.480         
mult_reset_reg/C               ins3/x_reg[164]/D              3.485         
mult_reset_reg/C               ins3/z_reg[170]/R              3.488         
mult_reset_reg/C               ins3/z_reg[171]/R              3.488         
K_reg[3]/C                     x3_reg[24]/CE                  3.490         
K_reg[3]/C                     x3_reg[25]/CE                  3.490         
mult_reset_reg/C               ins3/x_reg[182]/D              3.491         
mult_reset_reg/C               ins3/x_reg[89]/D               3.506         
K_reg[4]/C                     ins3/x_reg[3]/D                3.526         
K_reg[5]/C                     ins3/x_reg[1]/D                3.536         
K_reg[3]/C                     ins3/x_reg[8]/D                3.593         
mult_reset_reg/C               ins3/x_reg[184]/D              3.607         
mult_reset_reg/C               ins3/x_reg[161]/D              3.610         
mult_reset_reg/C               ins3/z_reg[176]/R              3.615         
mult_reset_reg/C               ins3/z_reg[177]/R              3.615         
mult_reset_reg/C               ins3/x_reg[14]/D               3.620         
mult_reset_reg/C               ins3/x_reg[181]/D              3.625         
mult_reset_reg/C               ins3/y_reg[69]/D               3.640         
mult_reset_reg/C               ins3/z_reg[156]/R              3.649         
mult_reset_reg/C               ins3/z_reg[157]/R              3.649         



