Copyright 1986-2018 Xilinx, Inc. All Rights Reserved.
------------------------------------------------------------------------------------------------------------------------------------------------------------------------------------------------------------------
| Tool Version : Vivado v.2018.3 (lin64) Build 2405991 Thu Dec  6 23:36:41 MST 2018
| Date         : Wed Jan 12 22:00:05 2022
| Host         : koopa.ece.utexas.edu running 64-bit CentOS Linux release 7.9.2009 (Core)
| Command      : report_timing -sort_by group -max_paths 100 -path_type summary -file /misc/scratch/zwei1/reports_Jan12/raw_designs/vtr_designs/verilog/arm_core_submodules/a25_coprocessor/post_route_timing.rpt
| Design       : a25_coprocessor
| Device       : 7z020-clg484
| Speed File   : -3  PRODUCTION 1.11 2014-09-11
------------------------------------------------------------------------------------------------------------------------------------------------------------------------------------------------------------------

Timing Report

Startpoint                     Endpoint                       Slack(ns)     
----------------------------------------------------------------------------
updateable_area_reg[31]/C      o_copro_read_data_reg[31]/D    7.841         
disruptive_area_reg[25]/C      o_copro_read_data_reg[25]/D    7.856         
disruptive_area_reg[2]/C       o_copro_read_data_reg[2]/D     7.869         
updateable_area_reg[5]/C       o_copro_read_data_reg[5]/D     7.912         
fault_address_reg[26]/C        o_copro_read_data_reg[26]/D    8.025         
disruptive_area_reg[11]/C      o_copro_read_data_reg[11]/D    8.035         
fault_status_reg[4]/C          o_copro_read_data_reg[4]/D     8.041         
updateable_area_reg[6]/C       o_copro_read_data_reg[6]/D     8.041         
updateable_area_reg[19]/C      o_copro_read_data_reg[19]/D    8.075         
updateable_area_reg[9]/C       o_copro_read_data_reg[9]/D     8.088         
fault_address_reg[3]/C         o_copro_read_data_reg[3]/D     8.101         
fault_status_reg[7]/C          o_copro_read_data_reg[7]/D     8.111         
fault_address_reg[21]/C        o_copro_read_data_reg[21]/D    8.121         
fault_address_reg[8]/C         o_copro_read_data_reg[8]/D     8.151         
updateable_area_reg[20]/C      o_copro_read_data_reg[20]/D    8.183         
disruptive_area_reg[22]/C      o_copro_read_data_reg[22]/D    8.186         
disruptive_area_reg[24]/C      o_copro_read_data_reg[24]/D    8.202         
fault_address_reg[14]/C        o_copro_read_data_reg[14]/D    8.211         
updateable_area_reg[28]/C      o_copro_read_data_reg[28]/D    8.211         
fault_address_reg[27]/C        o_copro_read_data_reg[27]/D    8.238         
updateable_area_reg[17]/C      o_copro_read_data_reg[17]/D    8.253         
disruptive_area_reg[23]/C      o_copro_read_data_reg[23]/D    8.300         
updateable_area_reg[15]/C      o_copro_read_data_reg[15]/D    8.332         
fault_address_reg[0]/C         o_copro_read_data_reg[0]/D     8.344         
updateable_area_reg[16]/C      o_copro_read_data_reg[16]/D    8.365         
disruptive_area_reg[30]/C      o_copro_read_data_reg[30]/D    8.385         
disruptive_area_reg[18]/C      o_copro_read_data_reg[18]/D    8.389         
disruptive_area_reg[13]/C      o_copro_read_data_reg[13]/D    8.396         
fault_address_reg[10]/C        o_copro_read_data_reg[10]/D    8.413         
disruptive_area_reg[12]/C      o_copro_read_data_reg[12]/D    8.427         
disruptive_area_reg[1]/C       o_copro_read_data_reg[1]/D     8.511         
updateable_area_reg[29]/C      o_copro_read_data_reg[29]/D    8.528         
cache_control_reg[0]/C         cache_control_reg[0]/D         9.013         
cache_control_reg[1]/C         cache_control_reg[1]/D         9.062         
cache_control_reg[2]/C         cache_control_reg[2]/D         9.062         



