Copyright 1986-2018 Xilinx, Inc. All Rights Reserved.
---------------------------------------------------------------------------------------------------------------------------------------------------------------------------------------------------------------------------------------------------
| Tool Version : Vivado v.2018.3 (lin64) Build 2405991 Thu Dec  6 23:36:41 MST 2018
| Date         : Wed Jan 12 23:14:42 2022
| Host         : koopa.ece.utexas.edu running 64-bit CentOS Linux release 7.9.2009 (Core)
| Command      : report_timing -sort_by group -max_paths 100 -path_type summary -file /misc/scratch/zwei1/reports_Jan12/raw_designs/vtr_designs/verilog/koios/clstm_like.large_submodules/stage3_X_Y_buffer_18_16_3_10_32_64/post_route_timing.rpt
| Design       : stage3_X_Y_buffer_18_16_3_10_32_64
| Device       : 7z020-clg484
| Speed File   : -3  PRODUCTION 1.11 2014-09-11
---------------------------------------------------------------------------------------------------------------------------------------------------------------------------------------------------------------------------------------------------

Timing Report

Startpoint                     Endpoint                       Slack(ns)     
----------------------------------------------------------------------------
counter_41_1_32_inst/count_reg[12]/C
                               ram_288_0_42_inst/u_dual_port_ram/ram_reg_0/DIADI[24]
                                                              5.064         
counter_41_1_32_inst/count_reg[12]/C
                               ram_288_0_42_inst/u_dual_port_ram/ram_reg_0/DIBDI[14]
                                                              5.080         
counter_41_1_32_inst/count_reg[12]/C
                               ram_288_0_42_inst/u_dual_port_ram/ram_reg_0/DIADI[26]
                                                              5.147         
counter_41_1_32_inst/count_reg[12]/C
                               ram_288_0_42_inst/u_dual_port_ram/ram_reg_0/DIBDI[12]
                                                              5.168         
counter_41_1_32_inst/count_reg[12]/C
                               ram_288_0_42_inst/u_dual_port_ram/ram_reg_0/DIPADIP[1]
                                                              5.196         
counter_41_1_32_inst/count_reg[12]/C
                               ram_288_0_42_inst/u_dual_port_ram/ram_reg_0/DIBDI[16]
                                                              5.203         
counter_41_1_32_inst/count_reg[12]/C
                               ram_288_0_42_inst/u_dual_port_ram/ram_reg_0/DIBDI[20]
                                                              5.359         
counter_41_1_32_inst/count_reg[12]/C
                               ram_288_0_42_inst/u_dual_port_ram/ram_reg_0/DIADI[28]
                                                              5.370         
counter_41_1_32_inst/count_reg[12]/C
                               ram_288_0_42_inst/u_dual_port_ram/ram_reg_0/DIPBDIP[1]
                                                              5.370         
counter_41_1_32_inst/count_reg[12]/C
                               ram_288_0_42_inst/u_dual_port_ram/ram_reg_0/DIPADIP[2]
                                                              5.374         
counter_41_1_32_inst/count_reg[12]/C
                               ram_288_0_42_inst/u_dual_port_ram/ram_reg_0/DIBDI[4]
                                                              5.380         
counter_41_1_32_inst/count_reg[12]/C
                               ram_288_0_42_inst/u_dual_port_ram/ram_reg_0/DIADI[22]
                                                              5.381         
counter_41_1_32_inst/count_reg[12]/C
                               ram_288_0_42_inst/u_dual_port_ram/ram_reg_2/DIADI[1]
                                                              5.418         
counter_41_1_32_inst/count_reg[12]/C
                               ram_288_0_42_inst/u_dual_port_ram/ram_reg_0/DIBDI[13]
                                                              5.440         
counter_41_1_32_inst/count_reg[12]/C
                               ram_288_0_42_inst/u_dual_port_ram/ram_reg_0/DIBDI[1]
                                                              5.451         
counter_41_1_32_inst/count_reg[12]/C
                               ram_288_0_42_inst/u_dual_port_ram/ram_reg_0/DIBDI[18]
                                                              5.471         
counter_41_1_32_inst/count_reg[12]/C
                               ram_288_0_42_inst/u_dual_port_ram/ram_reg_0/DIBDI[3]
                                                              5.472         
counter_41_1_32_inst/count_reg[12]/C
                               ram_288_0_42_inst/u_dual_port_ram/ram_reg_0/DIADI[2]
                                                              5.473         
counter_41_1_32_inst/count_reg[12]/C
                               ram_288_0_42_inst/u_dual_port_ram/ram_reg_0/DIADI[18]
                                                              5.475         
counter_41_1_32_inst/count_reg[12]/C
                               ram_288_0_42_inst/u_dual_port_ram/ram_reg_0/DIBDI[28]
                                                              5.477         
counter_41_1_32_inst/count_reg[12]/C
                               ram_288_0_42_inst/u_dual_port_ram/ram_reg_0/DIADI[4]
                                                              5.477         
counter_41_1_32_inst/count_reg[12]/C
                               ram_288_0_42_inst/u_dual_port_ram/ram_reg_0/DIADI[17]
                                                              5.477         
counter_41_1_32_inst/count_reg[12]/C
                               ram_288_0_42_inst/u_dual_port_ram/ram_reg_2/DIADI[20]
                                                              5.486         
counter_41_1_32_inst/count_reg[12]/C
                               ram_288_0_42_inst/u_dual_port_ram/ram_reg_0/DIBDI[8]
                                                              5.497         
counter_41_1_32_inst/count_reg[12]/C
                               ram_288_0_42_inst/u_dual_port_ram/ram_reg_1/DIBDI[13]
                                                              5.498         
counter_41_1_32_inst/count_reg[12]/C
                               ram_288_0_42_inst/u_dual_port_ram/ram_reg_2/DIBDI[2]
                                                              5.499         
counter_41_1_32_inst/count_reg[12]/C
                               ram_288_0_42_inst/u_dual_port_ram/ram_reg_2/DIADI[6]
                                                              5.501         
counter_41_1_32_inst/count_reg[12]/C
                               ram_288_0_42_inst/u_dual_port_ram/ram_reg_0/DIBDI[25]
                                                              5.502         
counter_41_1_32_inst/count_reg[12]/C
                               ram_288_0_42_inst/u_dual_port_ram/ram_reg_3/ENBWREN
                                                              5.509         
counter_41_1_32_inst/count_reg[12]/C
                               ram_288_0_42_inst/u_dual_port_ram/ram_reg_2/DIADI[0]
                                                              5.516         
counter_41_1_32_inst/count_reg[12]/C
                               ram_288_0_42_inst/u_dual_port_ram/ram_reg_0/DIPADIP[0]
                                                              5.527         
counter_41_1_32_inst/count_reg[12]/C
                               ram_288_0_42_inst/u_dual_port_ram/ram_reg_0/DIADI[14]
                                                              5.543         
counter_41_1_32_inst/count_reg[2]/C
                               counter_41_1_32_inst/count_reg[1]/R
                                                              5.545         
counter_41_1_32_inst/count_reg[12]/C
                               ram_288_0_42_inst/u_dual_port_ram/ram_reg_2/DIADI[12]
                                                              5.560         
counter_41_1_32_inst/count_reg[12]/C
                               ram_288_0_42_inst/u_dual_port_ram/ram_reg_2/DIADI[2]
                                                              5.564         
counter_41_1_32_inst/count_reg[12]/C
                               ram_288_0_42_inst/u_dual_port_ram/ram_reg_0/DIBDI[26]
                                                              5.574         
counter_41_1_32_inst/count_reg[12]/C
                               ram_288_0_42_inst/u_dual_port_ram/ram_reg_0/DIADI[29]
                                                              5.590         
counter_41_1_32_inst/count_reg[12]/C
                               ram_288_0_42_inst/u_dual_port_ram/ram_reg_2/DIBDI[4]
                                                              5.592         
counter_41_1_32_inst/count_reg[12]/C
                               ram_288_0_42_inst/u_dual_port_ram/ram_reg_2/DIADI[22]
                                                              5.597         
counter_41_1_32_inst/count_reg[12]/C
                               ram_288_0_42_inst/u_dual_port_ram/ram_reg_0/DIADI[8]
                                                              5.609         
counter_41_1_32_inst/count_reg[12]/C
                               ram_288_0_42_inst/u_dual_port_ram/ram_reg_2/DIADI[4]
                                                              5.609         
counter_41_1_32_inst/count_reg[12]/C
                               ram_288_0_42_inst/u_dual_port_ram/ram_reg_2/DIADI[18]
                                                              5.612         
counter_41_1_32_inst/count_reg[12]/C
                               ram_288_0_42_inst/u_dual_port_ram/ram_reg_0/DIADI[6]
                                                              5.634         
counter_41_1_32_inst/count_reg[12]/C
                               ram_288_0_42_inst/u_dual_port_ram/ram_reg_0/DIBDI[31]
                                                              5.635         
counter_41_1_32_inst/count_reg[12]/C
                               ram_288_0_42_inst/u_dual_port_ram/ram_reg_0/DIBDI[0]
                                                              5.636         
counter_41_1_32_inst/count_reg[12]/C
                               ram_288_0_42_inst/u_dual_port_ram/ram_reg_0/DIBDI[22]
                                                              5.638         
counter_41_1_32_inst/count_reg[12]/C
                               ram_288_0_42_inst/u_dual_port_ram/ram_reg_0/DIBDI[17]
                                                              5.638         
counter_41_1_32_inst/count_reg[12]/C
                               ram_288_0_42_inst/u_dual_port_ram/ram_reg_0/DIBDI[30]
                                                              5.640         
counter_41_1_32_inst/count_reg[2]/C
                               counter_41_1_32_inst/count_reg[13]/R
                                                              5.642         
counter_41_1_32_inst/count_reg[12]/C
                               ram_288_0_42_inst/u_dual_port_ram/ram_reg_0/DIADI[10]
                                                              5.645         
counter_41_1_32_inst/count_reg[12]/C
                               ram_288_0_42_inst/u_dual_port_ram/ram_reg_0/DIADI[0]
                                                              5.645         
counter_41_1_32_inst/count_reg[12]/C
                               ram_288_0_42_inst/u_dual_port_ram/ram_reg_2/DIADI[10]
                                                              5.657         
counter_41_1_32_inst/count_reg[12]/C
                               ram_288_0_42_inst/u_dual_port_ram/ram_reg_0/DIADI[5]
                                                              5.658         
counter_41_1_inst/count_reg[1]/C
                               counter_41_1_inst/count_reg[10]/R
                                                              5.668         
counter_41_1_inst/count_reg[1]/C
                               counter_41_1_inst/count_reg[11]/R
                                                              5.668         
counter_41_1_inst/count_reg[1]/C
                               counter_41_1_inst/count_reg[8]/R
                                                              5.668         
counter_41_1_inst/count_reg[1]/C
                               counter_41_1_inst/count_reg[9]/R
                                                              5.668         
counter_41_1_32_inst/count_reg[12]/C
                               ram_288_0_42_inst/u_dual_port_ram/ram_reg_2/DIADI[16]
                                                              5.672         
counter_41_1_32_inst/count_reg[2]/C
                               counter_41_1_32_inst/count_reg[0]/R
                                                              5.701         
counter_41_1_32_inst/count_reg[12]/C
                               ram_288_0_42_inst/u_dual_port_ram/ram_reg_2/DIADI[28]
                                                              5.721         
counter_41_1_inst/count_reg[1]/C
                               counter_41_1_inst/count_reg[0]/R
                                                              5.724         
counter_41_1_inst/count_reg[1]/C
                               counter_41_1_inst/count_reg[1]/R
                                                              5.724         
counter_41_1_inst/count_reg[1]/C
                               counter_41_1_inst/count_reg[2]/R
                                                              5.724         
counter_41_1_inst/count_reg[1]/C
                               counter_41_1_inst/count_reg[3]/R
                                                              5.724         
counter_41_1_32_inst/count_reg[12]/C
                               ram_288_0_42_inst/u_dual_port_ram/ram_reg_2/DIBDI[13]
                                                              5.730         
counter_41_1_32_inst/count_reg[2]/C
                               counter_41_1_32_inst/count_reg[6]/R
                                                              5.733         
counter_41_1_32_inst/count_reg[2]/C
                               counter_41_1_32_inst/count_reg[7]/R
                                                              5.733         
counter_41_1_32_inst/count_reg[2]/C
                               counter_41_1_32_inst/count_reg[8]/R
                                                              5.733         
counter_41_1_32_inst/count_reg[12]/C
                               ram_288_0_42_inst/u_dual_port_ram/ram_reg_0/DIADI[25]
                                                              5.741         
counter_41_1_32_inst/count_reg[12]/C
                               ram_288_0_42_inst/u_dual_port_ram/ram_reg_0/DIADI[30]
                                                              5.743         
counter_41_1_inst/count_reg[1]/C
                               counter_41_1_inst/count_reg[12]/R
                                                              5.764         
counter_41_1_inst/count_reg[1]/C
                               counter_41_1_inst/count_reg[13]/R
                                                              5.764         
counter_41_1_32_inst/count_reg[12]/C
                               ram_288_0_42_inst/u_dual_port_ram/ram_reg_0/DIBDI[5]
                                                              5.764         
counter_41_1_32_inst/count_reg[12]/C
                               ram_288_0_42_inst/u_dual_port_ram/ram_reg_0/DIADI[27]
                                                              5.775         
counter_41_1_32_inst/count_reg[12]/C
                               ram_288_0_42_inst/u_dual_port_ram/ram_reg_2/DIADI[11]
                                                              5.786         
counter_41_1_32_inst/count_reg[12]/C
                               ram_288_0_42_inst/u_dual_port_ram/ram_reg_2/ENBWREN
                                                              5.799         
counter_41_1_32_inst/count_reg[12]/C
                               ram_288_0_42_inst/u_dual_port_ram/ram_reg_3/ENARDEN
                                                              5.803         
counter_41_1_32_inst/count_reg[12]/C
                               ram_288_0_42_inst/u_dual_port_ram/ram_reg_2/DIBDI[10]
                                                              5.805         
counter_41_1_32_inst/count_reg[12]/C
                               ram_288_0_42_inst/u_dual_port_ram/ram_reg_2/DIBDI[0]
                                                              5.805         
counter_41_1_32_inst/count_reg[12]/C
                               ram_288_0_42_inst/u_dual_port_ram/ram_reg_2/DIADI[8]
                                                              5.812         
counter_41_1_inst/count_reg[1]/C
                               counter_41_1_inst/count_reg[4]/R
                                                              5.820         
counter_41_1_inst/count_reg[1]/C
                               counter_41_1_inst/count_reg[5]/R
                                                              5.820         
counter_41_1_inst/count_reg[1]/C
                               counter_41_1_inst/count_reg[6]/R
                                                              5.820         
counter_41_1_inst/count_reg[1]/C
                               counter_41_1_inst/count_reg[7]/R
                                                              5.820         
counter_41_1_32_inst/count_reg[12]/C
                               ram_288_0_42_inst/u_dual_port_ram/ram_reg_2/DIADI[14]
                                                              5.821         
counter_41_1_32_inst/count_reg[12]/C
                               ram_288_0_42_inst/u_dual_port_ram/ram_reg_0/DIBDI[9]
                                                              5.824         
counter_41_1_32_inst/count_reg[12]/C
                               ram_288_0_42_inst/u_dual_port_ram/ram_reg_2/DIBDI[6]
                                                              5.826         
counter_41_1_32_inst/count_reg[2]/C
                               counter_41_1_32_inst/count_reg[10]/R
                                                              5.830         
counter_41_1_32_inst/count_reg[2]/C
                               counter_41_1_32_inst/count_reg[11]/R
                                                              5.830         
counter_41_1_32_inst/count_reg[2]/C
                               counter_41_1_32_inst/count_reg[12]/R
                                                              5.830         
counter_41_1_32_inst/count_reg[2]/C
                               counter_41_1_32_inst/count_reg[9]/R
                                                              5.830         
counter_41_1_32_inst/count_reg[12]/C
                               ram_288_0_42_inst/u_dual_port_ram/ram_reg_2/DIADI[26]
                                                              5.839         
counter_41_1_32_inst/count_reg[12]/C
                               ram_288_0_42_inst/u_dual_port_ram/ram_reg_2/DIADI[5]
                                                              5.844         
counter_20_1_inst_loop/count_reg[0]/C
                               counter_20_1_inst_loop/count_reg[12]/R
                                                              5.848         
counter_20_1_inst_loop/count_reg[0]/C
                               counter_20_1_inst_loop/count_reg[13]/R
                                                              5.848         
counter_41_1_32_inst/count_reg[12]/C
                               ram_288_0_42_inst/u_dual_port_ram/ram_reg_0/DIPBDIP[0]
                                                              5.856         
counter_41_1_32_inst/count_reg[12]/C
                               ram_288_0_42_inst/u_dual_port_ram/ram_reg_2/DIADI[21]
                                                              5.859         
counter_41_1_32_inst/count_reg[12]/C
                               ram_288_0_42_inst/u_dual_port_ram/ram_reg_2/DIBDI[8]
                                                              5.860         
counter_41_1_32_inst/count_reg[12]/C
                               ram_288_0_42_inst/u_dual_port_ram/ram_reg_0/DIADI[19]
                                                              5.862         
counter_41_1_32_inst/count_reg[12]/C
                               ram_288_0_42_inst/u_dual_port_ram/ram_reg_1/DIADI[27]
                                                              5.867         



