Copyright 1986-2018 Xilinx, Inc. All Rights Reserved.
-----------------------------------------------------------------------------------------------------------------------------------------------------------------------------------------
| Tool Version : Vivado v.2018.3 (lin64) Build 2405991 Thu Dec  6 23:36:41 MST 2018
| Date         : Tue Jan 11 23:14:27 2022
| Host         : koopa.ece.utexas.edu running 64-bit CentOS Linux release 7.9.2009 (Core)
| Command      : report_timing_summary -file /misc/scratch/zwei1/reports_Jan12/raw_designs/vtr_designs/verilog/koios/attention_layer_submodules/vecmat_add/post_route_timing_summary.rpt
| Design       : vecmat_add
| Device       : 7z020-clg484
| Speed File   : -3  PRODUCTION 1.11 2014-09-11
-----------------------------------------------------------------------------------------------------------------------------------------------------------------------------------------

Timing Summary Report

------------------------------------------------------------------------------------------------
| Timer Settings
| --------------
------------------------------------------------------------------------------------------------

  Enable Multi Corner Analysis               :  Yes
  Enable Pessimism Removal                   :  Yes
  Pessimism Removal Resolution               :  Nearest Common Node
  Enable Input Delay Default Clock           :  No
  Enable Preset / Clear Arcs                 :  No
  Disable Flight Delays                      :  No
  Ignore I/O Paths                           :  No
  Timing Early Launch at Borrowing Latches   :  false

  Corner  Analyze    Analyze    
  Name    Max Paths  Min Paths  
  ------  ---------  ---------  
  Slow    Yes        Yes        
  Fast    Yes        Yes        



check_timing report

Table of Contents
-----------------
1. checking no_clock
2. checking constant_clock
3. checking pulse_width_clock
4. checking unconstrained_internal_endpoints
5. checking no_input_delay
6. checking no_output_delay
7. checking multiple_clock
8. checking generated_clocks
9. checking loops
10. checking partial_input_delay
11. checking partial_output_delay
12. checking latch_loops

1. checking no_clock
--------------------
 There are 0 register/latch pins with no clock.


2. checking constant_clock
--------------------------
 There are 0 register/latch pins with constant_clock.


3. checking pulse_width_clock
-----------------------------
 There are 0 register/latch pins which need pulse_width check


4. checking unconstrained_internal_endpoints
--------------------------------------------
 There are 0 pins that are not constrained for maximum delay.

 There are 0 pins that are not constrained for maximum delay due to constant clock.


5. checking no_input_delay
--------------------------
 There are 1025 input ports with no input delay specified. (HIGH)

 There are 0 input ports with no input delay but user has a false path constraint.


6. checking no_output_delay
---------------------------
 There are 16 ports with no output delay specified. (HIGH)

 There are 0 ports with no output delay but user has a false path constraint

 There are 0 ports with no output delay but with a timing clock defined on it or propagating through it


7. checking multiple_clock
--------------------------
 There are 0 register/latch pins with multiple clocks.


8. checking generated_clocks
----------------------------
 There are 0 generated clocks that are not connected to a clock source.


9. checking loops
-----------------
 There are 0 combinational loops in the design.


10. checking partial_input_delay
--------------------------------
 There are 0 input ports with partial input delay specified.


11. checking partial_output_delay
---------------------------------
 There are 0 ports with partial output delay specified.


12. checking latch_loops
------------------------
 There are 0 combinational latch loops in the design through latch input



------------------------------------------------------------------------------------------------
| Design Timing Summary
| ---------------------
------------------------------------------------------------------------------------------------

    WNS(ns)      TNS(ns)  TNS Failing Endpoints  TNS Total Endpoints      WHS(ns)      THS(ns)  THS Failing Endpoints  THS Total Endpoints     WPWS(ns)     TPWS(ns)  TPWS Failing Endpoints  TPWS Total Endpoints  
    -------      -------  ---------------------  -------------------      -------      -------  ---------------------  -------------------     --------     --------  ----------------------  --------------------  
      3.896        0.000                      0                   16        1.199        0.000                      0                   16        4.500        0.000                       0                   272  


All user specified timing constraints are met.


------------------------------------------------------------------------------------------------
| Clock Summary
| -------------
------------------------------------------------------------------------------------------------

Clock  Waveform(ns)       Period(ns)      Frequency(MHz)
-----  ------------       ----------      --------------
clk    {0.000 5.000}      10.000          100.000         


------------------------------------------------------------------------------------------------
| Intra Clock Table
| -----------------
------------------------------------------------------------------------------------------------

Clock             WNS(ns)      TNS(ns)  TNS Failing Endpoints  TNS Total Endpoints      WHS(ns)      THS(ns)  THS Failing Endpoints  THS Total Endpoints     WPWS(ns)     TPWS(ns)  TPWS Failing Endpoints  TPWS Total Endpoints  
-----             -------      -------  ---------------------  -------------------      -------      -------  ---------------------  -------------------     --------     --------  ----------------------  --------------------  
clk                 3.896        0.000                      0                   16        1.199        0.000                      0                   16        4.500        0.000                       0                   272  


------------------------------------------------------------------------------------------------
| Inter Clock Table
| -----------------
------------------------------------------------------------------------------------------------

From Clock    To Clock          WNS(ns)      TNS(ns)  TNS Failing Endpoints  TNS Total Endpoints      WHS(ns)      THS(ns)  THS Failing Endpoints  THS Total Endpoints  
----------    --------          -------      -------  ---------------------  -------------------      -------      -------  ---------------------  -------------------  


------------------------------------------------------------------------------------------------
| Other Path Groups Table
| -----------------------
------------------------------------------------------------------------------------------------

Path Group    From Clock    To Clock          WNS(ns)      TNS(ns)  TNS Failing Endpoints  TNS Total Endpoints      WHS(ns)      THS(ns)  THS Failing Endpoints  THS Total Endpoints  
----------    ----------    --------          -------      -------  ---------------------  -------------------      -------      -------  ---------------------  -------------------  


------------------------------------------------------------------------------------------------
| Timing Details
| --------------
------------------------------------------------------------------------------------------------


---------------------------------------------------------------------------------------------------
From Clock:  clk
  To Clock:  clk

Setup :            0  Failing Endpoints,  Worst Slack        3.896ns,  Total Violation        0.000ns
Hold  :            0  Failing Endpoints,  Worst Slack        1.199ns,  Total Violation        0.000ns
PW    :            0  Failing Endpoints,  Worst Slack        4.500ns,  Total Violation        0.000ns
---------------------------------------------------------------------------------------------------


Max Delay Paths
--------------------------------------------------------------------------------------
Slack (MET) :             3.896ns  (required time - arrival time)
  Source:                 ff21_reg[0]/C
                            (rising edge-triggered cell FDRE clocked by clk  {rise@0.000ns fall@5.000ns period=10.000ns})
  Destination:            data_out_reg[15]/D
                            (rising edge-triggered cell FDRE clocked by clk  {rise@0.000ns fall@5.000ns period=10.000ns})
  Path Group:             clk
  Path Type:              Setup (Max at Slow Process Corner)
  Requirement:            10.000ns  (clk rise@10.000ns - clk rise@0.000ns)
  Data Path Delay:        6.127ns  (logic 3.300ns (53.858%)  route 2.827ns (46.142%))
  Logic Levels:           11  (CARRY4=7 LUT2=4)
  Clock Path Skew:        -0.035ns (DCD - SCD + CPR)
    Destination Clock Delay (DCD):    0.669ns = ( 10.669 - 10.000 ) 
    Source Clock Delay      (SCD):    0.704ns
    Clock Pessimism Removal (CPR):    0.000ns
  Clock Uncertainty:      0.035ns  ((TSJ^2 + TIJ^2)^1/2 + DJ) / 2 + PE
    Total System Jitter     (TSJ):    0.071ns
    Total Input Jitter      (TIJ):    0.000ns
    Discrete Jitter          (DJ):    0.000ns
    Phase Error              (PE):    0.000ns

    Location             Delay type                Incr(ns)  Path(ns)    Netlist Resource(s)
  -------------------------------------------------------------------    -------------------
                         (clock clk rise edge)        0.000     0.000 r  
                                                      0.000     0.000 r  clk (IN)
                         net (fo=271, unset)          0.704     0.704    clk
    SLICE_X46Y68         FDRE                                         r  ff21_reg[0]/C
  -------------------------------------------------------------------    -------------------
    SLICE_X46Y68         FDRE (Prop_fdre_C_Q)         0.393     1.097 r  ff21_reg[0]/Q
                         net (fo=2, routed)           0.458     1.555    Add_u61/data_out_reg[15]_i_54_0[0]
    SLICE_X44Y67         LUT2 (Prop_lut2_I0_O)        0.097     1.652 r  Add_u61/data_out[3]_i_66/O
                         net (fo=1, routed)           0.000     1.652    Add_u61/data_out[3]_i_66_n_0
    SLICE_X44Y67         CARRY4 (Prop_carry4_S[0]_CO[3])
                                                      0.395     2.047 r  Add_u61/data_out_reg[3]_i_53/CO[3]
                         net (fo=1, routed)           0.000     2.047    Add_u61/data_out_reg[3]_i_53_n_0
    SLICE_X44Y68         CARRY4 (Prop_carry4_CI_O[2])
                                                      0.181     2.228 r  Add_u61/data_out_reg[7]_i_53/O[2]
                         net (fo=1, routed)           0.822     3.050    Add_u61/data_out_reg[7]_i_53_n_5
    SLICE_X39Y70         LUT2 (Prop_lut2_I1_O)        0.230     3.280 r  Add_u61/data_out[7]_i_36/O
                         net (fo=1, routed)           0.000     3.280    Add_u61/data_out[7]_i_36_n_0
    SLICE_X39Y70         CARRY4 (Prop_carry4_S[2]_CO[3])
                                                      0.301     3.581 r  Add_u61/data_out_reg[7]_i_19/CO[3]
                         net (fo=1, routed)           0.000     3.581    Add_u61/data_out_reg[7]_i_19_n_0
    SLICE_X39Y71         CARRY4 (Prop_carry4_CI_O[3])
                                                      0.234     3.815 r  Add_u61/data_out_reg[11]_i_19/O[3]
                         net (fo=2, routed)           0.978     4.793    Add_u61/data_out_reg[11]_i_19_n_4
    SLICE_X39Y76         LUT2 (Prop_lut2_I0_O)        0.234     5.027 r  Add_u61/data_out[11]_i_20/O
                         net (fo=1, routed)           0.000     5.027    Add_u61/data_out[11]_i_20_n_0
    SLICE_X39Y76         CARRY4 (Prop_carry4_S[3]_CO[3])
                                                      0.299     5.326 r  Add_u61/data_out_reg[11]_i_12/CO[3]
                         net (fo=1, routed)           0.000     5.326    Add_u61/data_out_reg[11]_i_12_n_0
    SLICE_X39Y77         CARRY4 (Prop_carry4_CI_O[1])
                                                      0.230     5.556 r  Add_u61/data_out_reg[15]_i_13/O[1]
                         net (fo=1, routed)           0.569     6.125    Add_u61/data_out_reg[15]_i_13_n_6
    SLICE_X36Y80         LUT2 (Prop_lut2_I1_O)        0.225     6.350 r  Add_u61/data_out[15]_i_6/O
                         net (fo=1, routed)           0.000     6.350    Add_u61/data_out[15]_i_6_n_0
    SLICE_X36Y80         CARRY4 (Prop_carry4_S[1]_O[3])
                                                      0.481     6.831 r  Add_u61/data_out_reg[15]_i_2/O[3]
                         net (fo=1, routed)           0.000     6.831    tmp61[15]
    SLICE_X36Y80         FDRE                                         r  data_out_reg[15]/D
  -------------------------------------------------------------------    -------------------

                         (clock clk rise edge)       10.000    10.000 r  
                                                      0.000    10.000 r  clk (IN)
                         net (fo=271, unset)          0.669    10.669    clk
    SLICE_X36Y80         FDRE                                         r  data_out_reg[15]/C
                         clock pessimism              0.000    10.669    
                         clock uncertainty           -0.035    10.633    
    SLICE_X36Y80         FDRE (Setup_fdre_C_D)        0.094    10.727    data_out_reg[15]
  -------------------------------------------------------------------
                         required time                         10.727    
                         arrival time                          -6.831    
  -------------------------------------------------------------------
                         slack                                  3.896    





Min Delay Paths
--------------------------------------------------------------------------------------
Slack (MET) :             1.199ns  (arrival time - required time)
  Source:                 ff5_reg[9]/C
                            (rising edge-triggered cell FDRE clocked by clk  {rise@0.000ns fall@5.000ns period=10.000ns})
  Destination:            data_out_reg[11]/D
                            (rising edge-triggered cell FDRE clocked by clk  {rise@0.000ns fall@5.000ns period=10.000ns})
  Path Group:             clk
  Path Type:              Hold (Min at Fast Process Corner)
  Requirement:            0.000ns  (clk rise@0.000ns - clk rise@0.000ns)
  Data Path Delay:        1.354ns  (logic 0.830ns (61.284%)  route 0.524ns (38.716%))
  Logic Levels:           7  (CARRY4=4 LUT2=3)
  Clock Path Skew:        0.022ns (DCD - SCD - CPR)
    Destination Clock Delay (DCD):    0.432ns
    Source Clock Delay      (SCD):    0.411ns
    Clock Pessimism Removal (CPR):    -0.000ns

    Location             Delay type                Incr(ns)  Path(ns)    Netlist Resource(s)
  -------------------------------------------------------------------    -------------------
                         (clock clk rise edge)        0.000     0.000 r  
                                                      0.000     0.000 r  clk (IN)
                         net (fo=271, unset)          0.411     0.411    clk
    SLICE_X49Y81         FDRE                                         r  ff5_reg[9]/C
  -------------------------------------------------------------------    -------------------
    SLICE_X49Y81         FDRE (Prop_fdre_C_Q)         0.141     0.552 r  ff5_reg[9]/Q
                         net (fo=2, routed)           0.126     0.678    Add_u61/data_out_reg[15]_i_29_0[9]
    SLICE_X47Y81         CARRY4 (Prop_carry4_DI[1]_O[3])
                                                      0.167     0.845 r  Add_u61/data_out_reg[11]_i_28/O[3]
                         net (fo=1, routed)           0.113     0.957    Add_u61/b[11]
    SLICE_X42Y81         LUT2 (Prop_lut2_I1_O)        0.110     1.067 r  Add_u61/data_out[11]_i_14/O
                         net (fo=1, routed)           0.000     1.067    Add_u61/data_out[11]_i_14_n_0
    SLICE_X42Y81         CARRY4 (Prop_carry4_S[3]_O[3])
                                                      0.064     1.131 r  Add_u61/data_out_reg[11]_i_7/O[3]
                         net (fo=2, routed)           0.163     1.295    Add_u61/data_out_reg[11]_i_7_n_4
    SLICE_X37Y81         LUT2 (Prop_lut2_I0_O)        0.111     1.406 r  Add_u61/data_out[11]_i_8/O
                         net (fo=1, routed)           0.000     1.406    Add_u61/data_out[11]_i_8_n_0
    SLICE_X37Y81         CARRY4 (Prop_carry4_S[3]_O[3])
                                                      0.063     1.469 r  Add_u61/data_out_reg[11]_i_2/O[3]
                         net (fo=2, routed)           0.123     1.591    Add_u61/a[11]
    SLICE_X36Y79         LUT2 (Prop_lut2_I0_O)        0.110     1.701 r  Add_u61/data_out[11]_i_3/O
                         net (fo=1, routed)           0.000     1.701    Add_u61/data_out[11]_i_3_n_0
    SLICE_X36Y79         CARRY4 (Prop_carry4_S[3]_O[3])
                                                      0.064     1.765 r  Add_u61/data_out_reg[11]_i_1/O[3]
                         net (fo=1, routed)           0.000     1.765    tmp61[11]
    SLICE_X36Y79         FDRE                                         r  data_out_reg[11]/D
  -------------------------------------------------------------------    -------------------

                         (clock clk rise edge)        0.000     0.000 r  
                                                      0.000     0.000 r  clk (IN)
                         net (fo=271, unset)          0.432     0.432    clk
    SLICE_X36Y79         FDRE                                         r  data_out_reg[11]/C
                         clock pessimism              0.000     0.432    
    SLICE_X36Y79         FDRE (Hold_fdre_C_D)         0.134     0.566    data_out_reg[11]
  -------------------------------------------------------------------
                         required time                         -0.566    
                         arrival time                           1.765    
  -------------------------------------------------------------------
                         slack                                  1.199    





Pulse Width Checks
--------------------------------------------------------------------------------------
Clock Name:         clk
Waveform(ns):       { 0.000 5.000 }
Period(ns):         10.000
Sources:            { clk }

Check Type        Corner  Lib Pin  Reference Pin  Required(ns)  Actual(ns)  Slack(ns)  Location      Pin
Min Period        n/a     FDRE/C   n/a            1.000         10.000      9.000      SLICE_X36Y80  data_out_reg[14]/C
Low Pulse Width   Slow    FDRE/C   n/a            0.500         5.000       4.500      SLICE_X36Y80  data_out_reg[14]/C
High Pulse Width  Slow    FDRE/C   n/a            0.500         5.000       4.500      SLICE_X36Y80  data_out_reg[14]/C



