Copyright 1986-2018 Xilinx, Inc. All Rights Reserved.
-----------------------------------------------------------------------------------------------------------------------------------------------------------------------------------------------------------------------------------------------------------------
| Tool Version : Vivado v.2018.3 (lin64) Build 2405991 Thu Dec  6 23:36:41 MST 2018
| Date         : Wed Jan 12 22:35:57 2022
| Host         : koopa.ece.utexas.edu running 64-bit CentOS Linux release 7.9.2009 (Core)
| Command      : report_timing -sort_by group -max_paths 100 -path_type summary -file /misc/scratch/zwei1/reports_Jan12/raw_designs/vtr_designs/verilog/koios/bnn_submodules/dense_latency_0_0_0_0_0_0_0_0_0_0_0_0_0_0_0_0_0_0_0_0_0_0_0_1/post_route_timing.rpt
| Design       : dense_latency_0_0_0_0_0_0_0_0_0_0_0_0_0_0_0_0_0_0_0_0_0_0_0_1
| Device       : 7z020-clg484
| Speed File   : -3  PRODUCTION 1.11 2014-09-11
-----------------------------------------------------------------------------------------------------------------------------------------------------------------------------------------------------------------------------------------------------------------

Timing Report

Startpoint                     Endpoint                       Slack(ns)     
----------------------------------------------------------------------------
add_ln703_751_reg_4920_reg[2]/C
                               ap_return_34_int_reg_reg[15]/D 2.437         
mult_832_V_reg_3861_pp0_iter7_reg_reg[2]/C
                               ap_return_4_int_reg_reg[15]/D  2.484         
mult_640_V_reg_3716_pp0_iter6_reg_reg[2]/C
                               sub_ln703_731_reg_4759_reg[15]/D
                                                              2.527         
mult_640_V_reg_3716_pp0_iter6_reg_reg[2]/C
                               sub_ln703_731_reg_4759_reg[13]/D
                                                              2.541         
mult_770_V_reg_3814_pp0_iter7_reg_reg[4]/C
                               ap_return_18_int_reg_reg[13]/D 2.562         
mult_640_V_reg_3716_pp0_iter6_reg_reg[2]/C
                               sub_ln703_731_reg_4759_reg[14]/D
                                                              2.584         
mult_640_V_reg_3716_pp0_iter6_reg_reg[2]/C
                               sub_ln703_731_reg_4759_reg[12]/D
                                                              2.607         
mult_960_V_reg_3958_pp0_iter7_reg_reg[1]/C
                               ap_return_50_int_reg_reg[14]/D 2.618         
mult_640_V_reg_3716_pp0_iter6_reg_reg[2]/C
                               sub_ln703_731_reg_4759_reg[11]/D
                                                              2.619         
mult_640_V_reg_3716_pp0_iter6_reg_reg[2]/C
                               sub_ln703_731_reg_4759_reg[9]/D
                                                              2.633         
mult_960_V_reg_3958_pp0_iter7_reg_reg[1]/C
                               ap_return_50_int_reg_reg[13]/D 2.639         
mult_832_V_reg_3861_pp0_iter7_reg_reg[0]/C
                               ap_return_12_int_reg_reg[2]/D  2.651         
mult_960_V_reg_3958_pp0_iter7_reg_reg[1]/C
                               ap_return_50_int_reg_reg[15]/D 2.664         
mult_832_V_reg_3861_pp0_iter7_reg_reg[2]/C
                               ap_return_4_int_reg_reg[13]/D  2.667         
mult_960_V_reg_3958_pp0_iter7_reg_reg[5]/C
                               ap_return_7_int_reg_reg[15]/D  2.669         
mult_960_V_reg_3958_pp0_iter7_reg_reg[1]/C
                               ap_return_50_int_reg_reg[12]/D 2.669         
mult_640_V_reg_3716_pp0_iter6_reg_reg[2]/C
                               sub_ln703_731_reg_4759_reg[10]/D
                                                              2.676         
mult_576_V_reg_3674_pp0_iter6_reg_reg[9]/C
                               add_ln703_707_reg_4867_reg[15]/D
                                                              2.677         
mult_832_V_reg_3861_pp0_iter7_reg_reg[2]/C
                               ap_return_4_int_reg_reg[12]/D  2.682         
mult_576_V_reg_3674_pp0_iter6_reg_reg[5]/C
                               add_ln703_707_reg_4867_reg[13]/D
                                                              2.684         
mult_770_V_reg_3814_pp0_iter7_reg_reg[4]/C
                               ap_return_18_int_reg_reg[15]/D 2.687         
add_ln703_751_reg_4920_reg[2]/C
                               ap_return_34_int_reg_reg[13]/D 2.692         
add_ln703_751_reg_4920_reg[2]/C
                               ap_return_34_int_reg_reg[11]/D 2.692         
mult_640_V_reg_3716_pp0_iter6_reg_reg[2]/C
                               sub_ln703_731_reg_4759_reg[8]/D
                                                              2.699         
add_ln703_751_reg_4920_reg[2]/C
                               ap_return_34_int_reg_reg[14]/D 2.703         
add_ln703_751_reg_4920_reg[2]/C
                               ap_return_34_int_reg_reg[12]/D 2.711         
add_ln703_751_reg_4920_reg[2]/C
                               ap_return_34_int_reg_reg[9]/D  2.728         
mult_512_V_reg_3629_pp0_iter6_reg_reg[9]/C
                               sub_ln703_722_reg_4718_reg[15]/D
                                                              2.733         
mult_576_V_reg_3674_pp0_iter6_reg_reg[5]/C
                               add_ln703_707_reg_4867_reg[14]/D
                                                              2.733         
mult_896_V_reg_3909_pp0_iter7_reg_reg[9]/C
                               ap_return_13_int_reg_reg[15]/D 2.742         
mult_896_V_reg_3909_pp0_iter7_reg_reg[0]/C
                               ap_return_13_int_reg_reg[9]/D  2.746         
mult_576_V_reg_3674_pp0_iter6_reg_reg[5]/C
                               add_ln703_707_reg_4867_reg[12]/D
                                                              2.755         
mult_960_V_reg_3958_pp0_iter7_reg_reg[5]/C
                               ap_return_7_int_reg_reg[12]/D  2.762         
mult_896_V_reg_3909_pp0_iter7_reg_reg[0]/C
                               ap_return_13_int_reg_reg[12]/D 2.777         
mult_640_V_reg_3716_pp0_iter6_reg_reg[6]/C
                               add_ln703_679_reg_4847_reg[15]/D
                                                              2.788         
mult_640_V_reg_3716_pp0_iter6_reg_reg[2]/C
                               sub_ln703_731_reg_4759_reg[7]/D
                                                              2.791         
add_ln703_751_reg_4920_reg[2]/C
                               ap_return_47_int_reg_reg[13]/D 2.792         
mult_640_V_reg_3716_pp0_iter6_reg_reg[7]/C
                               add_ln703_722_reg_4882_reg[15]/D
                                                              2.793         
mult_896_V_reg_3909_pp0_iter7_reg_reg[5]/C
                               ap_return_53_int_reg_reg[15]/D 2.793         
mult_896_V_reg_3909_pp0_iter7_reg_reg[0]/C
                               ap_return_13_int_reg_reg[11]/D 2.796         
mult_640_V_reg_3716_pp0_iter6_reg_reg[7]/C
                               add_ln703_722_reg_4882_reg[13]/D
                                                              2.797         
mult_960_V_reg_3958_pp0_iter7_reg_reg[5]/C
                               ap_return_7_int_reg_reg[11]/D  2.803         
add_ln703_751_reg_4920_reg[2]/C
                               ap_return_47_int_reg_reg[12]/D 2.804         
mult_576_V_reg_3674_pp0_iter6_reg_reg[0]/C
                               add_ln703_634_reg_4593_reg[15]/D
                                                              2.804         
mult_960_V_reg_3958_pp0_iter7_reg_reg[1]/C
                               ap_return_50_int_reg_reg[8]/D  2.805         
mult_960_V_reg_3958_pp0_iter7_reg_reg[5]/C
                               ap_return_7_int_reg_reg[8]/D   2.806         
mult_576_V_reg_3674_pp0_iter6_reg_reg[0]/C
                               add_ln703_634_reg_4593_reg[13]/D
                                                              2.818         
mult_640_V_reg_3716_pp0_iter6_reg_reg[6]/C
                               add_ln703_679_reg_4847_reg[13]/D
                                                              2.825         
mult_640_V_reg_3716_pp0_iter6_reg_reg[6]/C
                               add_ln703_679_reg_4847_reg[14]/D
                                                              2.833         
mult_640_V_reg_3716_pp0_iter6_reg_reg[2]/C
                               sub_ln703_731_reg_4759_reg[6]/D
                                                              2.836         
add_ln703_751_reg_4920_reg[2]/C
                               ap_return_47_int_reg_reg[11]/D 2.845         
mult_640_V_reg_3716_pp0_iter6_reg_reg[7]/C
                               add_ln703_722_reg_4882_reg[14]/D
                                                              2.846         
mult_896_V_reg_3909_pp0_iter7_reg_reg[0]/C
                               ap_return_13_int_reg_reg[13]/D 2.846         
add_ln703_751_reg_4920_reg[2]/C
                               ap_return_34_int_reg_reg[8]/D  2.849         
mult_576_V_reg_3674_pp0_iter6_reg_reg[5]/C
                               add_ln703_707_reg_4867_reg[11]/D
                                                              2.849         
mult_832_V_reg_3861_pp0_iter7_reg_reg[2]/C
                               ap_return_4_int_reg_reg[11]/D  2.851         
mult_896_V_reg_3909_pp0_iter7_reg_reg[5]/C
                               ap_return_53_int_reg_reg[13]/D 2.855         
mult_960_V_reg_3958_pp0_iter7_reg_reg[1]/C
                               ap_return_50_int_reg_reg[11]/D 2.856         
mult_576_V_reg_3674_pp0_iter6_reg_reg[0]/C
                               add_ln703_634_reg_4593_reg[14]/D
                                                              2.861         
mult_512_V_reg_3629_pp0_iter6_reg_reg[7]/C
                               sub_ln703_693_reg_4603_reg[15]/D
                                                              2.866         
mult_640_V_reg_3716_pp0_iter6_reg_reg[7]/C
                               add_ln703_722_reg_4882_reg[12]/D
                                                              2.868         
mult_512_V_reg_3629_pp0_iter6_reg_reg[7]/C
                               sub_ln703_693_reg_4603_reg[13]/D
                                                              2.870         
mult_896_V_reg_3909_pp0_iter7_reg_reg[9]/C
                               ap_return_13_int_reg_reg[14]/D 2.872         
mult_896_V_reg_3909_pp0_iter7_reg_reg[5]/C
                               ap_return_53_int_reg_reg[14]/D 2.873         
add_ln703_751_reg_4920_reg[2]/C
                               ap_return_47_int_reg_reg[15]/D 2.874         
add_ln703_751_reg_4920_reg[2]/C
                               ap_return_47_int_reg_reg[14]/D 2.879         
mult_960_V_reg_3958_pp0_iter7_reg_reg[5]/C
                               ap_return_7_int_reg_reg[14]/D  2.881         
mult_960_V_reg_3958_pp0_iter7_reg_reg[1]/C
                               ap_return_50_int_reg_reg[9]/D  2.882         
mult_576_V_reg_3674_pp0_iter6_reg_reg[0]/C
                               add_ln703_634_reg_4593_reg[12]/D
                                                              2.884         
mult_832_V_reg_3861_pp0_iter7_reg_reg[1]/C
                               ap_return_60_int_reg_reg[13]/D 2.887         
mult_960_V_reg_3958_pp0_iter7_reg_reg[5]/C
                               ap_return_7_int_reg_reg[10]/D  2.887         
mult_960_V_reg_3958_pp0_iter7_reg_reg[5]/C
                               ap_return_7_int_reg_reg[9]/D   2.893         
mult_960_V_reg_3958_pp0_iter7_reg_reg[5]/C
                               ap_return_7_int_reg_reg[13]/D  2.893         
mult_576_V_reg_3674_pp0_iter6_reg_reg[5]/C
                               add_ln703_707_reg_4867_reg[10]/D
                                                              2.894         
mult_576_V_reg_3674_pp0_iter6_reg_reg[0]/C
                               add_ln703_634_reg_4593_reg[11]/D
                                                              2.896         
mult_640_V_reg_3716_pp0_iter6_reg_reg[6]/C
                               add_ln703_679_reg_4847_reg[12]/D
                                                              2.896         
mult_512_V_reg_3629_pp0_iter6_reg_reg[7]/C
                               sub_ln703_716_reg_4703_reg[15]/D
                                                              2.902         
add_ln703_751_reg_4920_reg[2]/C
                               ap_return_47_int_reg_reg[8]/D  2.904         
mult_576_V_reg_3674_pp0_iter6_reg_reg[0]/C
                               add_ln703_634_reg_4593_reg[9]/D
                                                              2.910         
mult_576_V_reg_3674_pp0_iter6_reg_reg[3]/C
                               add_ln703_707_reg_4867_reg[9]/D
                                                              2.916         
mult_512_V_reg_3629_pp0_iter6_reg_reg[7]/C
                               sub_ln703_693_reg_4603_reg[14]/D
                                                              2.919         
mult_832_V_reg_3861_pp0_iter7_reg_reg[2]/C
                               ap_return_4_int_reg_reg[10]/D  2.920         
mult_832_V_reg_3861_pp0_iter7_reg_reg[2]/C
                               ap_return_4_int_reg_reg[9]/D   2.923         
mult_896_V_reg_3909_pp0_iter7_reg_reg[5]/C
                               ap_return_53_int_reg_reg[12]/D 2.925         
mult_896_V_reg_3909_pp0_iter7_reg_reg[0]/C
                               ap_return_13_int_reg_reg[7]/D  2.928         
mult_512_V_reg_3629_pp0_iter6_reg_reg[4]/C
                               add_ln703_739_reg_4915_reg[15]/D
                                                              2.933         
mult_960_V_reg_3958_pp0_iter7_reg_reg[1]/C
                               ap_return_50_int_reg_reg[10]/D 2.935         
mult_832_V_reg_3861_pp0_iter7_reg_reg[6]/C
                               ap_return_4_int_reg_reg[14]/D  2.936         
mult_512_V_reg_3629_pp0_iter6_reg_reg[4]/C
                               add_ln703_739_reg_4915_reg[13]/D
                                                              2.937         
mult_512_V_reg_3629_pp0_iter6_reg_reg[7]/C
                               sub_ln703_693_reg_4603_reg[12]/D
                                                              2.941         
mult_512_V_reg_3629_pp0_iter6_reg_reg[7]/C
                               sub_ln703_716_reg_4703_reg[14]/D
                                                              2.951         
mult_832_V_reg_3861_pp0_iter7_reg_reg[1]/C
                               ap_return_60_int_reg_reg[14]/D 2.951         
add_ln703_751_reg_4920_reg[2]/C
                               ap_return_34_int_reg_reg[10]/D 2.951         
mult_576_V_reg_3674_pp0_iter6_reg_reg[0]/C
                               add_ln703_634_reg_4593_reg[10]/D
                                                              2.953         
mult_832_V_reg_3861_pp0_iter7_reg_reg[1]/C
                               ap_return_60_int_reg_reg[15]/D 2.963         
add_ln703_751_reg_4920_reg[4]/C
                               ap_return_36_int_reg_reg[13]/D 2.964         
mult_832_V_reg_3861_pp0_iter7_reg_reg[1]/C
                               ap_return_60_int_reg_reg[8]/D  2.965         
mult_896_V_reg_3909_pp0_iter7_reg_reg[0]/C
                               ap_return_13_int_reg_reg[10]/D 2.967         
mult_576_V_reg_3674_pp0_iter6_reg_reg[0]/C
                               add_ln703_634_reg_4593_reg[8]/D
                                                              2.976         
mult_704_V_reg_3765_pp0_iter6_reg_reg[2]/C
                               add_ln703_687_reg_4857_reg[15]/D
                                                              2.985         



