Copyright 1986-2018 Xilinx, Inc. All Rights Reserved.
----------------------------------------------------------------------------------------------------------------------------------------------------------------------------------------------------------
| Tool Version : Vivado v.2018.3 (lin64) Build 2405991 Thu Dec  6 23:36:41 MST 2018
| Date         : Tue Jan 11 21:14:41 2022
| Host         : koopa.ece.utexas.edu running 64-bit CentOS Linux release 7.9.2009 (Core)
| Command      : report_timing -sort_by group -max_paths 100 -path_type summary -file /misc/scratch/zwei1/reports_Jan12/raw_designs/opencores/arithmetic/apbtoaes_submodules/sBox_8/post_route_timing.rpt
| Design       : sBox_8
| Device       : 7z020-clg484
| Speed File   : -3  PRODUCTION 1.11 2014-09-11
----------------------------------------------------------------------------------------------------------------------------------------------------------------------------------------------------------

Timing Report

Startpoint                     Endpoint                       Slack(ns)     
----------------------------------------------------------------------------
sbox_in[0]                     out_gf_pp_reg[2]/D             inf           
sbox_in[0]                     out_gf_pp_reg[1]/D             inf           
sbox_in[0]                     out_gf_pp_reg[3]/D             inf           
sbox_in[3]                     out_gf_pp_reg[0]/D             inf           
sbox_in[0]                     base_new_pp_reg[7]/D           inf           
sbox_in[0]                     base_new_pp_reg[0]/D           inf           
sbox_in[3]                     base_new_pp_reg[3]/D           inf           
sbox_in[6]                     base_new_pp_reg[4]/D           inf           
enc_dec                        base_new_pp_reg[5]/D           inf           
sbox_in[5]                     base_new_pp_reg[2]/D           inf           
enc_dec                        base_new_pp_reg[6]/D           inf           
enc_dec                        base_new_pp_reg[1]/D           inf           
out_gf_pp_reg[1]/C             sbox_out_dec[3]                inf           
out_gf_pp_reg[1]/C             sbox_out_dec[6]                inf           
out_gf_pp_reg[1]/C             sbox_out_enc[4]                inf           
out_gf_pp_reg[1]/C             sbox_out_enc[7]                inf           
out_gf_pp_reg[1]/C             sbox_out_enc[2]                inf           
out_gf_pp_reg[1]/C             sbox_out_dec[5]                inf           
out_gf_pp_reg[1]/C             sbox_out_enc[3]                inf           
out_gf_pp_reg[1]/C             sbox_out_enc[5]                inf           
out_gf_pp_reg[1]/C             sbox_out_dec[2]                inf           
out_gf_pp_reg[1]/C             sbox_out_dec[1]                inf           
out_gf_pp_reg[1]/C             sbox_out_dec[4]                inf           
out_gf_pp_reg[1]/C             sbox_out_enc[0]                inf           
out_gf_pp_reg[1]/C             sbox_out_enc[1]                inf           
out_gf_pp_reg[1]/C             sbox_out_enc[6]                inf           
out_gf_pp_reg[1]/C             sbox_out_dec[7]                inf           
out_gf_pp_reg[1]/C             sbox_out_dec[0]                inf           



