Copyright 1986-2018 Xilinx, Inc. All Rights Reserved.
--------------------------------------------------------------------------------------------------------------------------------------------------------------------------------------------------------------------
| Tool Version : Vivado v.2018.3 (lin64) Build 2405991 Thu Dec  6 23:36:41 MST 2018
| Date         : Thu Jan 13 17:36:56 2022
| Host         : koopa.ece.utexas.edu running 64-bit CentOS Linux release 7.9.2009 (Core)
| Command      : report_timing -sort_by group -max_paths 100 -path_type summary -file /misc/scratch/zwei1/reports_Jan12/raw_designs/vtr_designs/verilog/stereovision1_submodules/wrapper_norm/post_route_timing.rpt
| Design       : wrapper_norm
| Device       : 7z020-clg484
| Speed File   : -3  PRODUCTION 1.11 2014-09-11
--------------------------------------------------------------------------------------------------------------------------------------------------------------------------------------------------------------------

Timing Report

Startpoint                     Endpoint                       Slack(ns)     
----------------------------------------------------------------------------
my_div_inst_1/my_divider_inst/FSM_onehot_y_reg[0]/C
                               my_div_inst_1/my_divider_inst/Count_reg[0]/R
                                                              8.037         
my_div_inst_1/my_divider_inst/FSM_onehot_y_reg[0]/C
                               my_div_inst_1/my_divider_inst/Count_reg[1]/R
                                                              8.037         
my_div_inst_1/my_divider_inst/FSM_onehot_y_reg[0]/C
                               my_div_inst_1/my_divider_inst/Count_reg[2]/R
                                                              8.037         
my_div_inst_1/my_divider_inst/FSM_onehot_y_reg[0]/C
                               my_div_inst_1/my_divider_inst/Count_reg[3]/R
                                                              8.037         
my_div_inst_1/my_divider_inst/Count_reg[0]/C
                               my_div_inst_1/my_divider_inst/FSM_onehot_y_reg[2]/D
                                                              8.203         
my_div_inst_1/my_divider_inst/FSM_onehot_y_reg[1]/C
                               my_div_inst_1/my_divider_inst/DataA_reg[4]/CE
                                                              8.245         
my_div_inst_1/my_divider_inst/FSM_onehot_y_reg[1]/C
                               my_div_inst_1/my_divider_inst/DataA_reg[5]/CE
                                                              8.245         
my_div_inst_1/my_divider_inst/FSM_onehot_y_reg[1]/C
                               my_div_inst_1/my_divider_inst/DataA_reg[6]/CE
                                                              8.245         
my_div_inst_1/my_divider_inst/FSM_onehot_y_reg[1]/C
                               my_div_inst_1/my_divider_inst/DataA_reg[7]/CE
                                                              8.245         
my_div_inst_1/my_divider_inst/Count_reg[0]/C
                               my_div_inst_1/my_divider_inst/Count_reg[3]/D
                                                              8.277         
my_div_inst_2/my_divider_inst/FSM_onehot_y_reg[1]/C
                               my_div_inst_2/my_divider_inst/DataA_reg[4]/CE
                                                              8.319         
my_div_inst_2/my_divider_inst/FSM_onehot_y_reg[1]/C
                               my_div_inst_2/my_divider_inst/DataA_reg[5]/CE
                                                              8.319         
my_div_inst_2/my_divider_inst/FSM_onehot_y_reg[1]/C
                               my_div_inst_2/my_divider_inst/DataA_reg[6]/CE
                                                              8.319         
my_div_inst_2/my_divider_inst/FSM_onehot_y_reg[1]/C
                               my_div_inst_2/my_divider_inst/DataA_reg[7]/CE
                                                              8.319         
my_div_inst_2/my_divider_inst/Count_reg[0]/C
                               my_div_inst_2/my_divider_inst/FSM_onehot_y_reg[2]/D
                                                              8.346         
my_div_inst_1/my_divider_inst/FSM_onehot_y_reg[1]/C
                               my_div_inst_1/my_divider_inst/DataA_reg[10]/CE
                                                              8.396         
my_div_inst_1/my_divider_inst/FSM_onehot_y_reg[1]/C
                               my_div_inst_1/my_divider_inst/DataA_reg[11]/CE
                                                              8.396         
my_div_inst_1/my_divider_inst/FSM_onehot_y_reg[1]/C
                               my_div_inst_1/my_divider_inst/DataA_reg[15]/CE
                                                              8.396         
my_div_inst_1/my_divider_inst/FSM_onehot_y_reg[1]/C
                               my_div_inst_1/my_divider_inst/DataA_reg[1]/CE
                                                              8.396         
my_div_inst_1/my_divider_inst/FSM_onehot_y_reg[1]/C
                               my_div_inst_1/my_divider_inst/DataA_reg[2]/CE
                                                              8.396         
my_div_inst_1/my_divider_inst/FSM_onehot_y_reg[1]/C
                               my_div_inst_1/my_divider_inst/DataA_reg[3]/CE
                                                              8.396         
my_div_inst_1/my_divider_inst/FSM_onehot_y_reg[1]/C
                               my_div_inst_1/my_divider_inst/DataA_reg[8]/CE
                                                              8.396         
my_div_inst_1/my_divider_inst/FSM_onehot_y_reg[1]/C
                               my_div_inst_1/my_divider_inst/DataA_reg[9]/CE
                                                              8.396         
my_div_inst_2/my_divider_inst/FSM_onehot_y_reg[1]/C
                               my_div_inst_2/my_divider_inst/DataA_reg[11]/CE
                                                              8.408         
my_div_inst_2/my_divider_inst/FSM_onehot_y_reg[1]/C
                               my_div_inst_2/my_divider_inst/DataA_reg[12]/CE
                                                              8.408         
my_div_inst_2/my_divider_inst/FSM_onehot_y_reg[1]/C
                               my_div_inst_2/my_divider_inst/DataA_reg[13]/CE
                                                              8.408         
my_div_inst_2/my_divider_inst/FSM_onehot_y_reg[1]/C
                               my_div_inst_2/my_divider_inst/DataA_reg[14]/CE
                                                              8.408         
my_div_inst_2/my_divider_inst/FSM_onehot_y_reg[1]/C
                               my_div_inst_2/my_divider_inst/DataA_reg[15]/CE
                                                              8.408         
my_div_inst_1/my_divider_inst/FSM_onehot_y_reg[1]/C
                               my_div_inst_1/my_divider_inst/DataA_reg[0]/CE
                                                              8.408         
my_div_inst_1/my_divider_inst/FSM_onehot_y_reg[1]/C
                               my_div_inst_1/my_divider_inst/DataA_reg[12]/CE
                                                              8.408         
my_div_inst_1/my_divider_inst/FSM_onehot_y_reg[1]/C
                               my_div_inst_1/my_divider_inst/DataA_reg[13]/CE
                                                              8.408         
my_div_inst_1/my_divider_inst/FSM_onehot_y_reg[1]/C
                               my_div_inst_1/my_divider_inst/DataA_reg[14]/CE
                                                              8.408         
my_div_inst_2/my_divider_inst/FSM_onehot_y_reg[0]/C
                               my_div_inst_2/my_divider_inst/Count_reg[0]/R
                                                              8.413         
my_div_inst_2/my_divider_inst/FSM_onehot_y_reg[0]/C
                               my_div_inst_2/my_divider_inst/Count_reg[1]/R
                                                              8.413         
my_div_inst_2/my_divider_inst/FSM_onehot_y_reg[0]/C
                               my_div_inst_2/my_divider_inst/Count_reg[2]/R
                                                              8.413         
my_div_inst_2/my_divider_inst/FSM_onehot_y_reg[0]/C
                               my_div_inst_2/my_divider_inst/Count_reg[3]/R
                                                              8.413         
my_div_inst_1/my_divider_inst/Count_reg[0]/C
                               my_div_inst_1/my_divider_inst/Count_reg[0]/CE
                                                              8.415         
my_div_inst_1/my_divider_inst/Count_reg[0]/C
                               my_div_inst_1/my_divider_inst/Count_reg[1]/CE
                                                              8.415         
my_div_inst_1/my_divider_inst/Count_reg[0]/C
                               my_div_inst_1/my_divider_inst/Count_reg[2]/CE
                                                              8.415         
my_div_inst_1/my_divider_inst/Count_reg[0]/C
                               my_div_inst_1/my_divider_inst/Count_reg[3]/CE
                                                              8.415         
my_div_inst_2/my_divider_inst/FSM_onehot_y_reg[1]/C
                               my_div_inst_2/my_divider_inst/DataA_reg[0]/CE
                                                              8.418         
my_div_inst_2/my_divider_inst/FSM_onehot_y_reg[1]/C
                               my_div_inst_2/my_divider_inst/DataA_reg[10]/CE
                                                              8.418         
my_div_inst_2/my_divider_inst/FSM_onehot_y_reg[1]/C
                               my_div_inst_2/my_divider_inst/DataA_reg[1]/CE
                                                              8.418         
my_div_inst_2/my_divider_inst/FSM_onehot_y_reg[1]/C
                               my_div_inst_2/my_divider_inst/DataA_reg[2]/CE
                                                              8.418         
my_div_inst_2/my_divider_inst/FSM_onehot_y_reg[1]/C
                               my_div_inst_2/my_divider_inst/DataA_reg[3]/CE
                                                              8.418         
my_div_inst_2/my_divider_inst/FSM_onehot_y_reg[1]/C
                               my_div_inst_2/my_divider_inst/DataA_reg[8]/CE
                                                              8.418         
my_div_inst_2/my_divider_inst/FSM_onehot_y_reg[1]/C
                               my_div_inst_2/my_divider_inst/DataA_reg[9]/CE
                                                              8.418         
my_div_inst_2/my_divider_inst/Count_reg[3]/C
                               my_div_inst_2/my_divider_inst/Count_reg[0]/CE
                                                              8.434         
my_div_inst_2/my_divider_inst/Count_reg[3]/C
                               my_div_inst_2/my_divider_inst/Count_reg[1]/CE
                                                              8.434         
my_div_inst_2/my_divider_inst/Count_reg[3]/C
                               my_div_inst_2/my_divider_inst/Count_reg[2]/CE
                                                              8.434         
my_div_inst_2/my_divider_inst/Count_reg[3]/C
                               my_div_inst_2/my_divider_inst/Count_reg[3]/CE
                                                              8.434         
my_div_inst_1/my_divider_inst/Count_reg[0]/C
                               my_div_inst_1/my_divider_inst/FSM_onehot_y_reg[1]/D
                                                              8.463         
my_div_inst_2/my_divider_inst/Count_reg[3]/C
                               my_div_inst_2/my_divider_inst/FSM_onehot_y_reg[1]/D
                                                              8.570         
din_2_tmp2_reg[12]/C           my_div_inst_2/my_divider_inst/DataA_reg[12]/D
                                                              8.611         
my_div_inst_1/FSM_onehot_y_reg[1]/C
                               my_div_inst_1/my_divider_inst/DataA_reg[11]/D
                                                              8.645         
my_div_inst_2/FSM_onehot_y_reg[1]/C
                               my_div_inst_2/my_divider_inst/DataA_reg[0]/D
                                                              8.646         
my_div_inst_2/FSM_onehot_y_reg[1]/C
                               my_div_inst_2/my_divider_inst/DataA_reg[2]/D
                                                              8.659         
my_div_inst_1/FSM_onehot_y_reg[1]/C
                               my_div_inst_1/my_divider_inst/DataA_reg[15]/D
                                                              8.673         
din_2_tmp2_reg[5]/C            my_div_inst_2/my_divider_inst/DataA_reg[5]/D
                                                              8.676         
my_div_inst_2/FSM_onehot_y_reg[1]/C
                               my_div_inst_2/my_divider_inst/DataA_reg[8]/D
                                                              8.683         
my_div_inst_1/my_divider_inst/DataA_reg[7]/C
                               my_div_inst_1/my_divider_inst/DataA_reg[8]/D
                                                              8.684         
my_div_inst_2/my_divider_inst/FSM_onehot_y_reg[0]/C
                               my_div_inst_2/my_divider_inst/FSM_onehot_y_reg[0]/D
                                                              8.695         
din_1_tmp2_reg[10]/C           my_div_inst_1/my_divider_inst/DataA_reg[10]/D
                                                              8.712         
my_div_inst_2/my_divider_inst/DataA_reg[15]/C
                               my_div_inst_2/my_divider_inst/ff0_reg/D
                                                              8.714         
my_div_inst_2/my_divider_inst/DataA_reg[9]/C
                               my_div_inst_2/my_divider_inst/DataA_reg[10]/D
                                                              8.726         
din_1_tmp2_reg[3]/C            my_div_inst_1/my_divider_inst/DataA_reg[3]/D
                                                              8.728         
my_div_inst_2/FSM_onehot_y_reg[1]/C
                               my_div_inst_2/my_divider_inst/DataA_reg[14]/D
                                                              8.736         
my_div_inst_2/FSM_onehot_y_reg[1]/C
                               my_div_inst_2/my_divider_inst/RegB_reg[0]/D
                                                              8.747         
my_div_inst_1/FSM_onehot_y_reg[1]/C
                               my_div_inst_1/my_divider_inst/RegB_reg[0]/D
                                                              8.768         
my_div_inst_2/FSM_onehot_y_reg[1]/C
                               my_div_inst_2/my_divider_inst/DataA_reg[9]/D
                                                              8.804         
my_div_inst_1/my_divider_inst/FSM_onehot_y_reg[1]/C
                               my_div_inst_1/my_divider_inst/ff0_reg/D
                                                              8.806         
my_div_inst_1/my_divider_inst/DataA_reg[0]/C
                               my_div_inst_1/my_divider_inst/DataA_reg[1]/D
                                                              8.812         
din_1_tmp2_reg[6]/C            my_div_inst_1/my_divider_inst/DataA_reg[6]/D
                                                              8.842         
my_div_inst_2/my_divider_inst/Count_reg[0]/C
                               my_div_inst_2/my_divider_inst/Count_reg[1]/D
                                                              8.859         
my_div_inst_1/FSM_onehot_y_reg[1]/C
                               my_div_inst_1/my_divider_inst/DataA_reg[4]/D
                                                              8.863         
my_div_inst_1/FSM_onehot_y_reg[1]/C
                               my_div_inst_1/my_divider_inst/DataA_reg[5]/D
                                                              8.863         
my_div_inst_1/FSM_onehot_y_reg[1]/C
                               my_div_inst_1/my_divider_inst/DataA_reg[14]/D
                                                              8.864         
my_div_inst_1/FSM_onehot_y_reg[1]/C
                               my_div_inst_1/my_divider_inst/DataA_reg[0]/D
                                                              8.869         
din_1_tmp2_reg[9]/C            my_div_inst_1/my_divider_inst/DataA_reg[9]/D
                                                              8.870         
my_div_inst_2/my_divider_inst/Count_reg[0]/C
                               my_div_inst_2/my_divider_inst/Count_reg[3]/D
                                                              8.871         
my_div_inst_2/FSM_onehot_y_reg[3]/C
                               my_div_inst_2/FSM_onehot_y_reg[0]/D
                                                              8.876         
my_div_inst_1/FSM_onehot_y_reg[1]/C
                               my_div_inst_1/my_divider_inst/DataA_reg[7]/D
                                                              8.881         
my_div_inst_2/my_divider_inst/Count_reg[0]/C
                               my_div_inst_2/my_divider_inst/Count_reg[2]/D
                                                              8.885         
my_div_inst_2/FSM_onehot_y_reg[1]/C
                               my_div_inst_2/my_divider_inst/DataA_reg[4]/D
                                                              8.908         
my_div_inst_1/FSM_onehot_y_reg[1]/C
                               my_div_inst_1/FSM_onehot_y_reg[2]/D
                                                              8.911         
my_div_inst_1/my_divider_inst/FSM_onehot_y_reg[2]/C
                               my_div_inst_1/FSM_onehot_y_reg[0]/D
                                                              8.920         
my_div_inst_2/FSM_onehot_y_reg[1]/C
                               my_div_inst_2/my_divider_inst/DataA_reg[7]/D
                                                              8.921         
my_div_inst_2/my_divider_inst/DataA_reg[2]/C
                               my_div_inst_2/my_divider_inst/DataA_reg[3]/D
                                                              8.921         
my_div_inst_2/my_divider_inst/DataA_reg[0]/C
                               my_div_inst_2/my_divider_inst/DataA_reg[1]/D
                                                              8.924         
my_div_inst_1/my_divider_inst/FSM_onehot_y_reg[2]/C
                               my_div_inst_1/FSM_onehot_y_reg[3]/D
                                                              8.932         
my_div_inst_2/my_divider_inst/FSM_onehot_y_reg[2]/C
                               my_div_inst_2/FSM_onehot_y_reg[3]/D
                                                              8.933         
my_div_inst_1/my_divider_inst/DataA_reg[11]/C
                               my_div_inst_1/my_divider_inst/DataA_reg[12]/D
                                                              8.939         
my_div_inst_2/my_divider_inst/DataA_reg[14]/C
                               my_div_inst_2/my_divider_inst/DataA_reg[15]/D
                                                              8.942         
my_div_inst_1/my_divider_inst/FSM_onehot_y_reg[2]/C
                               my_div_inst_1/my_divider_inst/FSM_onehot_y_reg[0]/D
                                                              8.946         
din_1_tmp1_reg[15]/C           din_1_tmp2_reg[15]/D           8.949         
din_2_tmp2_reg[11]/C           my_div_inst_2/my_divider_inst/DataA_reg[11]/D
                                                              8.954         
my_div_inst_1/FSM_onehot_y_reg[1]/C
                               my_div_inst_1/my_divider_inst/DataA_reg[2]/D
                                                              8.960         
my_div_inst_1/my_divider_inst/DataA_reg[12]/C
                               my_div_inst_1/my_divider_inst/DataA_reg[13]/D
                                                              8.964         
my_div_inst_1/my_divider_inst/Count_reg[0]/C
                               my_div_inst_1/my_divider_inst/Count_reg[1]/D
                                                              8.999         
my_div_inst_1/my_divider_inst/Count_reg[0]/C
                               my_div_inst_1/my_divider_inst/Count_reg[0]/D
                                                              9.005         



