Copyright 1986-2018 Xilinx, Inc. All Rights Reserved.
-------------------------------------------------------------------------------------------------------------------------------------------------------------------------------------------------------------
| Tool Version : Vivado v.2018.3 (lin64) Build 2405991 Thu Dec  6 23:36:41 MST 2018
| Date         : Wed Jan 12 21:09:43 2022
| Host         : koopa.ece.utexas.edu running 64-bit CentOS Linux release 7.9.2009 (Core)
| Command      : report_timing -sort_by group -max_paths 100 -path_type summary -file /misc/scratch/zwei1/reports_Jan12/raw_designs/opencores/arithmetic/gng_submodules/gng_smul_16_18/post_route_timing.rpt
| Design       : gng_smul_16_18
| Device       : 7z020-clg484
| Speed File   : -3  PRODUCTION 1.11 2014-09-11
-------------------------------------------------------------------------------------------------------------------------------------------------------------------------------------------------------------

Timing Report

Startpoint                     Endpoint                       Slack(ns)     
----------------------------------------------------------------------------
b[0]                           prod_reg/A[0]                  inf           
b[10]                          prod_reg/A[10]                 inf           
b[11]                          prod_reg/A[11]                 inf           
b[12]                          prod_reg/A[12]                 inf           
b[13]                          prod_reg/A[13]                 inf           
b[14]                          prod_reg/A[14]                 inf           
b[15]                          prod_reg/A[15]                 inf           
b[16]                          prod_reg/A[16]                 inf           
b[17]                          prod_reg/A[17]                 inf           
b[17]                          prod_reg/A[18]                 inf           
b[17]                          prod_reg/A[19]                 inf           
b[1]                           prod_reg/A[1]                  inf           
b[17]                          prod_reg/A[20]                 inf           
b[17]                          prod_reg/A[21]                 inf           
b[17]                          prod_reg/A[22]                 inf           
b[17]                          prod_reg/A[23]                 inf           
b[17]                          prod_reg/A[24]                 inf           
b[17]                          prod_reg/A[25]                 inf           
b[17]                          prod_reg/A[26]                 inf           
b[17]                          prod_reg/A[27]                 inf           
b[17]                          prod_reg/A[28]                 inf           
b[17]                          prod_reg/A[29]                 inf           
b[2]                           prod_reg/A[2]                  inf           
b[3]                           prod_reg/A[3]                  inf           
b[4]                           prod_reg/A[4]                  inf           
b[5]                           prod_reg/A[5]                  inf           
b[6]                           prod_reg/A[6]                  inf           
b[7]                           prod_reg/A[7]                  inf           
b[8]                           prod_reg/A[8]                  inf           
b[9]                           prod_reg/A[9]                  inf           
a[0]                           prod_reg/B[0]                  inf           
a[10]                          prod_reg/B[10]                 inf           
a[11]                          prod_reg/B[11]                 inf           
a[12]                          prod_reg/B[12]                 inf           
a[13]                          prod_reg/B[13]                 inf           
a[14]                          prod_reg/B[14]                 inf           
a[15]                          prod_reg/B[15]                 inf           
a[15]                          prod_reg/B[16]                 inf           
a[15]                          prod_reg/B[17]                 inf           
a[1]                           prod_reg/B[1]                  inf           
a[2]                           prod_reg/B[2]                  inf           
a[3]                           prod_reg/B[3]                  inf           
a[4]                           prod_reg/B[4]                  inf           
a[5]                           prod_reg/B[5]                  inf           
a[6]                           prod_reg/B[6]                  inf           
a[7]                           prod_reg/B[7]                  inf           
a[8]                           prod_reg/B[8]                  inf           
a[9]                           prod_reg/B[9]                  inf           
prod_reg/CLK                   p[0]                           inf           
prod_reg/CLK                   p[10]                          inf           
prod_reg/CLK                   p[11]                          inf           
prod_reg/CLK                   p[12]                          inf           
prod_reg/CLK                   p[13]                          inf           
prod_reg/CLK                   p[14]                          inf           
prod_reg/CLK                   p[15]                          inf           
prod_reg/CLK                   p[16]                          inf           
prod_reg/CLK                   p[17]                          inf           
prod_reg/CLK                   p[18]                          inf           
prod_reg/CLK                   p[19]                          inf           
prod_reg/CLK                   p[1]                           inf           
prod_reg/CLK                   p[20]                          inf           
prod_reg/CLK                   p[21]                          inf           
prod_reg/CLK                   p[22]                          inf           
prod_reg/CLK                   p[23]                          inf           
prod_reg/CLK                   p[24]                          inf           
prod_reg/CLK                   p[25]                          inf           
prod_reg/CLK                   p[26]                          inf           
prod_reg/CLK                   p[27]                          inf           
prod_reg/CLK                   p[28]                          inf           
prod_reg/CLK                   p[29]                          inf           
prod_reg/CLK                   p[2]                           inf           
prod_reg/CLK                   p[30]                          inf           
prod_reg/CLK                   p[31]                          inf           
prod_reg/CLK                   p[32]                          inf           
prod_reg/CLK                   p[33]                          inf           
prod_reg/CLK                   p[3]                           inf           
prod_reg/CLK                   p[4]                           inf           
prod_reg/CLK                   p[5]                           inf           
prod_reg/CLK                   p[6]                           inf           
prod_reg/CLK                   p[7]                           inf           
prod_reg/CLK                   p[8]                           inf           
prod_reg/CLK                   p[9]                           inf           



