Copyright 1986-2018 Xilinx, Inc. All Rights Reserved.
----------------------------------------------------------------------------------------------------------------------------------------------------------------------------------------------------
| Tool Version : Vivado v.2018.3 (lin64) Build 2405991 Thu Dec  6 23:36:41 MST 2018
| Date         : Tue Jan 11 21:34:55 2022
| Host         : koopa.ece.utexas.edu running 64-bit CentOS Linux release 7.9.2009 (Core)
| Command      : report_timing -sort_by group -max_paths 100 -path_type summary -file /misc/scratch/zwei1/reports_Jan12/raw_designs/opencores/arithmetic/ecg_submodules/func9/post_route_timing.rpt
| Design       : func9
| Device       : 7z020-clg484
| Speed File   : -3  PRODUCTION 1.11 2014-09-11
----------------------------------------------------------------------------------------------------------------------------------------------------------------------------------------------------

Timing Report

Startpoint                     Endpoint                       Slack(ns)     
----------------------------------------------------------------------------
x1[0]                          x3[0]                          inf           
x1[100]                        x3[100]                        inf           
x1[101]                        x3[101]                        inf           
x1[102]                        x3[102]                        inf           
x1[103]                        x3[103]                        inf           
x1[104]                        x3[104]                        inf           
x1[105]                        x3[105]                        inf           
x1[106]                        x3[106]                        inf           
x1[107]                        x3[107]                        inf           
x1[108]                        x3[108]                        inf           
x1[109]                        x3[109]                        inf           
x1[10]                         x3[10]                         inf           
x1[110]                        x3[110]                        inf           
x1[111]                        x3[111]                        inf           
x1[112]                        x3[112]                        inf           
x1[113]                        x3[113]                        inf           
x1[114]                        x3[114]                        inf           
x1[115]                        x3[115]                        inf           
x1[116]                        x3[116]                        inf           
x1[117]                        x3[117]                        inf           
x1[118]                        x3[118]                        inf           
x1[119]                        x3[119]                        inf           
x1[11]                         x3[11]                         inf           
x1[120]                        x3[120]                        inf           
x1[121]                        x3[121]                        inf           
x1[122]                        x3[122]                        inf           
x1[123]                        x3[123]                        inf           
x1[124]                        x3[124]                        inf           
x1[125]                        x3[125]                        inf           
x1[126]                        x3[126]                        inf           
x1[127]                        x3[127]                        inf           
x1[128]                        x3[128]                        inf           
x1[129]                        x3[129]                        inf           
x1[12]                         x3[12]                         inf           
x1[130]                        x3[130]                        inf           
x1[131]                        x3[131]                        inf           
x1[132]                        x3[132]                        inf           
x1[133]                        x3[133]                        inf           
x1[134]                        x3[134]                        inf           
x1[135]                        x3[135]                        inf           
x1[136]                        x3[136]                        inf           
x1[137]                        x3[137]                        inf           
x1[138]                        x3[138]                        inf           
x1[139]                        x3[139]                        inf           
x1[13]                         x3[13]                         inf           
x1[140]                        x3[140]                        inf           
x1[141]                        x3[141]                        inf           
x1[142]                        x3[142]                        inf           
x1[143]                        x3[143]                        inf           
x1[144]                        x3[144]                        inf           
x1[145]                        x3[145]                        inf           
x1[146]                        x3[146]                        inf           
x1[147]                        x3[147]                        inf           
x1[148]                        x3[148]                        inf           
x1[149]                        x3[149]                        inf           
x1[14]                         x3[14]                         inf           
x1[150]                        x3[150]                        inf           
x1[151]                        x3[151]                        inf           
x1[152]                        x3[152]                        inf           
x1[153]                        x3[153]                        inf           
x1[154]                        x3[154]                        inf           
x1[155]                        x3[155]                        inf           
x1[156]                        x3[156]                        inf           
x1[157]                        x3[157]                        inf           
x1[158]                        x3[158]                        inf           
x1[159]                        x3[159]                        inf           
x1[15]                         x3[15]                         inf           
x1[160]                        x3[160]                        inf           
x1[161]                        x3[161]                        inf           
x1[162]                        x3[162]                        inf           
x1[163]                        x3[163]                        inf           
x1[164]                        x3[164]                        inf           
x1[165]                        x3[165]                        inf           
x1[166]                        x3[166]                        inf           
x1[167]                        x3[167]                        inf           
x1[168]                        x3[168]                        inf           
x1[169]                        x3[169]                        inf           
x1[16]                         x3[16]                         inf           
x1[170]                        x3[170]                        inf           
x1[171]                        x3[171]                        inf           
x1[172]                        x3[172]                        inf           
x1[173]                        x3[173]                        inf           
x1[174]                        x3[174]                        inf           
x1[175]                        x3[175]                        inf           
x1[176]                        x3[176]                        inf           
x1[177]                        x3[177]                        inf           
x1[178]                        x3[178]                        inf           
x1[179]                        x3[179]                        inf           
x1[17]                         x3[17]                         inf           
x1[180]                        x3[180]                        inf           
x1[181]                        x3[181]                        inf           
x1[182]                        x3[182]                        inf           
x1[183]                        x3[183]                        inf           
x1[184]                        x3[184]                        inf           
x1[185]                        x3[185]                        inf           
x1[186]                        x3[186]                        inf           
x1[187]                        x3[187]                        inf           
x1[188]                        x3[188]                        inf           
x1[189]                        x3[189]                        inf           
x1[18]                         x3[18]                         inf           



