Copyright 1986-2018 Xilinx, Inc. All Rights Reserved.
-----------------------------------------------------------------------------------------------------------------------------------------------------------------------------
| Tool Version : Vivado v.2018.3 (lin64) Build 2405991 Thu Dec  6 23:36:41 MST 2018
| Date         : Wed Jan 12 22:02:34 2022
| Host         : koopa.ece.utexas.edu running 64-bit CentOS Linux release 7.9.2009 (Core)
| Command      : report_timing_summary -file /misc/scratch/zwei1/reports_Jan12/raw_designs/vtr_designs/verilog/arm_core_submodules/a25_execute/post_route_timing_summary.rpt
| Design       : a25_execute
| Device       : 7z020-clg484
| Speed File   : -3  PRODUCTION 1.11 2014-09-11
-----------------------------------------------------------------------------------------------------------------------------------------------------------------------------

Timing Summary Report

------------------------------------------------------------------------------------------------
| Timer Settings
| --------------
------------------------------------------------------------------------------------------------

  Enable Multi Corner Analysis               :  Yes
  Enable Pessimism Removal                   :  Yes
  Pessimism Removal Resolution               :  Nearest Common Node
  Enable Input Delay Default Clock           :  No
  Enable Preset / Clear Arcs                 :  No
  Disable Flight Delays                      :  No
  Ignore I/O Paths                           :  No
  Timing Early Launch at Borrowing Latches   :  false

  Corner  Analyze    Analyze    
  Name    Max Paths  Min Paths  
  ------  ---------  ---------  
  Slow    Yes        Yes        
  Fast    Yes        Yes        



check_timing report

Table of Contents
-----------------
1. checking no_clock
2. checking constant_clock
3. checking pulse_width_clock
4. checking unconstrained_internal_endpoints
5. checking no_input_delay
6. checking no_output_delay
7. checking multiple_clock
8. checking generated_clocks
9. checking loops
10. checking partial_input_delay
11. checking partial_output_delay
12. checking latch_loops

1. checking no_clock
--------------------
 There are 0 register/latch pins with no clock.


2. checking constant_clock
--------------------------
 There are 0 register/latch pins with constant_clock.


3. checking pulse_width_clock
-----------------------------
 There are 0 register/latch pins which need pulse_width check


4. checking unconstrained_internal_endpoints
--------------------------------------------
 There are 0 pins that are not constrained for maximum delay.

 There are 0 pins that are not constrained for maximum delay due to constant clock.


5. checking no_input_delay
--------------------------
 There are 216 input ports with no input delay specified. (HIGH)

 There are 0 input ports with no input delay but user has a false path constraint.


6. checking no_output_delay
---------------------------
 There are 221 ports with no output delay specified. (HIGH)

 There are 0 ports with no output delay but user has a false path constraint

 There are 0 ports with no output delay but with a timing clock defined on it or propagating through it


7. checking multiple_clock
--------------------------
 There are 0 register/latch pins with multiple clocks.


8. checking generated_clocks
----------------------------
 There are 0 generated clocks that are not connected to a clock source.


9. checking loops
-----------------
 There are 0 combinational loops in the design.


10. checking partial_input_delay
--------------------------------
 There are 0 input ports with partial input delay specified.


11. checking partial_output_delay
---------------------------------
 There are 0 ports with partial output delay specified.


12. checking latch_loops
------------------------
 There are 0 combinational latch loops in the design through latch input



------------------------------------------------------------------------------------------------
| Design Timing Summary
| ---------------------
------------------------------------------------------------------------------------------------

    WNS(ns)      TNS(ns)  TNS Failing Endpoints  TNS Total Endpoints      WHS(ns)      THS(ns)  THS Failing Endpoints  THS Total Endpoints     WPWS(ns)     TPWS(ns)  TPWS Failing Endpoints  TPWS Total Endpoints  
    -------      -------  ---------------------  -------------------      -------      -------  ---------------------  -------------------     --------     --------  ----------------------  --------------------  
     -0.275      -12.239                    139                 2258        0.187        0.000                      0                 2258        4.500        0.000                       0                  1191  


Timing constraints are not met.


------------------------------------------------------------------------------------------------
| Clock Summary
| -------------
------------------------------------------------------------------------------------------------

Clock  Waveform(ns)       Period(ns)      Frequency(MHz)
-----  ------------       ----------      --------------
clk    {0.000 5.000}      10.000          100.000         


------------------------------------------------------------------------------------------------
| Intra Clock Table
| -----------------
------------------------------------------------------------------------------------------------

Clock             WNS(ns)      TNS(ns)  TNS Failing Endpoints  TNS Total Endpoints      WHS(ns)      THS(ns)  THS Failing Endpoints  THS Total Endpoints     WPWS(ns)     TPWS(ns)  TPWS Failing Endpoints  TPWS Total Endpoints  
-----             -------      -------  ---------------------  -------------------      -------      -------  ---------------------  -------------------     --------     --------  ----------------------  --------------------  
clk                -0.275      -12.239                    139                 2258        0.187        0.000                      0                 2258        4.500        0.000                       0                  1191  


------------------------------------------------------------------------------------------------
| Inter Clock Table
| -----------------
------------------------------------------------------------------------------------------------

From Clock    To Clock          WNS(ns)      TNS(ns)  TNS Failing Endpoints  TNS Total Endpoints      WHS(ns)      THS(ns)  THS Failing Endpoints  THS Total Endpoints  
----------    --------          -------      -------  ---------------------  -------------------      -------      -------  ---------------------  -------------------  


------------------------------------------------------------------------------------------------
| Other Path Groups Table
| -----------------------
------------------------------------------------------------------------------------------------

Path Group    From Clock    To Clock          WNS(ns)      TNS(ns)  TNS Failing Endpoints  TNS Total Endpoints      WHS(ns)      THS(ns)  THS Failing Endpoints  THS Total Endpoints  
----------    ----------    --------          -------      -------  ---------------------  -------------------      -------      -------  ---------------------  -------------------  


------------------------------------------------------------------------------------------------
| Timing Details
| --------------
------------------------------------------------------------------------------------------------


---------------------------------------------------------------------------------------------------
From Clock:  clk
  To Clock:  clk

Setup :          139  Failing Endpoints,  Worst Slack       -0.275ns,  Total Violation      -12.239ns
Hold  :            0  Failing Endpoints,  Worst Slack        0.187ns,  Total Violation        0.000ns
PW    :            0  Failing Endpoints,  Worst Slack        4.500ns,  Total Violation        0.000ns
---------------------------------------------------------------------------------------------------


Max Delay Paths
--------------------------------------------------------------------------------------
Slack (VIOLATED) :        -0.275ns  (required time - arrival time)
  Source:                 status_bits_mode_rds_oh_reg[2]/C
                            (rising edge-triggered cell FDRE clocked by clk  {rise@0.000ns fall@5.000ns period=10.000ns})
  Destination:            o_copro_write_data_reg[21]/D
                            (rising edge-triggered cell FDRE clocked by clk  {rise@0.000ns fall@5.000ns period=10.000ns})
  Path Group:             clk
  Path Type:              Setup (Max at Slow Process Corner)
  Requirement:            10.000ns  (clk rise@10.000ns - clk rise@0.000ns)
  Data Path Delay:        10.166ns  (logic 2.788ns (27.425%)  route 7.378ns (72.575%))
  Logic Levels:           18  (CARRY4=4 LUT2=1 LUT3=1 LUT4=1 LUT5=6 LUT6=5)
  Clock Path Skew:        -0.035ns (DCD - SCD + CPR)
    Destination Clock Delay (DCD):    0.669ns = ( 10.669 - 10.000 ) 
    Source Clock Delay      (SCD):    0.704ns
    Clock Pessimism Removal (CPR):    0.000ns
  Clock Uncertainty:      0.035ns  ((TSJ^2 + TIJ^2)^1/2 + DJ) / 2 + PE
    Total System Jitter     (TSJ):    0.071ns
    Total Input Jitter      (TIJ):    0.000ns
    Discrete Jitter          (DJ):    0.000ns
    Phase Error              (PE):    0.000ns

    Location             Delay type                Incr(ns)  Path(ns)    Netlist Resource(s)
  -------------------------------------------------------------------    -------------------
                         (clock clk rise edge)        0.000     0.000 r  
                                                      0.000     0.000 r  i_clk (IN)
                         net (fo=1190, unset)         0.704     0.704    i_clk
    SLICE_X75Y41         FDRE                                         r  status_bits_mode_rds_oh_reg[2]/C
  -------------------------------------------------------------------    -------------------
    SLICE_X75Y41         FDRE (Prop_fdre_C_Q)         0.341     1.045 r  status_bits_mode_rds_oh_reg[2]/Q
                         net (fo=97, routed)          0.766     1.811    u_register_bank/status_bits_mode_rds_oh[2]
    SLICE_X71Y43         LUT3 (Prop_lut3_I2_O)        0.113     1.924 f  u_register_bank/sum1_carry_i_31/O
                         net (fo=1, routed)           0.413     2.337    u_register_bank/sum1_carry_i_31_n_0
    SLICE_X70Y41         LUT5 (Prop_lut5_I4_O)        0.239     2.576 f  u_register_bank/sum1_carry_i_22/O
                         net (fo=4, routed)           0.607     3.182    u_register_bank/sum1_carry_i_22_n_0
    SLICE_X70Y41         LUT5 (Prop_lut5_I2_O)        0.097     3.279 f  u_register_bank/sum1_carry_i_10/O
                         net (fo=3, routed)           0.454     3.734    u_register_bank/sum1_carry_i_10_n_0
    SLICE_X59Y40         LUT5 (Prop_lut5_I4_O)        0.097     3.831 r  u_register_bank/sum_acc1_carry__0_i_7/O
                         net (fo=4, routed)           0.456     4.287    u_register_bank/i_rs_sel[3]_1
    SLICE_X56Y40         LUT6 (Prop_lut6_I0_O)        0.097     4.384 f  u_register_bank/o_exec_stall_INST_0_i_2/O
                         net (fo=16, routed)          0.649     5.034    u_register_bank/o_exec_stall_INST_0_i_2_n_0
    SLICE_X53Y40         LUT6 (Prop_lut6_I2_O)        0.097     5.131 r  u_register_bank/o_iaddress[31]_i_26/O
                         net (fo=34, routed)          0.665     5.796    u_register_bank/o_iaddress[31]_i_26_n_0
    SLICE_X48Y36         LUT6 (Prop_lut6_I2_O)        0.097     5.893 r  u_register_bank/o_iaddress_nxt[8]_INST_0_i_11/O
                         net (fo=1, routed)           0.282     6.175    u_register_bank/o_iaddress_nxt[8]_INST_0_i_11_n_0
    SLICE_X48Y36         LUT5 (Prop_lut5_I3_O)        0.097     6.272 r  u_register_bank/o_iaddress_nxt[8]_INST_0_i_9/O
                         net (fo=5, routed)           0.343     6.614    u_register_bank/barrel_shift_out[8]
    SLICE_X44Y37         LUT4 (Prop_lut4_I3_O)        0.097     6.711 r  u_register_bank/o_iaddress_nxt[8]_INST_0_i_6/O
                         net (fo=3, routed)           0.564     7.276    u_alu/zero_ex_16_out[2]
    SLICE_X49Y38         LUT2 (Prop_lut2_I1_O)        0.097     7.373 r  u_alu/o_iaddress_nxt[15]_INST_0_i_26/O
                         net (fo=1, routed)           0.000     7.373    u_register_bank/o_iaddress_nxt[8]_INST_0_i_4_0[0]
    SLICE_X49Y38         CARRY4 (Prop_carry4_S[0]_CO[3])
                                                      0.395     7.768 r  u_register_bank/o_iaddress_nxt[15]_INST_0_i_8/CO[3]
                         net (fo=1, routed)           0.000     7.768    u_register_bank/o_iaddress_nxt[15]_INST_0_i_8_n_0
    SLICE_X49Y39         CARRY4 (Prop_carry4_CI_CO[3])
                                                      0.089     7.857 r  u_register_bank/o_iaddress_nxt[15]_INST_0_i_4/CO[3]
                         net (fo=1, routed)           0.000     7.857    u_register_bank/o_iaddress_nxt[15]_INST_0_i_4_n_0
    SLICE_X49Y40         CARRY4 (Prop_carry4_CI_CO[3])
                                                      0.089     7.946 r  u_register_bank/o_iaddress_nxt[19]_INST_0_i_4/CO[3]
                         net (fo=1, routed)           0.000     7.946    u_register_bank/o_iaddress_nxt[19]_INST_0_i_4_n_0
    SLICE_X49Y41         CARRY4 (Prop_carry4_CI_O[1])
                                                      0.230     8.176 r  u_register_bank/o_iaddress_nxt[23]_INST_0_i_4/O[1]
                         net (fo=2, routed)           0.419     8.595    u_register_bank/o_iaddress_nxt[23]_INST_0_i_4_n_6
    SLICE_X48Y45         LUT5 (Prop_lut5_I0_O)        0.225     8.820 r  u_register_bank/o_iaddress_nxt[21]_INST_0_i_1/O
                         net (fo=6, routed)           0.772     9.592    u_register_bank/alu_out[21]
    SLICE_X69Y44         LUT6 (Prop_lut6_I1_O)        0.097     9.689 r  u_register_bank/o_copro_write_data[21]_i_9/O
                         net (fo=1, routed)           0.348    10.037    u_register_bank/o_copro_write_data[21]_i_9_n_0
    SLICE_X72Y41         LUT5 (Prop_lut5_I0_O)        0.097    10.134 r  u_register_bank/o_copro_write_data[21]_i_4/O
                         net (fo=1, routed)           0.309    10.443    u_register_bank/o_copro_write_data[21]_i_4_n_0
    SLICE_X69Y40         LUT6 (Prop_lut6_I4_O)        0.097    10.540 r  u_register_bank/o_copro_write_data[21]_i_1/O
                         net (fo=2, routed)           0.330    10.870    write_data_nxt[21]
    SLICE_X70Y41         FDRE                                         r  o_copro_write_data_reg[21]/D
  -------------------------------------------------------------------    -------------------

                         (clock clk rise edge)       10.000    10.000 r  
                                                      0.000    10.000 r  i_clk (IN)
                         net (fo=1190, unset)         0.669    10.669    i_clk
    SLICE_X70Y41         FDRE                                         r  o_copro_write_data_reg[21]/C
                         clock pessimism              0.000    10.669    
                         clock uncertainty           -0.035    10.633    
    SLICE_X70Y41         FDRE (Setup_fdre_C_D)       -0.039    10.594    o_copro_write_data_reg[21]
  -------------------------------------------------------------------
                         required time                         10.594    
                         arrival time                         -10.870    
  -------------------------------------------------------------------
                         slack                                 -0.275    





Min Delay Paths
--------------------------------------------------------------------------------------
Slack (MET) :             0.187ns  (arrival time - required time)
  Source:                 read_data_filtered_r_reg[29]/C
                            (rising edge-triggered cell FDRE clocked by clk  {rise@0.000ns fall@5.000ns period=10.000ns})
  Destination:            read_data_filtered_r_reg[29]/D
                            (rising edge-triggered cell FDRE clocked by clk  {rise@0.000ns fall@5.000ns period=10.000ns})
  Path Group:             clk
  Path Type:              Hold (Min at Fast Process Corner)
  Requirement:            0.000ns  (clk rise@0.000ns - clk rise@0.000ns)
  Data Path Delay:        0.301ns  (logic 0.186ns (61.798%)  route 0.115ns (38.202%))
  Logic Levels:           1  (LUT4=1)
  Clock Path Skew:        0.022ns (DCD - SCD - CPR)
    Destination Clock Delay (DCD):    0.432ns
    Source Clock Delay      (SCD):    0.411ns
    Clock Pessimism Removal (CPR):    -0.000ns

    Location             Delay type                Incr(ns)  Path(ns)    Netlist Resource(s)
  -------------------------------------------------------------------    -------------------
                         (clock clk rise edge)        0.000     0.000 r  
                                                      0.000     0.000 r  i_clk (IN)
                         net (fo=1190, unset)         0.411     0.411    i_clk
    SLICE_X48Y48         FDRE                                         r  read_data_filtered_r_reg[29]/C
  -------------------------------------------------------------------    -------------------
    SLICE_X48Y48         FDRE (Prop_fdre_C_Q)         0.141     0.552 r  read_data_filtered_r_reg[29]/Q
                         net (fo=1, routed)           0.115     0.667    u_multiply/read_data_filtered_r_reg[31][29]
    SLICE_X48Y48         LUT4 (Prop_lut4_I3_O)        0.045     0.712 r  u_multiply/read_data_filtered_r[29]_i_1/O
                         net (fo=9, routed)           0.000     0.712    read_data_filtered_c[29]
    SLICE_X48Y48         FDRE                                         r  read_data_filtered_r_reg[29]/D
  -------------------------------------------------------------------    -------------------

                         (clock clk rise edge)        0.000     0.000 r  
                                                      0.000     0.000 r  i_clk (IN)
                         net (fo=1190, unset)         0.432     0.432    i_clk
    SLICE_X48Y48         FDRE                                         r  read_data_filtered_r_reg[29]/C
                         clock pessimism              0.000     0.432    
    SLICE_X48Y48         FDRE (Hold_fdre_C_D)         0.092     0.524    read_data_filtered_r_reg[29]
  -------------------------------------------------------------------
                         required time                         -0.524    
                         arrival time                           0.712    
  -------------------------------------------------------------------
                         slack                                  0.187    





Pulse Width Checks
--------------------------------------------------------------------------------------
Clock Name:         clk
Waveform(ns):       { 0.000 5.000 }
Period(ns):         10.000
Sources:            { i_clk }

Check Type        Corner  Lib Pin  Reference Pin  Required(ns)  Actual(ns)  Slack(ns)  Location      Pin
Min Period        n/a     FDRE/C   n/a            1.000         10.000      9.000      SLICE_X65Y35  base_address_reg[0]/C
Low Pulse Width   Slow    FDRE/C   n/a            0.500         5.000       4.500      SLICE_X65Y35  base_address_reg[0]/C
High Pulse Width  Slow    FDRE/C   n/a            0.500         5.000       4.500      SLICE_X65Y35  base_address_reg[0]/C



