Copyright 1986-2018 Xilinx, Inc. All Rights Reserved.
---------------------------------------------------------------------------------------------------------------------------------------------------------------------------------------------------------------
| Tool Version : Vivado v.2018.3 (lin64) Build 2405991 Thu Dec  6 23:36:41 MST 2018
| Date         : Tue Jan 11 21:22:11 2022
| Host         : koopa.ece.utexas.edu running 64-bit CentOS Linux release 7.9.2009 (Core)
| Command      : report_timing -sort_by group -max_paths 100 -path_type summary -file /misc/scratch/zwei1/reports_Jan12/raw_designs/opencores/arithmetic/double_fpu_submodules/fpu_round/post_route_timing.rpt
| Design       : fpu_round
| Device       : 7z020-clg484
| Speed File   : -3  PRODUCTION 1.11 2014-09-11
---------------------------------------------------------------------------------------------------------------------------------------------------------------------------------------------------------------

Timing Report

Startpoint                     Endpoint                       Slack(ns)     
----------------------------------------------------------------------------
sum_round_reg[55]/C            exponent_round_reg[11]/D       7.578         
sum_round_reg[55]/C            exponent_round_reg[9]/D        7.582         
sum_round_reg[55]/C            exponent_round_reg[10]/D       7.631         
sum_round_reg[55]/C            exponent_round_reg[8]/D        7.653         
sum_round_reg[55]/C            exponent_round_reg[7]/D        7.667         
sum_round_reg[55]/C            exponent_round_reg[5]/D        7.671         
sum_round_reg[55]/C            exponent_round_reg[6]/D        7.720         
sum_round_reg[55]/C            exponent_round_reg[4]/D        7.742         
sum_round_reg[55]/C            exponent_round_reg[3]/D        7.851         
sum_round_reg[55]/C            exponent_round_reg[2]/D        7.896         
sum_round_reg[55]/C            exponent_round_reg[1]/D        8.000         
sum_round_reg[55]/C            exponent_round_reg[0]/D        8.116         
sum_round_reg[55]/C            sum_round_2_reg[14]/D          8.164         
sum_round_reg[55]/C            sum_round_2_reg[2]/D           8.175         
sum_round_reg[55]/C            sum_round_2_reg[6]/D           8.190         
sum_round_reg[55]/C            sum_round_2_reg[15]/D          8.197         
sum_round_reg[55]/C            sum_round_2_reg[3]/D           8.199         
sum_round_reg[55]/C            sum_round_2_reg[7]/D           8.208         
sum_round_reg[55]/C            sum_round_2_reg[18]/D          8.258         
sum_round_reg[55]/C            sum_round_2_reg[10]/D          8.273         
sum_round_reg[55]/C            sum_round_2_reg[22]/D          8.277         
sum_round_reg[55]/C            sum_round_2_reg[11]/D          8.288         
sum_round_reg[55]/C            sum_round_2_reg[19]/D          8.291         
sum_round_reg[55]/C            sum_round_2_reg[12]/D          8.300         
sum_round_reg[55]/C            sum_round_2_reg[23]/D          8.310         
sum_round_reg[55]/C            sum_round_2_reg[13]/D          8.315         
sum_round_reg[55]/C            sum_round_2_reg[8]/D           8.322         
sum_round_reg[55]/C            sum_round_2_reg[4]/D           8.327         
sum_round_reg[55]/C            sum_round_2_reg[9]/D           8.339         
sum_round_reg[55]/C            sum_round_2_reg[5]/D           8.349         
sum_round_reg[55]/C            sum_round_2_reg[26]/D          8.387         
sum_round_reg[55]/C            sum_round_2_reg[27]/D          8.420         
sum_round_reg[55]/C            sum_round_2_reg[16]/D          8.441         
sum_round_reg[55]/C            sum_round_2_reg[30]/D          8.452         
sum_round_reg[55]/C            sum_round_2_reg[17]/D          8.455         
sum_round_reg[55]/C            sum_round_2_reg[38]/D          8.457         
sum_round_reg[55]/C            sum_round_2_reg[20]/D          8.460         
sum_round_reg[55]/C            sum_round_2_reg[21]/D          8.474         
sum_round_reg[55]/C            sum_round_2_reg[39]/D          8.483         
sum_round_reg[55]/C            sum_round_2_reg[31]/D          8.485         
sum_round_reg[55]/C            sum_round_2_reg[34]/D          8.555         
sum_round_reg[55]/C            sum_round_2_reg[24]/D          8.571         
sum_round_reg[55]/C            sum_round_2_reg[25]/D          8.585         
sum_round_reg[55]/C            sum_round_2_reg[35]/D          8.588         
sum_round_2_reg[27]/C          sum_final_reg[27]/D            8.624         
sum_round_reg[55]/C            sum_round_2_reg[28]/D          8.635         
sum_round_2_reg[19]/C          sum_final_reg[19]/D            8.647         
sum_round_2_reg[31]/C          sum_final_reg[31]/D            8.647         
sum_round_2_reg[35]/C          sum_final_reg[35]/D            8.647         
sum_round_2_reg[39]/C          sum_final_reg[39]/D            8.647         
sum_round_2_reg[43]/C          sum_final_reg[43]/D            8.647         
sum_round_2_reg[47]/C          sum_final_reg[47]/D            8.647         
sum_round_2_reg[51]/C          sum_final_reg[51]/D            8.647         
sum_round_reg[55]/C            sum_round_2_reg[29]/D          8.649         
sum_round_2_reg[22]/C          sum_final_reg[22]/D            8.654         
sum_round_reg[55]/C            sum_round_2_reg[46]/D          8.679         
sum_round_reg[55]/C            sum_round_2_reg[42]/D          8.684         
sum_round_reg[55]/C            sum_round_2_reg[47]/D          8.705         
sum_round_reg[55]/C            sum_round_2_reg[43]/D          8.717         
sum_round_reg[55]/C            sum_round_2_reg[32]/D          8.738         
sum_round_reg[55]/C            sum_round_2_reg[33]/D          8.752         
exponent_round_reg[5]/C        exponent_final_reg[5]/D        8.764         
sum_round_reg[55]/C            sum_round_2_reg[36]/D          8.765         
exponent_round_reg[9]/C        exponent_final_reg[9]/D        8.773         
sum_round_reg[55]/C            sum_round_2_reg[37]/D          8.779         
sum_round_reg[52]/C            sum_round_2_reg[51]/D          8.808         
sum_round_2_reg[3]/C           sum_final_reg[3]/D             8.836         
sum_round_reg[55]/C            sum_round_2_reg[40]/D          8.868         
sum_round_2_reg[24]/C          sum_final_reg[24]/D            8.868         
sum_round_reg[55]/C            sum_round_2_reg[41]/D          8.882         
sum_round_reg[55]/C            sum_round_2_reg[52]/D          8.900         
sum_round_2_reg[16]/C          sum_final_reg[16]/D            8.903         
sum_round_2_reg[20]/C          sum_final_reg[20]/D            8.903         
sum_round_2_reg[28]/C          sum_final_reg[28]/D            8.903         
sum_round_2_reg[32]/C          sum_final_reg[32]/D            8.903         
sum_round_2_reg[36]/C          sum_final_reg[36]/D            8.903         
sum_round_2_reg[40]/C          sum_final_reg[40]/D            8.903         
sum_round_2_reg[44]/C          sum_final_reg[44]/D            8.903         
sum_round_2_reg[48]/C          sum_final_reg[48]/D            8.903         
sum_round_2_reg[7]/C           sum_final_reg[7]/D             8.905         
sum_round_reg[55]/C            sum_round_2_reg[50]/D          8.914         
sum_round_reg[55]/C            sum_round_2_reg[53]/D          8.932         
exponent_round_reg[1]/C        exponent_final_reg[1]/D        8.939         
sum_round_2_reg[53]/C          sum_final_reg[53]/D            8.964         
sum_round_2_reg[15]/C          sum_final_reg[15]/D            8.980         
sum_round_2_reg[23]/C          sum_final_reg[23]/D            8.980         
sum_round_2_reg[9]/C           sum_final_reg[9]/D             8.980         
exponent_final_reg[1]/C        round_out_reg[53]/D            8.982         
sum_round_reg[55]/C            sum_round_2_reg[44]/D          8.986         
sum_round_reg[55]/C            sum_round_2_reg[45]/D          9.000         
sum_round_2_reg[8]/C           sum_final_reg[8]/D             9.001         
sum_final_reg[11]/C            round_out_reg[9]/D             9.017         
sum_round_reg[49]/C            sum_round_2_reg[48]/D          9.027         
exponent_final_reg[9]/C        round_out_reg[61]/D            9.027         
exponent_final_reg[5]/C        round_out_reg[57]/D            9.031         
sum_final_reg[7]/C             round_out_reg[5]/D             9.034         
exponent_final_reg[3]/C        round_out_reg[55]/D            9.035         
exponent_final_reg[7]/C        round_out_reg[59]/D            9.036         
sum_final_reg[53]/C            round_out_reg[51]/D            9.043         
sum_round_2_reg[4]/C           sum_final_reg[4]/D             9.050         



