Copyright 1986-2018 Xilinx, Inc. All Rights Reserved.
---------------------------------------------------------------------------------------------------------------------------------------------------------------------------------------------------------------------------------------------------------
| Tool Version : Vivado v.2018.3 (lin64) Build 2405991 Thu Dec  6 23:36:41 MST 2018
| Date         : Thu Jan 13 05:22:22 2022
| Host         : koopa.ece.utexas.edu running 64-bit CentOS Linux release 7.9.2009 (Core)
| Command      : report_timing -sort_by group -max_paths 100 -path_type summary -file /misc/scratch/zwei1/reports_Jan12/raw_designs/vtr_designs/verilog/koios/tiny_darknet_like.medium_submodules/td_fused_top_tdf12_readFilters82/post_route_timing.rpt
| Design       : td_fused_top_tdf12_readFilters82
| Device       : 7z020-clg484
| Speed File   : -3  PRODUCTION 1.11 2014-09-11
---------------------------------------------------------------------------------------------------------------------------------------------------------------------------------------------------------------------------------------------------------

Timing Report

Startpoint                     Endpoint                       Slack(ns)     
----------------------------------------------------------------------------
kk_0_0_0_i_i_reg_160_reg[2]/C  kk_0_0_0_i_i_reg_160_reg[1]/R  7.407         
kk_0_0_0_i_i_reg_160_reg[2]/C  kk_0_0_0_i_i_reg_160_reg[2]/R  7.407         
kk_0_0_0_i_i_reg_160_reg[2]/C  kk_0_0_0_i_i_reg_160_reg[3]/R  7.407         
kk_0_0_0_i_i_reg_160_reg[2]/C  kk_0_0_0_i_i_reg_160_reg[4]/R  7.407         
kk_0_0_0_i_i_reg_160_reg[2]/C  kk_0_0_0_i_i_reg_160_reg[5]/R  7.407         
kk_0_0_0_i_i_reg_160_reg[2]/C  kk_0_0_0_i_i_reg_160_reg[6]/R  7.407         
kk_0_0_0_i_i_reg_160_reg[2]/C  kk_0_0_0_i_i_reg_160_reg[7]/R  7.407         
kk_0_0_0_i_i_reg_160_reg[2]/C  kk_0_0_0_i_i_reg_160_reg[1]/CE 7.515         
kk_0_0_0_i_i_reg_160_reg[2]/C  kk_0_0_0_i_i_reg_160_reg[2]/CE 7.515         
kk_0_0_0_i_i_reg_160_reg[2]/C  kk_0_0_0_i_i_reg_160_reg[3]/CE 7.515         
kk_0_0_0_i_i_reg_160_reg[2]/C  kk_0_0_0_i_i_reg_160_reg[4]/CE 7.515         
kk_0_0_0_i_i_reg_160_reg[2]/C  kk_0_0_0_i_i_reg_160_reg[5]/CE 7.515         
kk_0_0_0_i_i_reg_160_reg[2]/C  kk_0_0_0_i_i_reg_160_reg[6]/CE 7.515         
kk_0_0_0_i_i_reg_160_reg[2]/C  kk_0_0_0_i_i_reg_160_reg[7]/CE 7.515         
kk_0_0_0_i_i_reg_160_reg[2]/C  lshr_ln_reg_275_reg[0]/CE      7.519         
kk_0_0_0_i_i_reg_160_reg[2]/C  lshr_ln_reg_275_reg[1]/CE      7.519         
kk_0_0_0_i_i_reg_160_reg[2]/C  lshr_ln_reg_275_reg[2]/CE      7.519         
kk_0_0_0_i_i_reg_160_reg[2]/C  lshr_ln_reg_275_reg[3]/CE      7.519         
kk_0_0_0_i_i_reg_160_reg[2]/C  lshr_ln_reg_275_reg[4]/CE      7.519         
kk_0_0_0_i_i_reg_160_reg[2]/C  lshr_ln_reg_275_reg[5]/CE      7.519         
kk_0_0_0_i_i_reg_160_reg[2]/C  icmp_ln49_reg_266_reg[0]/D     7.820         
kk_0_0_0_i_i_reg_160_reg[5]/C  ap_enable_reg_pp0_iter0_reg/D  7.875         
kk_0_0_0_i_i_reg_160_reg[2]/C  ap_enable_reg_pp0_iter1_reg/D  7.880         
kk_0_0_0_i_i_reg_160_reg[5]/C  ap_CS_fsm_reg[1]/D             7.896         
kk_0_0_0_i_i_reg_160_reg[5]/C  kk_0_0_0_i_i_reg_160_reg[5]/D  7.949         
kk_0_0_0_i_i_reg_160_reg[2]/C  ap_CS_fsm_reg[2]/D             8.026         
kk_0_0_0_i_i_reg_160_reg[5]/C  kk_0_0_0_i_i_reg_160_reg[7]/D  8.137         
ap_CS_fsm_reg[1]/C             ap_CS_fsm_reg[0]/D             8.410         
kk_0_0_0_i_i_reg_160_reg[2]/C  kk_0_0_0_i_i_reg_160_reg[2]/D  8.622         
ap_CS_fsm_reg[2]/C             ap_done_reg_reg/D              8.902         
kk_0_0_0_i_i_reg_160_reg[5]/C  kk_0_0_0_i_i_reg_160_reg[6]/D  8.911         
kk_0_0_0_i_i_reg_160_reg[2]/C  kk_0_0_0_i_i_reg_160_reg[3]/D  8.920         
kk_0_0_0_i_i_reg_160_reg[2]/C  kk_0_0_0_i_i_reg_160_reg[4]/D  8.950         
kk_0_0_0_i_i_reg_160_reg[1]/C  kk_0_0_0_i_i_reg_160_reg[1]/D  8.995         
kk_0_0_0_i_i_reg_160_reg[5]/C  lshr_ln_reg_275_reg[4]/D       9.097         
kk_0_0_0_i_i_reg_160_reg[2]/C  lshr_ln_reg_275_reg[1]/D       9.112         
ap_CS_fsm_reg[0]/C             indices_23_read_reg_261_reg[4]/CE
                                                              9.126         
ap_CS_fsm_reg[0]/C             indices_23_read_reg_261_reg[5]/CE
                                                              9.126         
ap_CS_fsm_reg[0]/C             indices_23_read_reg_261_reg[6]/CE
                                                              9.126         
ap_CS_fsm_reg[0]/C             indices_23_read_reg_261_reg[7]/CE
                                                              9.126         
ap_CS_fsm_reg[0]/C             indices_23_read_reg_261_reg[8]/CE
                                                              9.126         
ap_CS_fsm_reg[0]/C             indices_23_read_reg_261_reg[0]/CE
                                                              9.157         
ap_CS_fsm_reg[0]/C             indices_23_read_reg_261_reg[1]/CE
                                                              9.157         
ap_CS_fsm_reg[0]/C             indices_23_read_reg_261_reg[2]/CE
                                                              9.157         
ap_CS_fsm_reg[0]/C             indices_23_read_reg_261_reg[3]/CE
                                                              9.157         
kk_0_0_0_i_i_reg_160_reg[6]/C  lshr_ln_reg_275_reg[5]/D       9.162         
kk_0_0_0_i_i_reg_160_reg[4]/C  lshr_ln_reg_275_reg[3]/D       9.187         
kk_0_0_0_i_i_reg_160_reg[1]/C  lshr_ln_reg_275_reg[0]/D       9.281         
kk_0_0_0_i_i_reg_160_reg[3]/C  lshr_ln_reg_275_reg[2]/D       9.301         



