Copyright 1986-2018 Xilinx, Inc. All Rights Reserved.
-----------------------------------------------------------------------------------------------------------------------------------------------------------------------------------------------------------------------------------------------------
| Tool Version : Vivado v.2018.3 (lin64) Build 2405991 Thu Dec  6 23:36:41 MST 2018
| Date         : Thu Jan 13 07:49:02 2022
| Host         : koopa.ece.utexas.edu running 64-bit CentOS Linux release 7.9.2009 (Core)
| Command      : report_timing -sort_by group -max_paths 100 -path_type summary -file /misc/scratch/zwei1/reports_Jan12/raw_designs/vtr_designs/verilog/koios/tiny_darknet_like.small_submodules/td_fused_top_tdf7_filters_ram/post_route_timing.rpt
| Design       : td_fused_top_tdf7_filters_ram
| Device       : 7z020-clg484
| Speed File   : -3  PRODUCTION 1.11 2014-09-11
-----------------------------------------------------------------------------------------------------------------------------------------------------------------------------------------------------------------------------------------------------

Timing Report

Startpoint                     Endpoint                       Slack(ns)     
----------------------------------------------------------------------------
addr1_t1_reg[16]/C             ram_reg_0_13/ENBWREN           3.644         
addr1_t1_reg[16]/C             ram_reg_0_14/ENBWREN           3.711         
addr1_t1_reg[16]/C             ram_reg_1_14/ENBWREN           3.793         
addr1_t1_reg[16]/C             ram_reg_1_14/ENARDEN           4.019         
addr1_t1_reg[16]/C             ram_reg_1_13/ENARDEN           4.084         
addr1_t1_reg[16]/C             ram_reg_0_13/ENARDEN           4.193         
addr1_t1_reg[16]/C             ram_reg_1_13/ENBWREN           4.239         
addr1_t1_reg[16]/C             ram_reg_0_14/ENARDEN           4.240         
addr1_t1_reg[16]/C             ram_reg_0_12/ENBWREN           4.247         
addr1_t1_reg[16]/C             ram_reg_1_11/ENARDEN           4.379         
addr1_t1_reg[16]/C             ram_reg_0_15/ENBWREN           4.403         
addr1_t1_reg[16]/C             ram_reg_0_11/ENBWREN           4.424         
addr1_t1_reg[16]/C             ram_reg_0_11/ENARDEN           4.440         
addr1_t1_reg[16]/C             ram_reg_1_11/ENBWREN           4.451         
addr1_t1_reg[16]/C             ram_reg_0_12/ENARDEN           4.514         
addr1_t1_reg[16]/C             ram_reg_1_14__0/ENARDEN        4.518         
addr1_t1_reg[16]/C             ram_reg_0_10/ENBWREN           4.527         
addr1_t1_reg[16]/C             ram_reg_1_14__0/ENBWREN        4.611         
ram_reg_1_0_cooolgate_en_gate_33_cooolDelFlop/C
                               ram_reg_0_3/ENBWREN            4.650         
addr1_t1_reg[16]/C             ram_reg_1_11__0/ENARDEN        4.655         
addr1_t1_reg[16]/C             ram_reg_1_12/ENARDEN           4.679         
addr0_t1_reg[16]/C             ram_reg_1_12/ENBWREN           4.720         
addr1_t1_reg[16]/C             ram_reg_0_4/ENBWREN            4.740         
addr1_t1_reg[16]/C             ram_reg_1_11__0/ENBWREN        4.745         
addr0_t1_reg[15]/C             ram_reg_1_15__0/ENBWREN        4.756         
addr1_t1_reg[16]/C             ram_reg_0_5/ENBWREN            4.768         
addr1_t1_reg[15]_rep__0/C      ram_reg_0_6/ENBWREN            4.797         
addr1_t1_reg[16]/C             ram_reg_0_8/ENBWREN            4.831         
addr1_t1_reg[16]/C             ram_reg_0_13_cooolgate_en_gate_342_cooolDelFlop/D
                                                              4.833         
addr1_t1_reg[16]/C             ram_reg_1_0/ENBWREN            4.870         
addr1_t1_reg[16]/C             ram_reg_1_15/ENARDEN           4.904         
addr0_t1_reg[3]_rep/C          ram_reg_0_15/ADDRBWRADDR[3]    4.944         
addr1_t1_reg[16]/C             ram_reg_0_8/ENARDEN            4.951         
addr1_t1_reg[16]/C             ram_reg_0_15/ENARDEN           4.965         
addr1_t1_reg[16]/C             ram_reg_0_0/WEA[0]             5.017         
addr1_t1_reg[16]/C             ram_reg_0_0/ENBWREN            5.022         
addr1_t1_reg[16]/C             ram_reg_1_10__0/ENBWREN        5.024         
addr1_t1_reg[16]/C             ram_reg_1_8/ENARDEN            5.095         
ram_reg_0_4/CLKBWRCLK          q0_t1_reg[4]/D                 5.122         
addr1_t1_reg[16]/C             ram_reg_1_15__0/ENARDEN        5.131         
addr1_t1_reg[16]/C             ram_reg_1_15/ENBWREN           5.152         
addr1_t1_reg[16]/C             ram_reg_1_13_cooolgate_en_gate_85_cooolDelFlop/D
                                                              5.157         
addr1_t1_reg[16]/C             ram_reg_1_8/ENBWREN            5.192         
addr1_t1_reg[16]/C             ram_reg_1_0/ENARDEN            5.193         
addr1_t1_reg[16]/C             ram_reg_1_4/ENBWREN            5.195         
addr1_t1_reg[16]/C             ram_reg_1_10__0/ENARDEN        5.197         
addr1_t1_reg[16]/C             ram_reg_1_11_cooolgate_en_gate_66_cooolDelFlop/D
                                                              5.208         
addr1_t1_reg[16]/C             ram_reg_1_14__0_cooolgate_en_gate_565_cooolDelFlop/D
                                                              5.216         
addr1_t1_reg[16]/C             ram_reg_0_5/ENARDEN            5.217         
addr0_t1_reg[3]_rep/C          ram_reg_1_15/ADDRBWRADDR[3]    5.224         
addr1_t1_reg[16]/C             ram_reg_1_14_cooolgate_en_gate_95_cooolDelFlop/D
                                                              5.269         
addr1_t1_reg[15]_rep__0/C      ram_reg_0_6/ENARDEN            5.288         
addr1_t1_reg[16]/C             ram_reg_1_12__0/ENBWREN        5.291         
addr1_t1_reg[16]/C             ram_reg_0_12_cooolgate_en_gate_325_cooolDelFlop/D
                                                              5.339         
addr1_t1_reg[16]/C             ram_reg_1_5/ENBWREN            5.346         
addr1_t1_reg[16]/C             ram_reg_1_11__0_cooolgate_en_gate_537_cooolDelFlop/D
                                                              5.349         
addr0_t1_reg[10]_rep/C         ram_reg_0_15/ADDRBWRADDR[10]   5.355         
addr1_t1_reg[16]/C             ram_reg_1_0/WEA[0]             5.355         
addr1_t1_reg[15]_rep__0/C      ram_reg_1_7/ENBWREN            5.358         
addr0_t1_reg[15]/C             ram_reg_1_8__0/ENBWREN         5.365         
addr0_t1_reg[14]_rep/C         ram_reg_0_15/ADDRBWRADDR[14]   5.367         
addr1_t1_reg[16]/C             ram_reg_1_12_cooolgate_en_gate_76_cooolDelFlop/D
                                                              5.369         
addr1_t1_reg[3]_rep/C          ram_reg_0_15/ADDRARDADDR[3]    5.389         
addr1_t1_reg[16]/C             ram_reg_0_14_cooolgate_en_gate_359_cooolDelFlop/D
                                                              5.390         
addr1_t1_reg[5]_rep/C          ram_reg_0_15/ADDRARDADDR[5]    5.396         
addr1_t1_reg[16]/C             ram_reg_0_4/ENARDEN            5.398         
addr0_t1_reg[16]/C             ram_reg_0_9/ENBWREN            5.406         
addr1_t1_reg[13]_rep/C         ram_reg_0_15/ADDRARDADDR[13]   5.413         
addr1_t1_reg[16]/C             ram_reg_0_1/ENBWREN            5.418         
addr1_t1_reg[16]/C             ram_reg_1_9/ENBWREN            5.429         
addr0_t1_reg[9]_rep/C          ram_reg_0_15/ADDRBWRADDR[9]    5.451         
addr1_t1_reg[16]/C             ram_reg_0_2/ENBWREN            5.465         
addr1_t1_reg[16]/C             ram_reg_0_10/ENARDEN           5.465         
addr1_t1_reg[16]/C             ram_reg_1_12__0/ENARDEN        5.486         
addr1_t1_reg[16]/C             ram_reg_0_11_cooolgate_en_gate_308_cooolDelFlop/D
                                                              5.490         
ram_reg_0_5/CLKBWRCLK          q0_t1_reg[5]/D                 5.493         
addr0_t1_reg[3]_rep/C          ram_reg_0_10/ADDRBWRADDR[3]    5.504         
addr1_t1_reg[16]/C             ram_reg_1_9__0/ENARDEN         5.507         
addr1_t1_reg[10]_rep/C         ram_reg_0_15/ADDRARDADDR[10]   5.523         
addr1_t1_reg[16]/C             ram_reg_1_9/ENARDEN            5.526         
addr1_t1_reg[16]/C             ram_reg_1_5/ENARDEN            5.526         
addr1_t1_reg[16]/C             ram_reg_1_4/ENARDEN            5.536         
addr1_t1_reg[15]_rep__0/C      ram_reg_1_7/ENARDEN            5.548         
addr1_t1_reg[8]_rep/C          ram_reg_0_15/ADDRARDADDR[8]    5.551         
addr1_t1_reg[16]/C             ram_reg_1_9__0/ENBWREN         5.554         
ram_reg_0_0/CLKBWRCLK          q0_t1_reg[0]/D                 5.571         
addr0_t1_reg[2]_rep/C          ram_reg_0_15/ADDRBWRADDR[2]    5.586         
addr1_t1_reg[16]/C             ram_reg_1_13__0/ENBWREN        5.618         
addr1_t1_reg[16]/C             ram_reg_1_13__0/ENARDEN        5.624         
addr0_t1_reg[10]_rep/C         ram_reg_1_15/ADDRBWRADDR[10]   5.635         
addr0_t1_reg[4]_rep/C          ram_reg_0_15/ADDRBWRADDR[4]    5.643         
addr0_t1_reg[14]_rep/C         ram_reg_1_15/ADDRBWRADDR[14]   5.647         
addr1_t1_reg[4]_rep/C          ram_reg_0_15/ADDRARDADDR[4]    5.649         
addr1_t1_reg[16]/C             ram_reg_1_3__0/ENBWREN         5.662         
addr1_t1_reg[12]_rep/C         ram_reg_0_15/ADDRARDADDR[12]   5.669         
addr1_t1_reg[3]_rep/C          ram_reg_1_15/ADDRARDADDR[3]    5.669         
addr1_t1_reg[5]_rep/C          ram_reg_1_15/ADDRARDADDR[5]    5.676         
addr0_t1_reg[12]_rep/C         ram_reg_0_15/ADDRBWRADDR[12]   5.680         
addr1_t1_reg[13]_rep/C         ram_reg_1_15/ADDRARDADDR[13]   5.693         
addr1_t1_reg[16]/C             ram_reg_0_9/ENARDEN            5.718         



