Copyright 1986-2018 Xilinx, Inc. All Rights Reserved.
-----------------------------------------------------------------------------------------------------------------------------------------------------------------------------------------------------------------------------------------
| Tool Version : Vivado v.2018.3 (lin64) Build 2405991 Thu Dec  6 23:36:41 MST 2018
| Date         : Wed Jan 12 00:00:48 2022
| Host         : koopa.ece.utexas.edu running 64-bit CentOS Linux release 7.9.2009 (Core)
| Command      : report_timing -sort_by group -max_paths 100 -path_type summary -file /misc/scratch/zwei1/reports_Jan12/raw_designs/vtr_designs/verilog/koios/clstm_like.large_submodules/shift_register_unit_18_6/post_route_timing.rpt
| Design       : shift_register_unit_18_6
| Device       : 7z020-clg484
| Speed File   : -3  PRODUCTION 1.11 2014-09-11
-----------------------------------------------------------------------------------------------------------------------------------------------------------------------------------------------------------------------------------------

Timing Report

Startpoint                     Endpoint                       Slack(ns)     
----------------------------------------------------------------------------
shift_registers_4_reg[4]_shift_registers_4_reg_r/C
                               shift_registers_5_reg[4]/D     8.792         
shift_registers_3_reg[0]_srl4___shift_registers_3_reg_r/CLK
                               shift_registers_4_reg[0]_shift_registers_4_reg_r/D
                                                              8.792         
shift_registers_3_reg[16]_srl4___shift_registers_3_reg_r/CLK
                               shift_registers_4_reg[16]_shift_registers_4_reg_r/D
                                                              8.792         
shift_registers_3_reg[8]_srl4___shift_registers_3_reg_r/CLK
                               shift_registers_4_reg[8]_shift_registers_4_reg_r/D
                                                              8.792         
shift_registers_4_reg_r/C      shift_registers_5_reg[2]/D     8.806         
shift_registers_3_reg[17]_srl4___shift_registers_3_reg_r/CLK
                               shift_registers_4_reg[17]_shift_registers_4_reg_r/D
                                                              8.807         
shift_registers_3_reg[1]_srl4___shift_registers_3_reg_r/CLK
                               shift_registers_4_reg[1]_shift_registers_4_reg_r/D
                                                              8.807         
shift_registers_3_reg[9]_srl4___shift_registers_3_reg_r/CLK
                               shift_registers_4_reg[9]_shift_registers_4_reg_r/D
                                                              8.807         
shift_registers_3_reg[11]_srl4___shift_registers_3_reg_r/CLK
                               shift_registers_4_reg[11]_shift_registers_4_reg_r/D
                                                              8.811         
shift_registers_3_reg[3]_srl4___shift_registers_3_reg_r/CLK
                               shift_registers_4_reg[3]_shift_registers_4_reg_r/D
                                                              8.811         
shift_registers_3_reg[10]_srl4___shift_registers_3_reg_r/CLK
                               shift_registers_4_reg[10]_shift_registers_4_reg_r/D
                                                              8.813         
shift_registers_3_reg[2]_srl4___shift_registers_3_reg_r/CLK
                               shift_registers_4_reg[2]_shift_registers_4_reg_r/D
                                                              8.813         
shift_registers_3_reg[15]_srl4___shift_registers_3_reg_r/CLK
                               shift_registers_4_reg[15]_shift_registers_4_reg_r/D
                                                              8.820         
shift_registers_3_reg[7]_srl4___shift_registers_3_reg_r/CLK
                               shift_registers_4_reg[7]_shift_registers_4_reg_r/D
                                                              8.820         
shift_registers_3_reg[13]_srl4___shift_registers_3_reg_r/CLK
                               shift_registers_4_reg[13]_shift_registers_4_reg_r/D
                                                              8.826         
shift_registers_3_reg[5]_srl4___shift_registers_3_reg_r/CLK
                               shift_registers_4_reg[5]_shift_registers_4_reg_r/D
                                                              8.826         
shift_registers_4_reg_r/C      shift_registers_5_reg[14]/D    8.831         
shift_registers_4_reg_r/C      shift_registers_5_reg[3]/D     8.832         
shift_registers_3_reg[14]_srl4___shift_registers_3_reg_r/CLK
                               shift_registers_4_reg[14]_shift_registers_4_reg_r/D
                                                              8.834         
shift_registers_3_reg[6]_srl4___shift_registers_3_reg_r/CLK
                               shift_registers_4_reg[6]_shift_registers_4_reg_r/D
                                                              8.834         
shift_registers_4_reg_r/C      shift_registers_5_reg[10]/D    8.835         
shift_registers_4_reg_r/C      shift_registers_5_reg[16]/D    8.835         
shift_registers_3_reg[12]_srl4___shift_registers_3_reg_r/CLK
                               shift_registers_4_reg[12]_shift_registers_4_reg_r/D
                                                              8.835         
shift_registers_3_reg[4]_srl4___shift_registers_3_reg_r/CLK
                               shift_registers_4_reg[4]_shift_registers_4_reg_r/D
                                                              8.835         
shift_registers_4_reg_r/C      shift_registers_5_reg[15]/D    8.859         
shift_registers_4_reg_r/C      shift_registers_5_reg[11]/D    8.868         
shift_registers_4_reg_r/C      shift_registers_5_reg[17]/D    8.869         
shift_registers_4_reg[8]_shift_registers_4_reg_r/C
                               shift_registers_5_reg[8]/D     8.883         
shift_registers_4_reg[1]_shift_registers_4_reg_r/C
                               shift_registers_5_reg[1]/D     8.897         
shift_registers_4_reg[12]_shift_registers_4_reg_r/C
                               shift_registers_5_reg[12]/D    8.914         
shift_registers_4_reg[7]_shift_registers_4_reg_r/C
                               shift_registers_5_reg[7]/D     8.945         
shift_registers_4_reg_r/C      shift_registers_5_reg[9]/D     8.965         
shift_registers_4_reg[0]_shift_registers_4_reg_r/C
                               shift_registers_5_reg[0]/D     8.978         
shift_registers_4_reg[5]_shift_registers_4_reg_r/C
                               shift_registers_5_reg[5]/D     9.013         
shift_registers_4_reg[6]_shift_registers_4_reg_r/C
                               shift_registers_5_reg[6]/D     9.053         
shift_registers_4_reg[13]_shift_registers_4_reg_r/C
                               shift_registers_5_reg[13]/D    9.062         
shift_registers_3_reg_r/C      shift_registers_4_reg_r/D      9.106         
shift_registers_1_reg_r/C      shift_registers_2_reg_r/D      9.177         
shift_registers_2_reg_r/C      shift_registers_3_reg_r/D      9.193         
shift_registers_0_reg_r/C      shift_registers_1_reg_r/D      9.337         



