Copyright 1986-2018 Xilinx, Inc. All Rights Reserved.
------------------------------------------------------------------------------------------------------------------------------------------------------------------------------------------------------------------
| Tool Version : Vivado v.2018.3 (lin64) Build 2405991 Thu Dec  6 23:36:41 MST 2018
| Date         : Wed Jan 12 20:53:07 2022
| Host         : koopa.ece.utexas.edu running 64-bit CentOS Linux release 7.9.2009 (Core)
| Command      : report_timing -sort_by group -max_paths 100 -path_type summary -file /misc/scratch/zwei1/reports_Jan12/raw_designs/opencores/arithmetic/crcahb_submodules/crc_control_unit/post_route_timing.rpt
| Design       : crc_control_unit
| Device       : 7z020-clg484
| Speed File   : -3  PRODUCTION 1.11 2014-09-11
------------------------------------------------------------------------------------------------------------------------------------------------------------------------------------------------------------------

Timing Report

Startpoint                     Endpoint                       Slack(ns)     
----------------------------------------------------------------------------
FSM_onehot_state_byte_reg[0]/C FSM_sequential_state_reset_reg[2]/CE
                                                              7.397         
FSM_onehot_state_byte_reg[0]/C state_reset_reg[0]/CE          7.422         
FSM_onehot_state_byte_reg[0]/C state_reset_reg[2]/CE          7.422         
FSM_onehot_state_byte_reg[0]/C FSM_sequential_state_reset_reg[0]/CE
                                                              7.548         
FSM_onehot_state_byte_reg[0]/C FSM_sequential_state_reset_reg[1]/CE
                                                              7.548         
FSM_onehot_state_byte_reg[1]/C FSM_onehot_state_byte_reg[0]/CE
                                                              7.553         
FSM_onehot_state_byte_reg[1]/C FSM_onehot_state_byte_reg[3]/CE
                                                              7.553         
FSM_onehot_state_byte_reg[1]/C FSM_onehot_state_byte_reg[4]/CE
                                                              7.553         
FSM_onehot_state_byte_reg[0]/C state_reset_reg[1]/CE          7.572         
FSM_onehot_state_byte_reg[1]/C FSM_onehot_state_byte_reg[1]/CE
                                                              7.704         
FSM_onehot_state_byte_reg[1]/C FSM_onehot_state_byte_reg[2]/CE
                                                              7.704         
FSM_onehot_state_byte_reg[0]/C state_reset_reg[1]/D           7.772         
FSM_onehot_state_byte_reg[0]/C FSM_sequential_state_reset_reg[0]/D
                                                              7.861         
FSM_onehot_state_byte_reg[0]/C FSM_sequential_state_reset_reg[1]/D
                                                              7.990         
FSM_onehot_state_byte_reg[1]/C FSM_onehot_state_byte_reg[4]/D 8.032         
FSM_onehot_state_byte_reg[0]/C state_reset_reg[0]/D           8.052         
FSM_onehot_state_byte_reg[0]/C state_reset_reg[2]/D           8.130         
FSM_onehot_state_byte_reg[0]/C FSM_sequential_state_reset_reg[2]/D
                                                              8.138         
FSM_onehot_state_byte_reg[0]/C FSM_onehot_state_byte_reg[2]/D 8.165         
FSM_onehot_state_byte_reg[0]/C FSM_sequential_state_full_reg[0]/D
                                                              8.167         
FSM_onehot_state_byte_reg[0]/C FSM_sequential_state_full_reg[1]/D
                                                              8.181         
FSM_onehot_state_byte_reg[4]/C FSM_onehot_state_byte_reg[3]/D 8.345         
FSM_onehot_state_byte_reg[0]/C FSM_onehot_state_byte_reg[1]/D 8.388         
FSM_onehot_state_byte_reg[3]/C FSM_onehot_state_byte_reg[0]/D 9.116         



