Copyright 1986-2018 Xilinx, Inc. All Rights Reserved.
-----------------------------------------------------------------------------------------------------------------------------------------------------------------------------------------
| Tool Version : Vivado v.2018.3 (lin64) Build 2405991 Thu Dec  6 23:36:41 MST 2018
| Date         : Wed Jan 12 22:12:12 2022
| Host         : koopa.ece.utexas.edu running 64-bit CentOS Linux release 7.9.2009 (Core)
| Command      : report_timing -sort_by group -max_paths 100 -path_type summary -file /misc/scratch/zwei1/reports_Jan12/raw_designs/vtr_designs/verilog/blob_merge/post_route_timing.rpt
| Design       : RLE_BlobMerging
| Device       : 7z020-clg484
| Speed File   : -3  PRODUCTION 1.11 2014-09-11
-----------------------------------------------------------------------------------------------------------------------------------------------------------------------------------------

Timing Report

Startpoint                     Endpoint                       Slack(ns)     
----------------------------------------------------------------------------
countDetectedBlobs_reg[1]_replica_1/C
                               oAvgSizeXaxis_reg[0]/D         -4.504        
countDetectedBlobs_reg[0]_replica_2/C
                               oAvgSizeYaxis_reg[0]/D         -4.004        
countDetectedBlobs_reg[1]_replica_1/C
                               oAvgSizeXaxis_reg[1]/D         -2.372        
countDetectedBlobs_reg[0]_replica_2/C
                               oAvgSizeYaxis_reg[1]/D         -1.997        
countDetectedBlobs_reg[1]_replica_1/C
                               oAvgSizeXaxis_reg[2]/D         -1.029        
countDetectedBlobs_reg[0]_replica_2/C
                               oAvgSizeYaxis_reg[2]/D         -0.809        
countDetectedBlobs_reg[1]_replica_1/C
                               oAvgSizeXaxis_reg[3]/D         0.354         
countDetectedBlobs_reg[0]_replica_2/C
                               oAvgSizeYaxis_reg[3]/D         1.009         
blob5maxY_reg[2]/C             ContainerAdjacentResult_reg[14]/D
                                                              1.645         
blob5minX_reg[7]/C             ContainerAdjacentResult_reg[3]/D
                                                              1.858         
blob3maxX_reg[5]/C             ContainerAdjacentResult_reg[8]/D
                                                              1.904         
write_result_pointer_reg[0]/C  oWriteBlobData_reg[14]/R       2.024         
write_result_pointer_reg[0]/C  oWriteBlobData_reg[30]/R       2.063         
blob3minX_reg[2]/C             blob3minX_reg[2]/CE            2.165         
write_result_pointer_reg[0]/C  oWriteBlobData_reg[22]/R       2.167         
write_result_pointer_reg[0]/C  oWriteBlobData_reg[23]/R       2.167         
write_result_pointer_reg[0]/C  oWriteBlobData_reg[27]/R       2.167         
write_result_pointer_reg[0]/C  oWriteBlobData_reg[21]/R       2.170         
write_result_pointer_reg[2]/C  avgSizeXaxis_reg[8]_replica_1/D
                                                              2.175         
blob1minX_reg[3]/C             ContainerAdjacentResult_reg[10]/D
                                                              2.193         
write_result_pointer_reg[0]/C  oWriteBlobData_reg[28]/R       2.196         
blob3minX_reg[2]/C             blob3minX_reg[0]/CE            2.217         
blob5maxY_reg[6]/C             ContainerAdjacentResult_reg[6]/D
                                                              2.225         
blob2minX_reg[1]/C             ContainerAdjacentResult_reg[0]/D
                                                              2.234         
write_result_pointer_reg[2]/C  avgSizeYaxis_reg[7]_replica/D  2.263         
countDetectedBlobs_reg[1]_replica_1/C
                               oAvgSizeXaxis_reg[4]/D         2.273         
blob6maxY_reg[7]/C             ContainerAdjacentResult_reg[13]/D
                                                              2.285         
blob4maxY_reg[6]/C             ContainerAdjacentResult_reg[7]/D
                                                              2.295         
write_result_pointer_reg[0]/C  oWriteBlobData_reg[29]/R       2.312         
countDetectedBlobs_reg[0]_replica_2/C
                               oAvgSizeYaxis_reg[4]/D         2.369         
blob5minY_reg[3]/C             ContainerAdjacentResult_reg[9]/D
                                                              2.419         
write_result_pointer_reg[0]/C  oWriteBlobData_reg[24]/R       2.425         
write_result_pointer_reg[0]/C  oWriteBlobData_reg[25]/R       2.425         
write_result_pointer_reg[0]/C  oWriteBlobData_reg[26]/R       2.425         
blob2maxX_reg[7]/C             ContainerAdjacentResult_reg[11]/D
                                                              2.434         
blob1minX_reg[8]/C             ContainerAdjacentResult_reg[1]/D
                                                              2.435         
write_result_pointer_reg[0]/C  oWriteBlobData_reg[12]/R       2.442         
run_start_x_reg[1]/C           checkResult_reg[10]/D          2.469         
run_start_x_reg[1]/C           checkResult_reg[4]/D           2.481         
write_result_pointer_reg[2]/C  avgSizeXaxis_reg[8]_replica_2/D
                                                              2.492         
write_result_pointer_reg[0]/C  oWriteBlobData_reg[16]/R       2.505         
write_result_pointer_reg[0]/C  oWriteBlobData_reg[15]/R       2.530         
write_result_pointer_reg[0]/C  oWriteBlobData_reg[18]/R       2.530         
blob1minY_reg[3]/C             ContainerAdjacentResult_reg[2]/D
                                                              2.554         
blob3minX_reg[2]/C             blob3minX_reg[9]/CE            2.563         
run_start_x_reg[1]/C           checkResult_reg[1]/D           2.574         
blob4maxY_reg[3]/C             blob3maxY_reg[1]/CE            2.582         
run_start_x_reg[1]/C           checkResult_reg[13]/D          2.587         
blob3maxX_reg[4]/C             ContainerAdjacentResult_reg[12]/D
                                                              2.618         
write_result_pointer_reg[0]/C  oWriteBlobData_reg[13]/R       2.644         
write_result_pointer_reg[0]/C  oWriteBlobData_reg[19]/R       2.644         
write_result_pointer_reg[2]/C  avgSizeXaxis_reg[7]_replica_1/D
                                                              2.683         
blob4maxY_reg[5]/C             ContainerAdjacentResult_reg[5]/D
                                                              2.698         
blob2maxY_reg[5]/C             ContainerAdjacentResult_reg[4]/D
                                                              2.703         
blob3minX_reg[2]/C             blob3minX_reg[6]/CE            2.708         
run_start_x_reg[1]/C           blob3maxX_reg[0]/CE            2.718         
run_start_x_reg[1]/C           blob3maxX_reg[8]/CE            2.719         
run_start_x_reg[1]/C           checkResult_reg[16]/D          2.726         
blob6minX_reg[1]/C             blob1minX_reg[10]/CE           2.738         
blob6minX_reg[1]/C             blob1minX_reg[9]/CE            2.738         
write_result_pointer_reg[0]/C  oWriteBlobData_reg[14]/CE      2.746         
write_result_pointer_reg[2]/C  avgSizeXaxis_reg[8]_replica/D  2.796         
blob3minX_reg[2]/C             blob3minX_reg[1]/CE            2.805         
blob3minX_reg[2]/C             blob3minX_reg[7]/CE            2.805         
write_result_pointer_reg[2]/C  avgSizeYaxis_reg[9]/D          2.842         
write_result_pointer_reg[2]/C  avgSizeYaxis_reg[4]/D          2.881         
write_result_pointer_reg[2]/C  avgSizeXaxis_reg[7]_replica/D  2.884         
blob6minX_reg[1]/C             blob1minX_reg[1]/CE            2.915         
blob6minX_reg[1]/C             blob1minX_reg[3]/CE            2.915         
blob6minX_reg[1]/C             blob1minX_reg[6]/CE            2.915         
write_result_pointer_reg[0]/C  oWriteBlobData_reg[10]/R       2.919         
write_result_pointer_reg[2]/C  avgSizeYaxis_reg[10]/D         2.920         
write_result_pointer_reg[2]/C  avgSizeYaxis_reg[5]/D          2.922         
blob6minX_reg[1]/C             blob1minX_reg[4]/CE            2.931         
blob6minX_reg[1]/C             blob1minX_reg[8]/CE            2.931         
blob3minX_reg[2]/C             blob3minX_reg[10]/CE           2.933         
blob3minX_reg[2]/C             blob3minX_reg[3]/CE            2.933         
write_result_pointer_reg[2]/C  avgSizeYaxis_reg[7]/D          2.934         
run_start_x_reg[1]/C           blob3maxX_reg[1]/CE            2.935         
run_start_x_reg[1]/C           blob3maxX_reg[2]/CE            2.935         
run_start_x_reg[1]/C           blob3maxX_reg[10]/CE           2.948         
run_start_x_reg[1]/C           blob3maxX_reg[6]/CE            2.948         
blob4maxY_reg[3]/C             blob3maxY_reg[10]/CE           2.957         
blob4maxY_reg[3]/C             blob3maxY_reg[3]/CE            2.957         
blob4maxY_reg[3]/C             blob3maxY_reg[8]/CE            2.957         
write_result_pointer_reg[0]/C  oWriteBlobData_reg[28]/CE      2.961         
write_result_pointer_reg[0]/C  oWriteBlobData_reg[30]/CE      2.984         
write_result_pointer_reg[0]/C  oWriteBlobData_reg[11]/R       2.984         
blob4maxY_reg[3]/C             blob3maxY_reg[2]/CE            2.988         
blob3minX_reg[2]/C             blob3minX_reg[4]/CE            3.028         
write_result_pointer_reg[2]/C  avgSizeXaxis_reg[9]/D          3.060         
write_result_pointer_reg[2]/C  avgSizeYaxis_reg[8]/D          3.075         
run_start_x_reg[5]/C           blob4maxX_reg[5]/CE            3.086         
blob4maxY_reg[3]/C             blob3maxY_reg[4]/CE            3.097         
blob4maxY_reg[3]/C             blob3maxY_reg[6]/CE            3.097         
blob4maxY_reg[3]/C             blob3maxY_reg[9]/CE            3.097         
write_result_pointer_reg[2]/C  avgSizeYaxis_reg[3]/D          3.098         
run_start_x_reg[1]/C           blob3maxX_reg[5]/CE            3.107         
run_start_x_reg[1]/C           blob3maxX_reg[4]/CE            3.116         
write_result_pointer_reg[0]/C  oWriteBlobData_reg[17]/R       3.127         



