Copyright 1986-2018 Xilinx, Inc. All Rights Reserved.
-----------------------------------------------------------------------------------------------------------------------------------------------------------------------------------------------------------------------------
| Tool Version : Vivado v.2018.3 (lin64) Build 2405991 Thu Dec  6 23:36:41 MST 2018
| Date         : Wed Jan 12 22:56:23 2022
| Host         : koopa.ece.utexas.edu running 64-bit CentOS Linux release 7.9.2009 (Core)
| Command      : report_timing -sort_by group -max_paths 100 -path_type summary -file /misc/scratch/zwei1/reports_Jan12/raw_designs/vtr_designs/verilog/koios/clstm_like.large_submodules/counter_20_1/post_route_timing.rpt
| Design       : counter_20_1
| Device       : 7z020-clg484
| Speed File   : -3  PRODUCTION 1.11 2014-09-11
-----------------------------------------------------------------------------------------------------------------------------------------------------------------------------------------------------------------------------

Timing Report

Startpoint                     Endpoint                       Slack(ns)     
----------------------------------------------------------------------------
count_reg[5]/C                 count_reg[12]/R                5.763         
count_reg[5]/C                 count_reg[13]/R                5.763         
count_reg[5]/C                 count_reg[4]/R                 5.831         
count_reg[5]/C                 count_reg[5]/R                 5.831         
count_reg[5]/C                 count_reg[6]/R                 5.831         
count_reg[5]/C                 count_reg[7]/R                 5.831         
count_reg[5]/C                 count_reg[10]/R                5.864         
count_reg[5]/C                 count_reg[11]/R                5.864         
count_reg[5]/C                 count_reg[8]/R                 5.864         
count_reg[5]/C                 count_reg[9]/R                 5.864         
count_reg[5]/C                 count_reg[0]/R                 5.891         
count_reg[5]/C                 count_reg[1]/R                 5.891         
count_reg[5]/C                 count_reg[2]/R                 5.891         
count_reg[5]/C                 count_reg[3]/R                 5.891         
count_reg[1]/C                 count_reg[13]/D                8.275         
count_reg[1]/C                 count_reg[12]/D                8.346         
count_reg[1]/C                 count_reg[11]/D                8.360         
count_reg[1]/C                 count_reg[9]/D                 8.364         
count_reg[1]/C                 count_reg[10]/D                8.413         
count_reg[1]/C                 count_reg[8]/D                 8.435         
count_reg[1]/C                 count_reg[7]/D                 8.457         
count_reg[1]/C                 count_reg[5]/D                 8.461         
count_reg[1]/C                 count_reg[6]/D                 8.510         
count_reg[1]/C                 count_reg[4]/D                 8.532         
count_reg[1]/C                 count_reg[3]/D                 8.626         
count_reg[1]/C                 count_reg[2]/D                 8.671         
count_reg[0]/C                 count_reg[1]/D                 8.876         
count_reg[0]/C                 count_reg[0]/D                 8.992         



