Copyright 1986-2018 Xilinx, Inc. All Rights Reserved.
----------------------------------------------------------------------------------------------------------------------------------------------------------------------------------------------------------------------------------
| Tool Version : Vivado v.2018.3 (lin64) Build 2405991 Thu Dec  6 23:36:41 MST 2018
| Date         : Thu Jan 13 00:52:24 2022
| Host         : koopa.ece.utexas.edu running 64-bit CentOS Linux release 7.9.2009 (Core)
| Command      : report_timing -sort_by group -max_paths 100 -path_type summary -file /misc/scratch/zwei1/reports_Jan12/raw_designs/vtr_designs/verilog/koios/dla_like.small_submodules/accumulator_24_30_3/post_route_timing.rpt
| Design       : accumulator_24_30_3
| Device       : 7z020-clg484
| Speed File   : -3  PRODUCTION 1.11 2014-09-11
----------------------------------------------------------------------------------------------------------------------------------------------------------------------------------------------------------------------------------

Timing Report

Startpoint                     Endpoint                       Slack(ns)     
----------------------------------------------------------------------------
in_reg_reg[3]/C                out_reg_reg[27]/D              7.193         
in_reg_reg[3]/C                out_reg_reg[28]/D              7.275         
in_reg_reg[3]/C                out_reg_reg[25]/D              7.308         
in_reg_reg[3]/C                out_reg_reg[29]/D              7.308         
in_reg_reg[3]/C                out_reg_reg[21]/D              7.350         
in_reg_reg[3]/C                out_reg_reg[23]/D              7.379         
in_reg_reg[3]/C                out_reg_reg[26]/D              7.387         
in_reg_reg[3]/C                out_reg_reg[22]/D              7.409         
in_reg_reg[3]/C                out_reg_reg[20]/D              7.435         
in_reg_reg[3]/C                out_reg_reg[17]/D              7.439         
in_reg_reg[3]/C                out_reg_reg[19]/D              7.468         
in_reg_reg[3]/C                out_reg_reg[18]/D              7.498         
in_reg_reg[3]/C                out_reg_reg[24]/D              7.511         
in_reg_reg[3]/C                out_reg_reg[15]/D              7.515         
in_reg_reg[3]/C                out_reg_reg[16]/D              7.524         
in_reg_reg[3]/C                out_reg_reg[13]/D              7.536         
in_reg_reg[3]/C                out_reg_reg[14]/D              7.594         
in_reg_reg[3]/C                out_reg_reg[12]/D              7.620         
in_reg_reg[3]/C                out_reg_reg[10]/D              7.678         
in_reg_reg[3]/C                out_reg_reg[5]/D               7.714         
in_reg_reg[3]/C                out_reg_reg[8]/D               7.726         
in_reg_reg[3]/C                out_reg_reg[11]/D              7.727         
in_reg_reg[3]/C                out_reg_reg[7]/D               7.742         
in_reg_reg[3]/C                cir_shift_reg_2_reg[29]/D      7.758         
in_reg_reg[3]/C                out_reg_reg[9]/D               7.761         
in_reg_reg[3]/C                out_reg_reg[6]/D               7.772         
in_reg_reg[3]/C                out_reg_reg[4]/D               7.798         
in_reg_reg[3]/C                cir_shift_reg_2_reg[28]/D      7.828         
in_reg_reg[3]/C                cir_shift_reg_2_reg[27]/D      7.839         
in_reg_reg[3]/C                cir_shift_reg_2_reg[25]/D      7.847         
in_reg_reg[3]/C                cir_shift_reg_2_reg[26]/D      7.894         
in_reg_reg[3]/C                cir_shift_reg_2_reg[24]/D      7.917         
in_reg_reg[3]/C                cir_shift_reg_2_reg[23]/D      7.928         
cir_shift_reg_0_reg[0]/C       out_reg_reg[3]/D               7.934         
in_reg_reg[3]/C                cir_shift_reg_2_reg[21]/D      7.936         
in_reg_reg[3]/C                cir_shift_reg_2_reg[22]/D      7.983         
in_reg_reg[3]/C                cir_shift_reg_2_reg[20]/D      8.006         
in_reg_reg[3]/C                cir_shift_reg_2_reg[19]/D      8.017         
in_reg_reg[3]/C                cir_shift_reg_2_reg[17]/D      8.025         
in_reg_reg[3]/C                cir_shift_reg_2_reg[18]/D      8.072         
cir_shift_reg_0_reg[0]/C       out_reg_reg[1]/D               8.077         
in_reg_reg[3]/C                cir_shift_reg_2_reg[16]/D      8.095         
cir_shift_reg_0_reg[0]/C       out_reg_reg[2]/D               8.102         
in_reg_reg[3]/C                cir_shift_reg_2_reg[15]/D      8.113         
in_reg_reg[3]/C                cir_shift_reg_2_reg[13]/D      8.121         
in_reg_reg[3]/C                cir_shift_reg_2_reg[14]/D      8.168         
in_reg_reg[3]/C                cir_shift_reg_2_reg[12]/D      8.191         
in_reg_reg[3]/C                cir_shift_reg_2_reg[11]/D      8.202         
cir_shift_reg_0_reg[0]/C       out_reg_reg[0]/D               8.207         
in_reg_reg[3]/C                cir_shift_reg_2_reg[9]/D       8.210         
in_reg_reg[3]/C                cir_shift_reg_2_reg[10]/D      8.257         
in_reg_reg[3]/C                cir_shift_reg_2_reg[8]/D       8.280         
in_reg_reg[3]/C                cir_shift_reg_2_reg[7]/D       8.291         
in_reg_reg[3]/C                cir_shift_reg_2_reg[5]/D       8.299         
in_reg_reg[3]/C                cir_shift_reg_2_reg[6]/D       8.346         
in_reg_reg[3]/C                cir_shift_reg_2_reg[4]/D       8.369         
cir_shift_reg_0_reg[0]/C       cir_shift_reg_2_reg[3]/D       8.496         
cir_shift_reg_0_reg[0]/C       cir_shift_reg_2_reg[2]/D       8.541         
cir_shift_reg_0_reg[0]/C       cir_shift_reg_2_reg[1]/D       8.645         
cir_shift_reg_0_reg[0]/C       cir_shift_reg_2_reg[0]/D       8.761         
cir_shift_reg_1_reg[17]/C      cir_shift_reg_0_reg[17]/D      8.949         
cir_shift_reg_1_reg[18]/C      cir_shift_reg_0_reg[18]/D      8.951         
cir_shift_reg_1_reg[24]/C      cir_shift_reg_0_reg[24]/D      8.958         
cir_shift_reg_1_reg[14]/C      cir_shift_reg_0_reg[14]/D      9.002         
cir_shift_reg_1_reg[22]/C      cir_shift_reg_0_reg[22]/D      9.002         
cir_shift_reg_1_reg[6]/C       cir_shift_reg_0_reg[6]/D       9.002         
cir_shift_reg_1_reg[21]/C      cir_shift_reg_0_reg[21]/D      9.008         
cir_shift_reg_1_reg[11]/C      cir_shift_reg_0_reg[11]/D      9.009         
cir_shift_reg_1_reg[13]/C      cir_shift_reg_0_reg[13]/D      9.009         
cir_shift_reg_1_reg[5]/C       cir_shift_reg_0_reg[5]/D       9.009         
cir_shift_reg_2_reg[14]/C      cir_shift_reg_1_reg[14]/D      9.037         
cir_shift_reg_1_reg[8]/C       cir_shift_reg_0_reg[8]/D       9.041         
cir_shift_reg_2_reg[6]/C       cir_shift_reg_1_reg[6]/D       9.058         
cir_shift_reg_2_reg[16]/C      cir_shift_reg_1_reg[16]/D      9.091         
cir_shift_reg_2_reg[27]/C      cir_shift_reg_1_reg[27]/D      9.094         
cir_shift_reg_1_reg[2]/C       cir_shift_reg_0_reg[2]/D       9.102         
cir_shift_reg_2_reg[18]/C      cir_shift_reg_1_reg[18]/D      9.108         
cir_shift_reg_2_reg[12]/C      cir_shift_reg_1_reg[12]/D      9.114         
cir_shift_reg_2_reg[20]/C      cir_shift_reg_1_reg[20]/D      9.114         
cir_shift_reg_2_reg[28]/C      cir_shift_reg_1_reg[28]/D      9.114         
cir_shift_reg_2_reg[4]/C       cir_shift_reg_1_reg[4]/D       9.114         
cir_shift_reg_2_reg[8]/C       cir_shift_reg_1_reg[8]/D       9.114         
cir_shift_reg_2_reg[22]/C      cir_shift_reg_1_reg[22]/D      9.120         
cir_shift_reg_2_reg[15]/C      cir_shift_reg_1_reg[15]/D      9.139         
cir_shift_reg_2_reg[7]/C       cir_shift_reg_1_reg[7]/D       9.139         
cir_shift_reg_2_reg[23]/C      cir_shift_reg_1_reg[23]/D      9.140         
cir_shift_reg_2_reg[13]/C      cir_shift_reg_1_reg[13]/D      9.163         
cir_shift_reg_2_reg[11]/C      cir_shift_reg_1_reg[11]/D      9.187         
cir_shift_reg_2_reg[0]/C       cir_shift_reg_1_reg[0]/D       9.194         
cir_shift_reg_2_reg[2]/C       cir_shift_reg_1_reg[2]/D       9.205         
cir_shift_reg_2_reg[17]/C      cir_shift_reg_1_reg[17]/D      9.212         
cir_shift_reg_2_reg[21]/C      cir_shift_reg_1_reg[21]/D      9.212         
cir_shift_reg_2_reg[29]/C      cir_shift_reg_1_reg[29]/D      9.212         
cir_shift_reg_2_reg[5]/C       cir_shift_reg_1_reg[5]/D       9.212         
cir_shift_reg_1_reg[29]/C      cir_shift_reg_0_reg[29]/D      9.226         
cir_shift_reg_2_reg[1]/C       cir_shift_reg_1_reg[1]/D       9.226         
cir_shift_reg_2_reg[19]/C      cir_shift_reg_1_reg[19]/D      9.229         
cir_shift_reg_2_reg[24]/C      cir_shift_reg_1_reg[24]/D      9.236         
cir_shift_reg_1_reg[27]/C      cir_shift_reg_0_reg[27]/D      9.242         
cir_shift_reg_1_reg[1]/C       cir_shift_reg_0_reg[1]/D       9.298         



