Copyright 1986-2018 Xilinx, Inc. All Rights Reserved.
---------------------------------------------------------------------------------------------------------------------------------------------------------------------------------------------------------------------
| Tool Version : Vivado v.2018.3 (lin64) Build 2405991 Thu Dec  6 23:36:41 MST 2018
| Date         : Thu Jan 13 01:27:05 2022
| Host         : koopa.ece.utexas.edu running 64-bit CentOS Linux release 7.9.2009 (Core)
| Command      : report_timing -sort_by group -max_paths 100 -path_type summary -file /misc/scratch/zwei1/reports_Jan12/raw_designs/vtr_designs/verilog/koios/gemm_layer_submodules/FpAddSub_b/post_route_timing.rpt
| Design       : FpAddSub_b
| Device       : 7z020-clg484
| Speed File   : -3  PRODUCTION 1.11 2014-09-11
---------------------------------------------------------------------------------------------------------------------------------------------------------------------------------------------------------------------

Timing Report

Startpoint                     Endpoint                       Slack(ns)     
----------------------------------------------------------------------------
Sb                             SumS_5[13]                     inf           
Sb                             SumS_5[8]                      inf           
Sb                             SumS_5[15]                     inf           
Sb                             SumS_5[14]                     inf           
Sb                             SumS_5[27]                     inf           
Sb                             SumS_5[11]                     inf           
Sb                             SumS_5[29]                     inf           
Sb                             SumS_5[24]                     inf           
Sb                             SumS_5[12]                     inf           
Sb                             SumS_5[10]                     inf           
Sb                             SumS_5[26]                     inf           
Sb                             SumS_5[30]                     inf           
Sb                             SumS_5[16]                     inf           
Sb                             SumS_5[9]                      inf           
Sb                             SumS_5[32]                     inf           
Sb                             SumS_5[25]                     inf           
Sb                             SumS_5[31]                     inf           
Sb                             SumS_5[28]                     inf           
Sb                             Shift[0]                       inf           
Sb                             Shift[3]                       inf           
Sb                             Shift[1]                       inf           
Sb                             Shift[4]                       inf           
Sb                             Shift[2]                       inf           
Sb                             SumS_5[23]                     inf           
Sb                             SumS_5[22]                     inf           
Sb                             SumS_5[20]                     inf           
Sb                             SumS_5[21]                     inf           
Sb                             SumS_5[19]                     inf           
Sb                             SumS_5[18]                     inf           
Sb                             SumS_5[17]                     inf           
Sb                             Opr                            inf           
Sa                             PSgn                           inf           



