Copyright 1986-2018 Xilinx, Inc. All Rights Reserved.
-----------------------------------------------------------------------------------------------------------------------------------------------------------------------------------------------------------------------
| Tool Version : Vivado v.2018.3 (lin64) Build 2405991 Thu Dec  6 23:36:41 MST 2018
| Date         : Wed Jan 12 03:02:04 2022
| Host         : koopa.ece.utexas.edu running 64-bit CentOS Linux release 7.9.2009 (Core)
| Command      : report_timing -sort_by group -max_paths 100 -path_type summary -file /misc/scratch/zwei1/reports_Jan12/raw_designs/vtr_designs/verilog/koios/gemm_layer_submodules/output_logic/post_route_timing.rpt
| Design       : output_logic
| Device       : 7z020-clg484
| Speed File   : -3  PRODUCTION 1.11 2014-09-11
-----------------------------------------------------------------------------------------------------------------------------------------------------------------------------------------------------------------------

Timing Report

Startpoint                     Endpoint                       Slack(ns)     
----------------------------------------------------------------------------
counter_reg[2]/C               c_data_out_12_reg[90]/CE       4.662         
counter_reg[2]/C               c_data_out_13_reg[90]/CE       4.662         
counter_reg[2]/C               c_data_out_14_reg[90]/CE       4.662         
counter_reg[2]/C               c_data_out_15_reg[90]/CE       4.662         
counter_reg[2]/C               c_data_out_15_reg[91]/CE       4.663         
counter_reg[2]/C               c_data_out_16_reg[90]/CE       4.666         
counter_reg[2]/C               c_data_out_17_reg[90]/CE       4.666         
counter_reg[2]/C               c_data_out_18_reg[90]/CE       4.666         
counter_reg[2]/C               c_data_out_19_reg[90]/CE       4.666         
counter_reg[2]/C               c_data_out_16_reg[7]/CE        4.721         
counter_reg[2]/C               c_data_out_17_reg[7]/CE        4.721         
counter_reg[2]/C               c_data_out_18_reg[7]/CE        4.721         
counter_reg[2]/C               c_data_out_19_reg[7]/CE        4.721         
counter_reg[2]/C               c_data_out_16_reg[91]/CE       4.758         
counter_reg[2]/C               c_data_out_17_reg[91]/CE       4.758         
counter_reg[2]/C               c_data_out_18_reg[91]/CE       4.758         
counter_reg[2]/C               c_data_out_19_reg[91]/CE       4.758         
counter_reg[2]/C               c_data_out_10_reg[90]/CE       4.761         
counter_reg[2]/C               c_data_out_11_reg[90]/CE       4.761         
counter_reg[2]/C               c_data_out_8_reg[90]/CE        4.761         
counter_reg[2]/C               c_data_out_9_reg[90]/CE        4.761         
counter_reg[2]/C               c_data_out_11_reg[91]/CE       4.770         
counter_reg[2]/C               c_data_out_12_reg[91]/CE       4.770         
counter_reg[2]/C               c_data_out_13_reg[91]/CE       4.770         
counter_reg[2]/C               c_data_out_14_reg[91]/CE       4.770         
counter_reg[2]/C               c_data_out_1_reg[82]/CE        4.771         
counter_reg[2]/C               c_data_out_reg[82]/CE          4.771         
counter_reg[2]/C               c_data_out_16_reg[84]/CE       4.784         
counter_reg[2]/C               c_data_out_17_reg[84]/CE       4.784         
counter_reg[2]/C               c_data_out_18_reg[84]/CE       4.784         
counter_reg[2]/C               c_data_out_19_reg[84]/CE       4.784         
counter_reg[2]/C               c_data_out_2_reg[107]/CE       4.788         
counter_reg[2]/C               c_data_out_3_reg[107]/CE       4.788         
counter_reg[2]/C               c_data_out_4_reg[107]/CE       4.788         
counter_reg[2]/C               c_data_out_5_reg[107]/CE       4.788         
counter_reg[2]/C               c_data_out_11_reg[107]/CE      4.791         
counter_reg[2]/C               c_data_out_1_reg[107]/CE       4.791         
counter_reg[2]/C               c_data_out_6_reg[107]/CE       4.791         
counter_reg[2]/C               c_data_out_reg[107]/CE         4.791         
counter_reg[2]/C               c_data_out_13_reg[106]/CE      4.794         
counter_reg[2]/C               c_data_out_14_reg[106]/CE      4.794         
counter_reg[2]/C               c_data_out_15_reg[106]/CE      4.794         
counter_reg[2]/C               c_data_out_10_reg[106]/CE      4.806         
counter_reg[2]/C               c_data_out_11_reg[106]/CE      4.806         
counter_reg[2]/C               c_data_out_12_reg[106]/CE      4.806         
counter_reg[2]/C               c_data_out_9_reg[106]/CE       4.806         
counter_reg[2]/C               c_data_out_16_reg[80]/CE       4.807         
counter_reg[2]/C               c_data_out_17_reg[80]/CE       4.807         
counter_reg[2]/C               c_data_out_18_reg[80]/CE       4.807         
counter_reg[2]/C               c_data_out_19_reg[80]/CE       4.807         
counter_reg[2]/C               c_data_out_12_reg[84]/CE       4.808         
counter_reg[2]/C               c_data_out_13_reg[84]/CE       4.808         
counter_reg[2]/C               c_data_out_14_reg[84]/CE       4.808         
counter_reg[2]/C               c_data_out_15_reg[84]/CE       4.808         
counter_reg[2]/C               c_data_out_12_reg[7]/CE        4.820         
counter_reg[2]/C               c_data_out_13_reg[7]/CE        4.820         
counter_reg[2]/C               c_data_out_14_reg[7]/CE        4.820         
counter_reg[2]/C               c_data_out_15_reg[7]/CE        4.820         
counter_reg[2]/C               c_data_out_10_reg[80]/CE       4.821         
counter_reg[2]/C               c_data_out_11_reg[80]/CE       4.821         
counter_reg[2]/C               c_data_out_8_reg[80]/CE        4.821         
counter_reg[2]/C               c_data_out_9_reg[80]/CE        4.821         
counter_reg[2]/C               c_data_out_10_reg[91]/CE       4.826         
counter_reg[2]/C               c_data_out_7_reg[91]/CE        4.826         
counter_reg[2]/C               c_data_out_8_reg[91]/CE        4.826         
counter_reg[2]/C               c_data_out_9_reg[91]/CE        4.826         
counter_reg[2]/C               c_data_out_1_reg[106]/CE       4.831         
counter_reg[2]/C               c_data_out_2_reg[106]/CE       4.831         
counter_reg[2]/C               c_data_out_3_reg[106]/CE       4.831         
counter_reg[2]/C               c_data_out_4_reg[106]/CE       4.831         
counter_reg[2]/C               c_data_out_13_reg[8]/CE        4.832         
counter_reg[2]/C               c_data_out_14_reg[8]/CE        4.832         
counter_reg[2]/C               c_data_out_15_reg[8]/CE        4.832         
counter_reg[2]/C               c_data_out_12_reg[89]/CE       4.845         
counter_reg[2]/C               c_data_out_13_reg[89]/CE       4.845         
counter_reg[2]/C               c_data_out_14_reg[89]/CE       4.845         
counter_reg[2]/C               c_data_out_15_reg[89]/CE       4.845         
counter_reg[2]/C               c_data_out_1_reg[80]/CE        4.846         
counter_reg[2]/C               c_data_out_2_reg[80]/CE        4.846         
counter_reg[2]/C               c_data_out_3_reg[80]/CE        4.846         
counter_reg[2]/C               c_data_out_reg[80]/CE          4.846         
counter_reg[2]/C               c_data_out_12_reg[80]/CE       4.849         
counter_reg[2]/C               c_data_out_13_reg[80]/CE       4.849         
counter_reg[2]/C               c_data_out_14_reg[80]/CE       4.849         
counter_reg[2]/C               c_data_out_15_reg[80]/CE       4.849         
counter_reg[2]/C               c_data_out_3_reg[91]/CE        4.852         
counter_reg[2]/C               c_data_out_4_reg[91]/CE        4.852         
counter_reg[2]/C               c_data_out_5_reg[91]/CE        4.852         
counter_reg[2]/C               c_data_out_6_reg[91]/CE        4.852         
counter_reg[2]/C               c_data_out_7_reg[6]/CE         4.856         
counter_reg[2]/C               c_data_out_2_reg[82]/CE        4.860         
counter_reg[2]/C               c_data_out_3_reg[82]/CE        4.860         
counter_reg[2]/C               c_data_out_4_reg[82]/CE        4.860         
counter_reg[2]/C               c_data_out_5_reg[82]/CE        4.860         
counter_reg[2]/C               c_data_out_5_reg[106]/CE       4.862         
counter_reg[2]/C               c_data_out_6_reg[106]/CE       4.862         
counter_reg[2]/C               c_data_out_7_reg[106]/CE       4.862         
counter_reg[2]/C               c_data_out_8_reg[106]/CE       4.862         
counter_reg[2]/C               c_data_out_16_reg[105]/CE      4.870         
counter_reg[2]/C               c_data_out_17_reg[105]/CE      4.870         



