Copyright 1986-2018 Xilinx, Inc. All Rights Reserved.
-----------------------------------------------------------------------------------------------------------------------------------------------------------------------------------------------------------
| Tool Version : Vivado v.2018.3 (lin64) Build 2405991 Thu Dec  6 23:36:41 MST 2018
| Date         : Thu Jan 13 17:27:08 2022
| Host         : koopa.ece.utexas.edu running 64-bit CentOS Linux release 7.9.2009 (Core)
| Command      : report_timing -sort_by group -max_paths 100 -path_type summary -file /misc/scratch/zwei1/reports_Jan12/raw_designs/vtr_designs/verilog/spree_submodules/pipereg_w26/post_route_timing.rpt
| Design       : pipereg_w26
| Device       : 7z020-clg484
| Speed File   : -3  PRODUCTION 1.11 2014-09-11
-----------------------------------------------------------------------------------------------------------------------------------------------------------------------------------------------------------

Timing Report

Startpoint                     Endpoint                       Slack(ns)     
----------------------------------------------------------------------------
squashn                        q_reg[0]/R                     inf           
squashn                        q_reg[19]/R                    inf           
squashn                        q_reg[1]/R                     inf           
squashn                        q_reg[21]/R                    inf           
squashn                        q_reg[24]/R                    inf           
squashn                        q_reg[25]/R                    inf           
squashn                        q_reg[5]/R                     inf           
squashn                        q_reg[8]/R                     inf           
squashn                        q_reg[11]/R                    inf           
squashn                        q_reg[12]/R                    inf           
squashn                        q_reg[13]/R                    inf           
squashn                        q_reg[15]/R                    inf           
squashn                        q_reg[20]/R                    inf           
squashn                        q_reg[23]/R                    inf           
squashn                        q_reg[3]/R                     inf           
squashn                        q_reg[4]/R                     inf           
squashn                        q_reg[6]/R                     inf           
squashn                        q_reg[7]/R                     inf           
squashn                        q_reg[10]/R                    inf           
squashn                        q_reg[14]/R                    inf           
squashn                        q_reg[16]/R                    inf           
squashn                        q_reg[17]/R                    inf           
squashn                        q_reg[18]/R                    inf           
squashn                        q_reg[22]/R                    inf           
squashn                        q_reg[2]/R                     inf           
squashn                        q_reg[9]/R                     inf           
en                             q_reg[0]/CE                    inf           
d[0]                           q_reg[0]/D                     inf           
en                             q_reg[10]/CE                   inf           
d[10]                          q_reg[10]/D                    inf           
en                             q_reg[11]/CE                   inf           
d[11]                          q_reg[11]/D                    inf           
en                             q_reg[12]/CE                   inf           
d[12]                          q_reg[12]/D                    inf           
en                             q_reg[13]/CE                   inf           
d[13]                          q_reg[13]/D                    inf           
en                             q_reg[14]/CE                   inf           
d[14]                          q_reg[14]/D                    inf           
en                             q_reg[15]/CE                   inf           
d[15]                          q_reg[15]/D                    inf           
en                             q_reg[16]/CE                   inf           
d[16]                          q_reg[16]/D                    inf           
en                             q_reg[17]/CE                   inf           
d[17]                          q_reg[17]/D                    inf           
en                             q_reg[18]/CE                   inf           
d[18]                          q_reg[18]/D                    inf           
en                             q_reg[19]/CE                   inf           
d[19]                          q_reg[19]/D                    inf           
en                             q_reg[1]/CE                    inf           
d[1]                           q_reg[1]/D                     inf           
en                             q_reg[20]/CE                   inf           
d[20]                          q_reg[20]/D                    inf           
en                             q_reg[21]/CE                   inf           
d[21]                          q_reg[21]/D                    inf           
en                             q_reg[22]/CE                   inf           
d[22]                          q_reg[22]/D                    inf           
en                             q_reg[23]/CE                   inf           
d[23]                          q_reg[23]/D                    inf           
en                             q_reg[24]/CE                   inf           
d[24]                          q_reg[24]/D                    inf           
en                             q_reg[25]/CE                   inf           
d[25]                          q_reg[25]/D                    inf           
en                             q_reg[2]/CE                    inf           
d[2]                           q_reg[2]/D                     inf           
en                             q_reg[3]/CE                    inf           
d[3]                           q_reg[3]/D                     inf           
en                             q_reg[4]/CE                    inf           
d[4]                           q_reg[4]/D                     inf           
en                             q_reg[5]/CE                    inf           
d[5]                           q_reg[5]/D                     inf           
en                             q_reg[6]/CE                    inf           
d[6]                           q_reg[6]/D                     inf           
en                             q_reg[7]/CE                    inf           
d[7]                           q_reg[7]/D                     inf           
en                             q_reg[8]/CE                    inf           
d[8]                           q_reg[8]/D                     inf           
en                             q_reg[9]/CE                    inf           
d[9]                           q_reg[9]/D                     inf           
q_reg[11]/C                    q[11]                          inf           
q_reg[15]/C                    q[15]                          inf           
q_reg[18]/C                    q[18]                          inf           
q_reg[22]/C                    q[22]                          inf           
q_reg[24]/C                    q[24]                          inf           
q_reg[25]/C                    q[25]                          inf           
q_reg[2]/C                     q[2]                           inf           
q_reg[4]/C                     q[4]                           inf           
q_reg[5]/C                     q[5]                           inf           
q_reg[6]/C                     q[6]                           inf           
q_reg[8]/C                     q[8]                           inf           
q_reg[9]/C                     q[9]                           inf           
q_reg[0]/C                     q[0]                           inf           
q_reg[10]/C                    q[10]                          inf           
q_reg[12]/C                    q[12]                          inf           
q_reg[13]/C                    q[13]                          inf           
q_reg[14]/C                    q[14]                          inf           
q_reg[16]/C                    q[16]                          inf           
q_reg[17]/C                    q[17]                          inf           
q_reg[19]/C                    q[19]                          inf           
q_reg[1]/C                     q[1]                           inf           
q_reg[20]/C                    q[20]                          inf           



