Copyright 1986-2018 Xilinx, Inc. All Rights Reserved.
-------------------------------------------------------------------------------------------------------------------------------------------------------------------------------------------------------
| Tool Version : Vivado v.2018.3 (lin64) Build 2405991 Thu Dec  6 23:36:41 MST 2018
| Date         : Tue Jan 11 22:52:20 2022
| Host         : koopa.ece.utexas.edu running 64-bit CentOS Linux release 7.9.2009 (Core)
| Command      : report_timing -sort_by group -max_paths 100 -path_type summary -file /misc/scratch/zwei1/reports_Jan12/raw_designs/vtr_designs/verilog/bgm_submodules/post_norm/post_route_timing.rpt
| Design       : post_norm
| Device       : 7z020-clg484
| Speed File   : -3  PRODUCTION 1.11 2014-09-11
-------------------------------------------------------------------------------------------------------------------------------------------------------------------------------------------------------

Timing Report

Startpoint                     Endpoint                       Slack(ns)     
----------------------------------------------------------------------------
fract_in[6]                    out[2]                         inf           
fract_in[6]                    out[1]                         inf           
fract_in[6]                    out[3]                         inf           
fract_in[6]                    out[20]                        inf           
fract_in[6]                    out[12]                        inf           
fract_in[6]                    out[10]                        inf           
fract_in[6]                    out[15]                        inf           
fract_in[6]                    out[19]                        inf           
fract_in[6]                    out[7]                         inf           
fract_in[6]                    out[16]                        inf           
fract_in[6]                    out[14]                        inf           
fract_in[6]                    out[4]                         inf           
fract_in[6]                    out[13]                        inf           
fract_in[6]                    out[11]                        inf           
fract_in[6]                    out[6]                         inf           
fract_in[6]                    out[22]                        inf           
fract_in[6]                    out[18]                        inf           
fract_in[6]                    out[9]                         inf           
fract_in[6]                    out[0]                         inf           
fract_in[6]                    out[8]                         inf           
fract_in[6]                    out[5]                         inf           
fract_in[6]                    out[21]                        inf           
fract_in[6]                    out[17]                        inf           
fract_in[6]                    overflow                       inf           
fract_in[6]                    out[25]                        inf           
fract_in[6]                    underflow                      inf           
fract_in[6]                    out[23]                        inf           
fract_in[6]                    out[30]                        inf           
fract_in[6]                    out[26]                        inf           
fract_in[6]                    out[29]                        inf           
fract_in[6]                    out[24]                        inf           
fract_in[6]                    out[28]                        inf           
fract_in[6]                    out[27]                        inf           
fract_in[6]                    ine                            inf           
fract_in[6]                    u7/shift_out_reg[15]/D         inf           
fract_in[6]                    u7/shift_out_reg[47]/D         inf           
fract_in[6]                    u7/shift_out_reg[31]/D         inf           
fract_in[6]                    u7/shift_out_reg[38]/D         inf           
fract_in[6]                    u7/shift_out_reg[39]/D         inf           
fract_in[6]                    u7/shift_out_reg[46]/D         inf           
fract_in[6]                    u7/shift_out_reg[13]/D         inf           
fract_in[6]                    u7/shift_out_reg[24]/D         inf           
fract_in[6]                    u7/shift_out_reg[37]/D         inf           
fract_in[6]                    u7/shift_out_reg[43]/D         inf           
fract_in[6]                    u7/shift_out_reg[27]/D         inf           
fract_in[6]                    u7/shift_out_reg[30]/D         inf           
fract_in[6]                    u7/shift_out_reg[12]/D         inf           
fract_in[6]                    u7/shift_out_reg[45]/D         inf           
fract_in[6]                    u7/shift_out_reg[8]/D          inf           
fract_in[6]                    u7/shift_out_reg[40]/D         inf           
fract_in[6]                    u7/shift_out_reg[23]/D         inf           
fract_in[6]                    u7/shift_out_reg[32]/D         inf           
fract_in[6]                    u7/shift_out_reg[14]/D         inf           
fract_in[6]                    u7/shift_out_reg[11]/D         inf           
fract_in[6]                    u7/shift_out_reg[44]/D         inf           
fract_in[6]                    u7/shift_out_reg[28]/D         inf           
fract_in[6]                    u7/shift_out_reg[22]/D         inf           
fract_in[6]                    u7/shift_out_reg[10]/D         inf           
fract_in[6]                    u7/shift_out_reg[9]/D          inf           
fract_in[6]                    u7/shift_out_reg[41]/D         inf           
fract_in[6]                    u7/shift_out_reg[26]/D         inf           
fract_in[6]                    u7/shift_out_reg[29]/D         inf           
fract_in[6]                    u7/shift_out_reg[25]/D         inf           
fract_in[6]                    u7/shift_out_reg[16]/D         inf           
fract_in[6]                    u7/shift_out_reg[36]/D         inf           
fract_in[6]                    u7/shift_out_reg[21]/D         inf           
fract_in[6]                    u7/shift_out_reg[42]/D         inf           
fract_in[6]                    u7/shift_out_reg[33]/D         inf           
fract_in[6]                    u7/shift_out_reg[6]/D          inf           
fract_in[6]                    u7/shift_out_reg[20]/D         inf           
fract_in[6]                    u7/shift_out_reg[17]/D         inf           
fract_in[6]                    u7/shift_out_reg[19]/D         inf           
fract_in[6]                    u7/shift_out_reg[4]/D          inf           
fract_in[6]                    u7/shift_out_reg[5]/D          inf           
fract_in[6]                    u7/shift_out_reg[35]/D         inf           
fract_in[6]                    u7/shift_out_reg[2]/D          inf           
fract_in[6]                    u7/shift_out_reg[34]/D         inf           
fract_in[6]                    u7/shift_out_reg[7]/D          inf           
fract_in[6]                    u7/shift_out_reg[18]/D         inf           
fract_in[6]                    u7/shift_out_reg[3]/D          inf           
fract_in[6]                    u7/shift_out_reg[1]/D          inf           
fract_in[6]                    u7/shift_out_reg[0]/D          inf           
fract_in[6]                    u1/shift_out_reg[1]/D          inf           
fract_in[6]                    u1/shift_out_reg[33]/D         inf           
fract_in[6]                    u1/shift_out_reg[14]/D         inf           
fract_in[6]                    u1/shift_out_reg[38]/D         inf           
fract_in[6]                    u1/shift_out_reg[17]/D         inf           
fract_in[6]                    u1/shift_out_reg[4]/D          inf           
fract_in[6]                    u1/shift_out_reg[8]/D          inf           
fract_in[6]                    u1/shift_out_reg[24]/D         inf           
fract_in[6]                    u1/shift_out_reg[20]/D         inf           
fract_in[6]                    u1/shift_out_reg[28]/D         inf           
fract_in[6]                    u1/shift_out_reg[32]/D         inf           
fract_in[6]                    u1/shift_out_reg[47]/D         inf           
fract_in[6]                    u1/shift_out_reg[6]/D          inf           
fract_in[6]                    u1/shift_out_reg[12]/D         inf           
fract_in[6]                    u1/shift_out_reg[13]/D         inf           
fract_in[6]                    u1/shift_out_reg[10]/D         inf           
fract_in[6]                    u1/shift_out_reg[5]/D          inf           
fract_in[6]                    u1/shift_out_reg[9]/D          inf           



