Copyright 1986-2018 Xilinx, Inc. All Rights Reserved.
----------------------------------------------------------------------------------------------------------------------------------------------------------------------------------------------------------------------------------------------------
| Tool Version : Vivado v.2018.3 (lin64) Build 2405991 Thu Dec  6 23:36:41 MST 2018
| Date         : Wed Jan 12 23:00:40 2022
| Host         : koopa.ece.utexas.edu running 64-bit CentOS Linux release 7.9.2009 (Core)
| Command      : report_timing -sort_by group -max_paths 100 -path_type summary -file /misc/scratch/zwei1/reports_Jan12/raw_designs/vtr_designs/verilog/koios/clstm_like.large_submodules/elementwise_mult_core_18_18_10_48_1/post_route_timing.rpt
| Design       : elementwise_mult_core_18_18_10_48_1
| Device       : 7z020-clg484
| Speed File   : -3  PRODUCTION 1.11 2014-09-11
----------------------------------------------------------------------------------------------------------------------------------------------------------------------------------------------------------------------------------------------------

Timing Report

Startpoint                     Endpoint                       Slack(ns)     
----------------------------------------------------------------------------
dsp_signed_mult_18x18_unit_18_18_1_inst46/reg_ay_reg[17]/C
                               dsp_signed_mult_18x18_unit_18_18_1_inst46/reg_resa_reg/OPMODE[4]
                                                              7.323         
dsp_signed_mult_18x18_unit_18_18_1_inst46/reg_ay_reg[17]/C
                               dsp_signed_mult_18x18_unit_18_18_1_inst46/reg_resa_reg/OPMODE[5]
                                                              7.323         
dsp_signed_mult_18x18_unit_18_18_1_inst28/reg_ay_reg[17]/C
                               dsp_signed_mult_18x18_unit_18_18_1_inst28/reg_resa_reg/OPMODE[4]
                                                              7.351         
dsp_signed_mult_18x18_unit_18_18_1_inst28/reg_ay_reg[17]/C
                               dsp_signed_mult_18x18_unit_18_18_1_inst28/reg_resa_reg/OPMODE[5]
                                                              7.351         
dsp_signed_mult_18x18_unit_18_18_1_inst16/reg_ay_reg[17]/C
                               dsp_signed_mult_18x18_unit_18_18_1_inst16/reg_resa_reg/OPMODE[4]
                                                              7.368         
dsp_signed_mult_18x18_unit_18_18_1_inst16/reg_ay_reg[17]/C
                               dsp_signed_mult_18x18_unit_18_18_1_inst16/reg_resa_reg/OPMODE[5]
                                                              7.368         
dsp_signed_mult_18x18_unit_18_18_1_inst22/reg_ay_reg[17]/C
                               dsp_signed_mult_18x18_unit_18_18_1_inst22/reg_resa_reg/OPMODE[4]
                                                              7.398         
dsp_signed_mult_18x18_unit_18_18_1_inst22/reg_ay_reg[17]/C
                               dsp_signed_mult_18x18_unit_18_18_1_inst22/reg_resa_reg/OPMODE[5]
                                                              7.398         
dsp_signed_mult_18x18_unit_18_18_1_inst26/reg_by_reg[17]/C
                               dsp_signed_mult_18x18_unit_18_18_1_inst26/reg_resb_reg/OPMODE[4]
                                                              7.450         
dsp_signed_mult_18x18_unit_18_18_1_inst26/reg_by_reg[17]/C
                               dsp_signed_mult_18x18_unit_18_18_1_inst26/reg_resb_reg/OPMODE[5]
                                                              7.450         
dsp_signed_mult_18x18_unit_18_18_1_inst6/reg_ay_reg[17]/C
                               dsp_signed_mult_18x18_unit_18_18_1_inst6/reg_resa_reg/OPMODE[4]
                                                              7.454         
dsp_signed_mult_18x18_unit_18_18_1_inst6/reg_ay_reg[17]/C
                               dsp_signed_mult_18x18_unit_18_18_1_inst6/reg_resa_reg/OPMODE[5]
                                                              7.454         
dsp_signed_mult_18x18_unit_18_18_1_inst24/reg_by_reg[17]/C
                               dsp_signed_mult_18x18_unit_18_18_1_inst24/reg_resb_reg/OPMODE[4]
                                                              7.457         
dsp_signed_mult_18x18_unit_18_18_1_inst24/reg_by_reg[17]/C
                               dsp_signed_mult_18x18_unit_18_18_1_inst24/reg_resb_reg/OPMODE[5]
                                                              7.457         
dsp_signed_mult_18x18_unit_18_18_1_inst44/reg_ay_reg[17]/C
                               dsp_signed_mult_18x18_unit_18_18_1_inst44/reg_resa_reg/OPMODE[4]
                                                              7.464         
dsp_signed_mult_18x18_unit_18_18_1_inst44/reg_ay_reg[17]/C
                               dsp_signed_mult_18x18_unit_18_18_1_inst44/reg_resa_reg/OPMODE[5]
                                                              7.464         
dsp_signed_mult_18x18_unit_18_18_1_inst14/reg_ay_reg[17]/C
                               dsp_signed_mult_18x18_unit_18_18_1_inst14/reg_resa_reg/OPMODE[4]
                                                              7.465         
dsp_signed_mult_18x18_unit_18_18_1_inst14/reg_ay_reg[17]/C
                               dsp_signed_mult_18x18_unit_18_18_1_inst14/reg_resa_reg/OPMODE[5]
                                                              7.465         
dsp_signed_mult_18x18_unit_18_18_1_inst10/reg_by_reg[17]/C
                               dsp_signed_mult_18x18_unit_18_18_1_inst10/reg_resb_reg/OPMODE[4]
                                                              7.468         
dsp_signed_mult_18x18_unit_18_18_1_inst10/reg_by_reg[17]/C
                               dsp_signed_mult_18x18_unit_18_18_1_inst10/reg_resb_reg/OPMODE[5]
                                                              7.468         
dsp_signed_mult_18x18_unit_18_18_1_inst12/reg_by_reg[17]/C
                               dsp_signed_mult_18x18_unit_18_18_1_inst12/reg_resb_reg/OPMODE[4]
                                                              7.489         
dsp_signed_mult_18x18_unit_18_18_1_inst12/reg_by_reg[17]/C
                               dsp_signed_mult_18x18_unit_18_18_1_inst12/reg_resb_reg/OPMODE[5]
                                                              7.489         
dsp_signed_mult_18x18_unit_18_18_1_inst0/reg_ay_reg[17]/C
                               dsp_signed_mult_18x18_unit_18_18_1_inst0/reg_resa_reg/OPMODE[4]
                                                              7.503         
dsp_signed_mult_18x18_unit_18_18_1_inst0/reg_ay_reg[17]/C
                               dsp_signed_mult_18x18_unit_18_18_1_inst0/reg_resa_reg/OPMODE[5]
                                                              7.503         
dsp_signed_mult_18x18_unit_18_18_1_inst6/reg_by_reg[17]/C
                               dsp_signed_mult_18x18_unit_18_18_1_inst6/reg_resb_reg/OPMODE[4]
                                                              7.511         
dsp_signed_mult_18x18_unit_18_18_1_inst6/reg_by_reg[17]/C
                               dsp_signed_mult_18x18_unit_18_18_1_inst6/reg_resb_reg/OPMODE[5]
                                                              7.511         
dsp_signed_mult_18x18_unit_18_18_1_inst8/reg_by_reg[17]/C
                               dsp_signed_mult_18x18_unit_18_18_1_inst8/reg_resb_reg/OPMODE[4]
                                                              7.511         
dsp_signed_mult_18x18_unit_18_18_1_inst8/reg_by_reg[17]/C
                               dsp_signed_mult_18x18_unit_18_18_1_inst8/reg_resb_reg/OPMODE[5]
                                                              7.511         
dsp_signed_mult_18x18_unit_18_18_1_inst34/reg_by_reg[17]/C
                               dsp_signed_mult_18x18_unit_18_18_1_inst34/reg_resb_reg/OPMODE[4]
                                                              7.518         
dsp_signed_mult_18x18_unit_18_18_1_inst34/reg_by_reg[17]/C
                               dsp_signed_mult_18x18_unit_18_18_1_inst34/reg_resb_reg/OPMODE[5]
                                                              7.518         
dsp_signed_mult_18x18_unit_18_18_1_inst36/reg_ay_reg[17]/C
                               dsp_signed_mult_18x18_unit_18_18_1_inst36/reg_resa_reg/OPMODE[4]
                                                              7.528         
dsp_signed_mult_18x18_unit_18_18_1_inst36/reg_ay_reg[17]/C
                               dsp_signed_mult_18x18_unit_18_18_1_inst36/reg_resa_reg/OPMODE[5]
                                                              7.528         
dsp_signed_mult_18x18_unit_18_18_1_inst8/reg_ay_reg[17]/C
                               dsp_signed_mult_18x18_unit_18_18_1_inst8/reg_resa_reg/OPMODE[4]
                                                              7.534         
dsp_signed_mult_18x18_unit_18_18_1_inst8/reg_ay_reg[17]/C
                               dsp_signed_mult_18x18_unit_18_18_1_inst8/reg_resa_reg/OPMODE[5]
                                                              7.534         
dsp_signed_mult_18x18_unit_18_18_1_inst26/reg_ay_reg[17]/C
                               dsp_signed_mult_18x18_unit_18_18_1_inst26/reg_resa_reg/OPMODE[4]
                                                              7.534         
dsp_signed_mult_18x18_unit_18_18_1_inst26/reg_ay_reg[17]/C
                               dsp_signed_mult_18x18_unit_18_18_1_inst26/reg_resa_reg/OPMODE[5]
                                                              7.534         
dsp_signed_mult_18x18_unit_18_18_1_inst34/reg_ay_reg[17]/C
                               dsp_signed_mult_18x18_unit_18_18_1_inst34/reg_resa_reg/OPMODE[4]
                                                              7.547         
dsp_signed_mult_18x18_unit_18_18_1_inst34/reg_ay_reg[17]/C
                               dsp_signed_mult_18x18_unit_18_18_1_inst34/reg_resa_reg/OPMODE[5]
                                                              7.547         
dsp_signed_mult_18x18_unit_18_18_1_inst32/reg_by_reg[17]/C
                               dsp_signed_mult_18x18_unit_18_18_1_inst32/reg_resb_reg/OPMODE[4]
                                                              7.553         
dsp_signed_mult_18x18_unit_18_18_1_inst32/reg_by_reg[17]/C
                               dsp_signed_mult_18x18_unit_18_18_1_inst32/reg_resb_reg/OPMODE[5]
                                                              7.553         
dsp_signed_mult_18x18_unit_18_18_1_inst4/reg_ay_reg[17]/C
                               dsp_signed_mult_18x18_unit_18_18_1_inst4/reg_resa_reg/OPMODE[4]
                                                              7.553         
dsp_signed_mult_18x18_unit_18_18_1_inst4/reg_ay_reg[17]/C
                               dsp_signed_mult_18x18_unit_18_18_1_inst4/reg_resa_reg/OPMODE[5]
                                                              7.553         
dsp_signed_mult_18x18_unit_18_18_1_inst42/reg_by_reg[17]/C
                               dsp_signed_mult_18x18_unit_18_18_1_inst42/reg_resb_reg/OPMODE[4]
                                                              7.553         
dsp_signed_mult_18x18_unit_18_18_1_inst42/reg_by_reg[17]/C
                               dsp_signed_mult_18x18_unit_18_18_1_inst42/reg_resb_reg/OPMODE[5]
                                                              7.553         
dsp_signed_mult_18x18_unit_18_18_1_inst18/reg_by_reg[17]/C
                               dsp_signed_mult_18x18_unit_18_18_1_inst18/reg_resb_reg/OPMODE[4]
                                                              7.556         
dsp_signed_mult_18x18_unit_18_18_1_inst18/reg_by_reg[17]/C
                               dsp_signed_mult_18x18_unit_18_18_1_inst18/reg_resb_reg/OPMODE[5]
                                                              7.556         
dsp_signed_mult_18x18_unit_18_18_1_inst36/reg_by_reg[17]/C
                               dsp_signed_mult_18x18_unit_18_18_1_inst36/reg_resb_reg/OPMODE[4]
                                                              7.559         
dsp_signed_mult_18x18_unit_18_18_1_inst36/reg_by_reg[17]/C
                               dsp_signed_mult_18x18_unit_18_18_1_inst36/reg_resb_reg/OPMODE[5]
                                                              7.559         
dsp_signed_mult_18x18_unit_18_18_1_inst30/reg_by_reg[17]/C
                               dsp_signed_mult_18x18_unit_18_18_1_inst30/reg_resb_reg/OPMODE[4]
                                                              7.576         
dsp_signed_mult_18x18_unit_18_18_1_inst30/reg_by_reg[17]/C
                               dsp_signed_mult_18x18_unit_18_18_1_inst30/reg_resb_reg/OPMODE[5]
                                                              7.576         
dsp_signed_mult_18x18_unit_18_18_1_inst38/reg_by_reg[17]/C
                               dsp_signed_mult_18x18_unit_18_18_1_inst38/reg_resb_reg/OPMODE[4]
                                                              7.576         
dsp_signed_mult_18x18_unit_18_18_1_inst38/reg_by_reg[17]/C
                               dsp_signed_mult_18x18_unit_18_18_1_inst38/reg_resb_reg/OPMODE[5]
                                                              7.576         
dsp_signed_mult_18x18_unit_18_18_1_inst20/reg_ay_reg[17]/C
                               dsp_signed_mult_18x18_unit_18_18_1_inst20/reg_resa_reg/OPMODE[4]
                                                              7.577         
dsp_signed_mult_18x18_unit_18_18_1_inst20/reg_ay_reg[17]/C
                               dsp_signed_mult_18x18_unit_18_18_1_inst20/reg_resa_reg/OPMODE[5]
                                                              7.577         
dsp_signed_mult_18x18_unit_18_18_1_inst24/reg_ay_reg[17]/C
                               dsp_signed_mult_18x18_unit_18_18_1_inst24/reg_resa_reg/OPMODE[4]
                                                              7.577         
dsp_signed_mult_18x18_unit_18_18_1_inst24/reg_ay_reg[17]/C
                               dsp_signed_mult_18x18_unit_18_18_1_inst24/reg_resa_reg/OPMODE[5]
                                                              7.577         
dsp_signed_mult_18x18_unit_18_18_1_inst28/reg_by_reg[17]/C
                               dsp_signed_mult_18x18_unit_18_18_1_inst28/reg_resb_reg/OPMODE[4]
                                                              7.577         
dsp_signed_mult_18x18_unit_18_18_1_inst28/reg_by_reg[17]/C
                               dsp_signed_mult_18x18_unit_18_18_1_inst28/reg_resb_reg/OPMODE[5]
                                                              7.577         
dsp_signed_mult_18x18_unit_18_18_1_inst20/reg_by_reg[17]/C
                               dsp_signed_mult_18x18_unit_18_18_1_inst20/reg_resb_reg/OPMODE[4]
                                                              7.580         
dsp_signed_mult_18x18_unit_18_18_1_inst20/reg_by_reg[17]/C
                               dsp_signed_mult_18x18_unit_18_18_1_inst20/reg_resb_reg/OPMODE[5]
                                                              7.580         
dsp_signed_mult_18x18_unit_18_18_1_inst12/reg_ay_reg[17]/C
                               dsp_signed_mult_18x18_unit_18_18_1_inst12/reg_resa_reg/OPMODE[4]
                                                              7.583         
dsp_signed_mult_18x18_unit_18_18_1_inst12/reg_ay_reg[17]/C
                               dsp_signed_mult_18x18_unit_18_18_1_inst12/reg_resa_reg/OPMODE[5]
                                                              7.583         
dsp_signed_mult_18x18_unit_18_18_1_inst2/reg_ay_reg[17]/C
                               dsp_signed_mult_18x18_unit_18_18_1_inst2/reg_resa_reg/OPMODE[4]
                                                              7.583         
dsp_signed_mult_18x18_unit_18_18_1_inst2/reg_ay_reg[17]/C
                               dsp_signed_mult_18x18_unit_18_18_1_inst2/reg_resa_reg/OPMODE[5]
                                                              7.583         
dsp_signed_mult_18x18_unit_18_18_1_inst16/reg_by_reg[17]/C
                               dsp_signed_mult_18x18_unit_18_18_1_inst16/reg_resb_reg/OPMODE[4]
                                                              7.596         
dsp_signed_mult_18x18_unit_18_18_1_inst16/reg_by_reg[17]/C
                               dsp_signed_mult_18x18_unit_18_18_1_inst16/reg_resb_reg/OPMODE[5]
                                                              7.596         
dsp_signed_mult_18x18_unit_18_18_1_inst44/reg_by_reg[17]/C
                               dsp_signed_mult_18x18_unit_18_18_1_inst44/reg_resb_reg/OPMODE[4]
                                                              7.599         
dsp_signed_mult_18x18_unit_18_18_1_inst44/reg_by_reg[17]/C
                               dsp_signed_mult_18x18_unit_18_18_1_inst44/reg_resb_reg/OPMODE[5]
                                                              7.599         
dsp_signed_mult_18x18_unit_18_18_1_inst18/reg_ay_reg[17]/C
                               dsp_signed_mult_18x18_unit_18_18_1_inst18/reg_resa_reg/OPMODE[4]
                                                              7.605         
dsp_signed_mult_18x18_unit_18_18_1_inst18/reg_ay_reg[17]/C
                               dsp_signed_mult_18x18_unit_18_18_1_inst18/reg_resa_reg/OPMODE[5]
                                                              7.605         
dsp_signed_mult_18x18_unit_18_18_1_inst22/reg_by_reg[17]/C
                               dsp_signed_mult_18x18_unit_18_18_1_inst22/reg_resb_reg/OPMODE[4]
                                                              7.605         
dsp_signed_mult_18x18_unit_18_18_1_inst22/reg_by_reg[17]/C
                               dsp_signed_mult_18x18_unit_18_18_1_inst22/reg_resb_reg/OPMODE[5]
                                                              7.605         
dsp_signed_mult_18x18_unit_18_18_1_inst14/reg_by_reg[17]/C
                               dsp_signed_mult_18x18_unit_18_18_1_inst14/reg_resb_reg/OPMODE[4]
                                                              7.625         
dsp_signed_mult_18x18_unit_18_18_1_inst14/reg_by_reg[17]/C
                               dsp_signed_mult_18x18_unit_18_18_1_inst14/reg_resb_reg/OPMODE[5]
                                                              7.625         
dsp_signed_mult_18x18_unit_18_18_1_inst10/reg_ay_reg[17]/C
                               dsp_signed_mult_18x18_unit_18_18_1_inst10/reg_resa_reg/OPMODE[4]
                                                              7.641         
dsp_signed_mult_18x18_unit_18_18_1_inst10/reg_ay_reg[17]/C
                               dsp_signed_mult_18x18_unit_18_18_1_inst10/reg_resa_reg/OPMODE[5]
                                                              7.641         
dsp_signed_mult_18x18_unit_18_18_1_inst0/reg_by_reg[17]/C
                               dsp_signed_mult_18x18_unit_18_18_1_inst0/reg_resb_reg/OPMODE[4]
                                                              7.676         
dsp_signed_mult_18x18_unit_18_18_1_inst0/reg_by_reg[17]/C
                               dsp_signed_mult_18x18_unit_18_18_1_inst0/reg_resb_reg/OPMODE[5]
                                                              7.676         
dsp_signed_mult_18x18_unit_18_18_1_inst30/reg_ay_reg[17]/C
                               dsp_signed_mult_18x18_unit_18_18_1_inst30/reg_resa_reg/OPMODE[4]
                                                              7.676         
dsp_signed_mult_18x18_unit_18_18_1_inst30/reg_ay_reg[17]/C
                               dsp_signed_mult_18x18_unit_18_18_1_inst30/reg_resa_reg/OPMODE[5]
                                                              7.676         
dsp_signed_mult_18x18_unit_18_18_1_inst38/reg_ay_reg[17]/C
                               dsp_signed_mult_18x18_unit_18_18_1_inst38/reg_resa_reg/OPMODE[4]
                                                              7.676         
dsp_signed_mult_18x18_unit_18_18_1_inst38/reg_ay_reg[17]/C
                               dsp_signed_mult_18x18_unit_18_18_1_inst38/reg_resa_reg/OPMODE[5]
                                                              7.676         
dsp_signed_mult_18x18_unit_18_18_1_inst40/reg_ay_reg[17]/C
                               dsp_signed_mult_18x18_unit_18_18_1_inst40/reg_resa_reg/OPMODE[4]
                                                              7.676         
dsp_signed_mult_18x18_unit_18_18_1_inst40/reg_ay_reg[17]/C
                               dsp_signed_mult_18x18_unit_18_18_1_inst40/reg_resa_reg/OPMODE[5]
                                                              7.676         
dsp_signed_mult_18x18_unit_18_18_1_inst40/reg_by_reg[17]/C
                               dsp_signed_mult_18x18_unit_18_18_1_inst40/reg_resb_reg/OPMODE[4]
                                                              7.676         
dsp_signed_mult_18x18_unit_18_18_1_inst40/reg_by_reg[17]/C
                               dsp_signed_mult_18x18_unit_18_18_1_inst40/reg_resb_reg/OPMODE[5]
                                                              7.676         
dsp_signed_mult_18x18_unit_18_18_1_inst42/reg_ay_reg[17]/C
                               dsp_signed_mult_18x18_unit_18_18_1_inst42/reg_resa_reg/OPMODE[4]
                                                              7.676         
dsp_signed_mult_18x18_unit_18_18_1_inst42/reg_ay_reg[17]/C
                               dsp_signed_mult_18x18_unit_18_18_1_inst42/reg_resa_reg/OPMODE[5]
                                                              7.676         
dsp_signed_mult_18x18_unit_18_18_1_inst46/reg_by_reg[17]/C
                               dsp_signed_mult_18x18_unit_18_18_1_inst46/reg_resb_reg/OPMODE[4]
                                                              7.676         
dsp_signed_mult_18x18_unit_18_18_1_inst46/reg_by_reg[17]/C
                               dsp_signed_mult_18x18_unit_18_18_1_inst46/reg_resb_reg/OPMODE[5]
                                                              7.676         
dsp_signed_mult_18x18_unit_18_18_1_inst2/reg_by_reg[17]/C
                               dsp_signed_mult_18x18_unit_18_18_1_inst2/reg_resb_reg/OPMODE[4]
                                                              7.676         
dsp_signed_mult_18x18_unit_18_18_1_inst2/reg_by_reg[17]/C
                               dsp_signed_mult_18x18_unit_18_18_1_inst2/reg_resb_reg/OPMODE[5]
                                                              7.676         
dsp_signed_mult_18x18_unit_18_18_1_inst4/reg_by_reg[17]/C
                               dsp_signed_mult_18x18_unit_18_18_1_inst4/reg_resb_reg/OPMODE[4]
                                                              7.685         
dsp_signed_mult_18x18_unit_18_18_1_inst4/reg_by_reg[17]/C
                               dsp_signed_mult_18x18_unit_18_18_1_inst4/reg_resb_reg/OPMODE[5]
                                                              7.685         
dsp_signed_mult_18x18_unit_18_18_1_inst46/reg_resa_reg/CLK
                               fp_rounding_unit_1_37_10_inst46/ceil_reg[17]/D
                                                              7.686         
dsp_signed_mult_18x18_unit_18_18_1_inst46/reg_resa_reg/CLK
                               fp_rounding_unit_1_37_10_inst46/ceil_reg[16]/D
                                                              7.700         
dsp_signed_mult_18x18_unit_18_18_1_inst46/reg_resa_reg/CLK
                               fp_rounding_unit_1_37_10_inst46/ceil_reg[14]/D
                                                              7.704         
dsp_signed_mult_18x18_unit_18_18_1_inst32/reg_ay_reg[17]/C
                               dsp_signed_mult_18x18_unit_18_18_1_inst32/reg_resa_reg/OPMODE[4]
                                                              7.706         
dsp_signed_mult_18x18_unit_18_18_1_inst32/reg_ay_reg[17]/C
                               dsp_signed_mult_18x18_unit_18_18_1_inst32/reg_resa_reg/OPMODE[5]
                                                              7.706         
dsp_signed_mult_18x18_unit_18_18_1_inst46/reg_resa_reg/CLK
                               fp_rounding_unit_1_37_10_inst46/ceil_reg[15]/D
                                                              7.753         



